Archive member included to satisfy reference by file (symbol)

/opt/gcc-arm/bin/../lib/gcc/arm-none-eabi/14.2.1/../../../../arm-none-eabi/lib/thumb/v7-m/nofp/libc_nano.a(libc_a-exit.o)
                              /opt/gcc-arm/bin/../lib/gcc/arm-none-eabi/14.2.1/../../../../arm-none-eabi/lib/thumb/v7-m/nofp/crt0.o (exit)
/opt/gcc-arm/bin/../lib/gcc/arm-none-eabi/14.2.1/../../../../arm-none-eabi/lib/thumb/v7-m/nofp/libc_nano.a(libc_a-findfp.o)
                              /opt/gcc-arm/bin/../lib/gcc/arm-none-eabi/14.2.1/../../../../arm-none-eabi/lib/thumb/v7-m/nofp/libc_nano.a(libc_a-exit.o) (__stdio_exit_handler)
/opt/gcc-arm/bin/../lib/gcc/arm-none-eabi/14.2.1/../../../../arm-none-eabi/lib/thumb/v7-m/nofp/libc_nano.a(libc_a-fwalk.o)
                              /opt/gcc-arm/bin/../lib/gcc/arm-none-eabi/14.2.1/../../../../arm-none-eabi/lib/thumb/v7-m/nofp/libc_nano.a(libc_a-findfp.o) (_fwalk_sglue)
/opt/gcc-arm/bin/../lib/gcc/arm-none-eabi/14.2.1/../../../../arm-none-eabi/lib/thumb/v7-m/nofp/libc_nano.a(libc_a-sprintf.o)
                              build/Cu_main.o (sprintf)
/opt/gcc-arm/bin/../lib/gcc/arm-none-eabi/14.2.1/../../../../arm-none-eabi/lib/thumb/v7-m/nofp/libc_nano.a(libc_a-stdio.o)
                              /opt/gcc-arm/bin/../lib/gcc/arm-none-eabi/14.2.1/../../../../arm-none-eabi/lib/thumb/v7-m/nofp/libc_nano.a(libc_a-findfp.o) (__sread)
/opt/gcc-arm/bin/../lib/gcc/arm-none-eabi/14.2.1/../../../../arm-none-eabi/lib/thumb/v7-m/nofp/libc_nano.a(libc_a-memset.o)
                              /opt/gcc-arm/bin/../lib/gcc/arm-none-eabi/14.2.1/../../../../arm-none-eabi/lib/thumb/v7-m/nofp/crt0.o (memset)
/opt/gcc-arm/bin/../lib/gcc/arm-none-eabi/14.2.1/../../../../arm-none-eabi/lib/thumb/v7-m/nofp/libc_nano.a(libc_a-closer.o)
                              /opt/gcc-arm/bin/../lib/gcc/arm-none-eabi/14.2.1/../../../../arm-none-eabi/lib/thumb/v7-m/nofp/libc_nano.a(libc_a-stdio.o) (_close_r)
/opt/gcc-arm/bin/../lib/gcc/arm-none-eabi/14.2.1/../../../../arm-none-eabi/lib/thumb/v7-m/nofp/libc_nano.a(libc_a-reent.o)
                              /opt/gcc-arm/bin/../lib/gcc/arm-none-eabi/14.2.1/../../../../arm-none-eabi/lib/thumb/v7-m/nofp/libc_nano.a(libc_a-closer.o) (errno)
/opt/gcc-arm/bin/../lib/gcc/arm-none-eabi/14.2.1/../../../../arm-none-eabi/lib/thumb/v7-m/nofp/libc_nano.a(libc_a-impure.o)
                              /opt/gcc-arm/bin/../lib/gcc/arm-none-eabi/14.2.1/../../../../arm-none-eabi/lib/thumb/v7-m/nofp/libc_nano.a(libc_a-sprintf.o) (_impure_ptr)
/opt/gcc-arm/bin/../lib/gcc/arm-none-eabi/14.2.1/../../../../arm-none-eabi/lib/thumb/v7-m/nofp/libc_nano.a(libc_a-lseekr.o)
                              /opt/gcc-arm/bin/../lib/gcc/arm-none-eabi/14.2.1/../../../../arm-none-eabi/lib/thumb/v7-m/nofp/libc_nano.a(libc_a-stdio.o) (_lseek_r)
/opt/gcc-arm/bin/../lib/gcc/arm-none-eabi/14.2.1/../../../../arm-none-eabi/lib/thumb/v7-m/nofp/libc_nano.a(libc_a-readr.o)
                              /opt/gcc-arm/bin/../lib/gcc/arm-none-eabi/14.2.1/../../../../arm-none-eabi/lib/thumb/v7-m/nofp/libc_nano.a(libc_a-stdio.o) (_read_r)
/opt/gcc-arm/bin/../lib/gcc/arm-none-eabi/14.2.1/../../../../arm-none-eabi/lib/thumb/v7-m/nofp/libc_nano.a(libc_a-writer.o)
                              /opt/gcc-arm/bin/../lib/gcc/arm-none-eabi/14.2.1/../../../../arm-none-eabi/lib/thumb/v7-m/nofp/libc_nano.a(libc_a-stdio.o) (_write_r)
/opt/gcc-arm/bin/../lib/gcc/arm-none-eabi/14.2.1/../../../../arm-none-eabi/lib/thumb/v7-m/nofp/libc_nano.a(libc_a-init.o)
                              /opt/gcc-arm/bin/../lib/gcc/arm-none-eabi/14.2.1/../../../../arm-none-eabi/lib/thumb/v7-m/nofp/crt0.o (__libc_init_array)
/opt/gcc-arm/bin/../lib/gcc/arm-none-eabi/14.2.1/../../../../arm-none-eabi/lib/thumb/v7-m/nofp/libc_nano.a(libc_a-lock.o)
                              /opt/gcc-arm/bin/../lib/gcc/arm-none-eabi/14.2.1/../../../../arm-none-eabi/lib/thumb/v7-m/nofp/libc_nano.a(libc_a-findfp.o) (__retarget_lock_init_recursive)
/opt/gcc-arm/bin/../lib/gcc/arm-none-eabi/14.2.1/../../../../arm-none-eabi/lib/thumb/v7-m/nofp/libc_nano.a(libc_a-strcpy.o)
                              build/Cu_main.o (strcpy)
/opt/gcc-arm/bin/../lib/gcc/arm-none-eabi/14.2.1/../../../../arm-none-eabi/lib/thumb/v7-m/nofp/libc_nano.a(libc_a-memcpy-stub.o)
                              build/Cu_main.o (memcpy)
/opt/gcc-arm/bin/../lib/gcc/arm-none-eabi/14.2.1/../../../../arm-none-eabi/lib/thumb/v7-m/nofp/libc_nano.a(libc_a-strlen.o)
                              build/Cu_main.o (strlen)
/opt/gcc-arm/bin/../lib/gcc/arm-none-eabi/14.2.1/../../../../arm-none-eabi/lib/thumb/v7-m/nofp/libc_nano.a(libc_a-freer.o)
                              /opt/gcc-arm/bin/../lib/gcc/arm-none-eabi/14.2.1/../../../../arm-none-eabi/lib/thumb/v7-m/nofp/libc_nano.a(libc_a-reent.o) (_free_r)
/opt/gcc-arm/bin/../lib/gcc/arm-none-eabi/14.2.1/../../../../arm-none-eabi/lib/thumb/v7-m/nofp/libc_nano.a(libc_a-mallocr.o)
[...]
Memory Configuration

Name             Origin             Length             Attributes
RAM              0x20000000         0x00005000         xrw
FLASH            0x08000000         0x00010000         xr
*default*        0x00000000         0xffffffff

Linker script and memory map

LOAD /opt/gcc-arm/bin/../lib/gcc/arm-none-eabi/14.2.1/thumb/v7-m/nofp/crti.o
LOAD /opt/gcc-arm/bin/../lib/gcc/arm-none-eabi/14.2.1/thumb/v7-m/nofp/crtbegin.o
LOAD /opt/gcc-arm/bin/../lib/gcc/arm-none-eabi/14.2.1/../../../../arm-none-eabi/lib/thumb/v7-m/nofp/crt0.o
LOAD build/stm32f1xx_hal_gpio_ex.o
LOAD build/stm32f1xx_hal_can.o
LOAD build/stm32f1xx_hal.o
LOAD build/stm32f1xx_hal_rcc.o
LOAD build/stm32f1xx_hal_rcc_ex.o
LOAD build/stm32f1xx_hal_gpio.o
LOAD build/stm32f1xx_hal_dma.o
LOAD build/stm32f1xx_hal_cortex.o
LOAD build/stm32f1xx_hal_pwr.o
LOAD build/stm32f1xx_hal_flash.o
LOAD build/stm32f1xx_hal_flash_ex.o
LOAD build/stm32f1xx_hal_exti.o
LOAD build/stm32f1xx_hal_uart.o
LOAD build/Cu_main.o
LOAD build/can_al.o
LOAD build/uart_al.o
LOAD build/debug.o
LOAD build/sd_al.o
LOAD build/main.o
LOAD build/gpio.o
LOAD build/can.o
LOAD build/usart.o
LOAD build/stm32f1xx_it.o
LOAD build/stm32f1xx_hal_msp.o
LOAD build/system_stm32f1xx.o
LOAD build/spi.o
LOAD build/user_diskio.o
LOAD build/fatfs.o
LOAD build/stm32f1xx_hal_spi.o
LOAD build/diskio.o
LOAD build/ff.o
LOAD build/ff_gen_drv.o
LOAD build/syscall.o
LOAD build/fatfs_sd.o
LOAD build/startup_stm32f103xb.o
LOAD /opt/gcc-arm/bin/../lib/gcc/arm-none-eabi/14.2.1/../../../../arm-none-eabi/lib/thumb/v7-m/nofp/libc_nano.a
LOAD /opt/gcc-arm/bin/../lib/gcc/arm-none-eabi/14.2.1/../../../../arm-none-eabi/lib/thumb/v7-m/nofp/libm.a
LOAD /opt/gcc-arm/bin/../lib/gcc/arm-none-eabi/14.2.1/../../../../arm-none-eabi/lib/thumb/v7-m/nofp/libnosys.a
START GROUP
LOAD /opt/gcc-arm/bin/../lib/gcc/arm-none-eabi/14.2.1/thumb/v7-m/nofp/libgcc.a
LOAD /opt/gcc-arm/bin/../lib/gcc/arm-none-eabi/14.2.1/../../../../arm-none-eabi/lib/thumb/v7-m/nofp/libc_nano.a
END GROUP
START GROUP
LOAD /opt/gcc-arm/bin/../lib/gcc/arm-none-eabi/14.2.1/thumb/v7-m/nofp/libgcc.a
LOAD /opt/gcc-arm/bin/../lib/gcc/arm-none-eabi/14.2.1/../../../../arm-none-eabi/lib/thumb/v7-m/nofp/libc_nano.a
END GROUP
LOAD /opt/gcc-arm/bin/../lib/gcc/arm-none-eabi/14.2.1/thumb/v7-m/nofp/crtend.o
LOAD /opt/gcc-arm/bin/../lib/gcc/arm-none-eabi/14.2.1/thumb/v7-m/nofp/crtn.o
                0x20005000                        _estack = (ORIGIN (RAM) + LENGTH (RAM))
                0x00000200                        _Min_Heap_Size = 0x200
                0x00000400                        _Min_Stack_Size = 0x400

.isr_vector     0x08000000      0x10c
                0x08000000                        . = ALIGN (0x4)
 *(.isr_vector)
 .isr_vector    0x08000000      0x10c build/startup_stm32f103xb.o
                0x08000000                g_pfnVectors
                0x0800010c                        . = ALIGN (0x4)

.text           0x0800010c     0x58d0
                0x0800010c                        . = ALIGN (0x4)
 *(.text)
 .text          0x0800010c       0x10 /opt/gcc-arm/bin/../lib/gcc/arm-none-eabi/14.2.1/../../../../arm-none-eabi/lib/thumb/v7-m/nofp/libc_nano.a(libc_a-strlen.o)
                0x0800010c                strlen
 .text          0x0800011c      0x254 /opt/gcc-arm/bin/../lib/gcc/arm-none-eabi/14.2.1/thumb/v7-m/nofp/libgcc.a(_arm_muldf3.o)
                0x0800011c                __aeabi_dmul
                0x0800011c                __muldf3
 .text          0x08000370      0x378 /opt/gcc-arm/bin/../lib/gcc/arm-none-eabi/14.2.1/thumb/v7-m/nofp/libgcc.a(_arm_addsubdf3.o)
                0x08000370                __aeabi_drsub
                0x08000378                __aeabi_dsub
                0x08000378                __subdf3
                0x0800037c                __adddf3
                0x0800037c                __aeabi_dadd
                0x080005f4                __aeabi_ui2d
                0x080005f4                __floatunsidf
                0x08000614                __floatsidf
                0x08000614                __aeabi_i2d
                0x08000638                __extendsfdf2
                0x08000638                __aeabi_f2d
                0x0800067c                __aeabi_ul2d
                0x0800067c                __floatundidf
                0x0800068c                __floatdidf
                0x0800068c                __aeabi_l2d
 .text          0x080006e8       0x40 /opt/gcc-arm/bin/../lib/gcc/arm-none-eabi/14.2.1/thumb/v7-m/nofp/libgcc.a(_arm_fixunsdfsi.o)
                0x080006e8                __fixunsdfsi
                0x080006e8                __aeabi_d2uiz
 *(.text*)
 .text.deregister_tm_clones
                0x08000728       0x1c /opt/gcc-arm/bin/../lib/gcc/arm-none-eabi/14.2.1/thumb/v7-m/nofp/crtbegin.o
 .text.register_tm_clones
                0x08000744       0x24 /opt/gcc-arm/bin/../lib/gcc/arm-none-eabi/14.2.1/thumb/v7-m/nofp/crtbegin.o
 .text.__do_global_dtors_aux
                0x08000768       0x28 /opt/gcc-arm/bin/../lib/gcc/arm-none-eabi/14.2.1/thumb/v7-m/nofp/crtbegin.o
 .text.frame_dummy
                0x08000790       0x24 /opt/gcc-arm/bin/../lib/gcc/arm-none-eabi/14.2.1/thumb/v7-m/nofp/crtbegin.o
 .text.HAL_CAN_Init
                0x080007b4      0x14c build/stm32f1xx_hal_can.o
                0x080007b4                HAL_CAN_Init
 .text.HAL_CAN_ConfigFilter
                0x08000900      0x10c build/stm32f1xx_hal_can.o
                0x08000900                HAL_CAN_ConfigFilter
 .text.HAL_CAN_Start
                0x08000a0c       0x5c build/stm32f1xx_hal_can.o
                0x08000a0c                HAL_CAN_Start
 .text.HAL_CAN_GetRxMessage
                0x08000a68      0x16a build/stm32f1xx_hal_can.o
                0x08000a68                HAL_CAN_GetRxMessage
 .text.HAL_CAN_ActivateNotification
                0x08000bd2       0x24 build/stm32f1xx_hal_can.o
                0x08000bd2                HAL_CAN_ActivateNotification
 .text.HAL_CAN_TxMailbox0CompleteCallback
                0x08000bf6        0x2 build/stm32f1xx_hal_can.o
                0x08000bf6                HAL_CAN_TxMailbox0CompleteCallback
 .text.HAL_CAN_TxMailbox1CompleteCallback
                0x08000bf8        0x2 build/stm32f1xx_hal_can.o
                0x08000bf8                HAL_CAN_TxMailbox1CompleteCallback
 .text.HAL_CAN_TxMailbox2CompleteCallback
                0x08000bfa        0x2 build/stm32f1xx_hal_can.o
                0x08000bfa                HAL_CAN_TxMailbox2CompleteCallback
 .text.HAL_CAN_TxMailbox0AbortCallback
                0x08000bfc        0x2 build/stm32f1xx_hal_can.o
                0x08000bfc                HAL_CAN_TxMailbox0AbortCallback
 .text.HAL_CAN_TxMailbox1AbortCallback
                0x08000bfe        0x2 build/stm32f1xx_hal_can.o
                0x08000bfe                HAL_CAN_TxMailbox1AbortCallback
 .text.HAL_CAN_TxMailbox2AbortCallback
                0x08000c00        0x2 build/stm32f1xx_hal_can.o
                0x08000c00                HAL_CAN_TxMailbox2AbortCallback
 .text.HAL_CAN_RxFifo0FullCallback
                0x08000c02        0x2 build/stm32f1xx_hal_can.o
                0x08000c02                HAL_CAN_RxFifo0FullCallback
 .text.HAL_CAN_RxFifo1MsgPendingCallback
                0x08000c04        0x2 build/stm32f1xx_hal_can.o
                0x08000c04                HAL_CAN_RxFifo1MsgPendingCallback
 .text.HAL_CAN_RxFifo1FullCallback
                0x08000c06        0x2 build/stm32f1xx_hal_can.o
                0x08000c06                HAL_CAN_RxFifo1FullCallback
 .text.HAL_CAN_SleepCallback
                0x08000c08        0x2 build/stm32f1xx_hal_can.o
                0x08000c08                HAL_CAN_SleepCallback
 .text.HAL_CAN_WakeUpFromRxMsgCallback
                0x08000c0a        0x2 build/stm32f1xx_hal_can.o
                0x08000c0a                HAL_CAN_WakeUpFromRxMsgCallback
 .text.HAL_CAN_ErrorCallback
                0x08000c0c        0x2 build/stm32f1xx_hal_can.o
                0x08000c0c                HAL_CAN_ErrorCallback
 .text.HAL_CAN_IRQHandler
                0x08000c0e      0x250 build/stm32f1xx_hal_can.o
                0x08000c0e                HAL_CAN_IRQHandler
 *fill*         0x08000e5e        0x2 
 .text.HAL_InitTick
                0x08000e60       0x4c build/stm32f1xx_hal.o
                0x08000e60                HAL_InitTick
 .text.HAL_Init
                0x08000eac       0x24 build/stm32f1xx_hal.o
                0x08000eac                HAL_Init
 .text.HAL_IncTick
                0x08000ed0       0x18 build/stm32f1xx_hal.o
                0x08000ed0                HAL_IncTick
 .text.HAL_GetTick
                0x08000ee8        0xc build/stm32f1xx_hal.o
                0x08000ee8                HAL_GetTick
 .text.HAL_Delay
                0x08000ef4       0x28 build/stm32f1xx_hal.o
                0x08000ef4                HAL_Delay
 .text.RCC_Delay
                0x08000f1c       0x2c build/stm32f1xx_hal_rcc.o
 .text.HAL_RCC_OscConfig
                0x08000f48      0x410 build/stm32f1xx_hal_rcc.o
                0x08000f48                HAL_RCC_OscConfig
 .text.HAL_RCC_GetSysClockFreq
                0x08001358       0x54 build/stm32f1xx_hal_rcc.o
                0x08001358                HAL_RCC_GetSysClockFreq
 .text.HAL_RCC_ClockConfig
                0x080013ac      0x16c build/stm32f1xx_hal_rcc.o
                0x080013ac                HAL_RCC_ClockConfig
 .text.HAL_RCC_GetHCLKFreq
                0x08001518        0xc build/stm32f1xx_hal_rcc.o
                0x08001518                HAL_RCC_GetHCLKFreq
 .text.HAL_RCC_GetPCLK1Freq
                0x08001524       0x20 build/stm32f1xx_hal_rcc.o
                0x08001524                HAL_RCC_GetPCLK1Freq
 .text.HAL_RCC_GetPCLK2Freq
                0x08001544       0x20 build/stm32f1xx_hal_rcc.o
                0x08001544                HAL_RCC_GetPCLK2Freq
 .text.HAL_GPIO_Init
                0x08001564      0x214 build/stm32f1xx_hal_gpio.o
                0x08001564                HAL_GPIO_Init
 .text.HAL_GPIO_WritePin
                0x08001778        0xc build/stm32f1xx_hal_gpio.o
                0x08001778                HAL_GPIO_WritePin
 .text.__NVIC_SetPriority
                0x08001784       0x28 build/stm32f1xx_hal_cortex.o
 .text.NVIC_EncodePriority
                0x080017ac       0x3e build/stm32f1xx_hal_cortex.o
 *fill*         0x080017ea        0x2 
 .text.HAL_NVIC_SetPriorityGrouping
                0x080017ec       0x24 build/stm32f1xx_hal_cortex.o
                0x080017ec                HAL_NVIC_SetPriorityGrouping
 .text.HAL_NVIC_SetPriority
                0x08001810       0x20 build/stm32f1xx_hal_cortex.o
                0x08001810                HAL_NVIC_SetPriority
 .text.HAL_NVIC_EnableIRQ
                0x08001830       0x1c build/stm32f1xx_hal_cortex.o
                0x08001830                HAL_NVIC_EnableIRQ
 .text.HAL_SYSTICK_Config
                0x0800184c       0x28 build/stm32f1xx_hal_cortex.o
                0x0800184c                HAL_SYSTICK_Config
 .text.UART_EndRxTransfer
                0x08001874       0x5c build/stm32f1xx_hal_uart.o
 .text.UART_SetConfig
                0x080018d0       0x94 build/stm32f1xx_hal_uart.o
 .text.UART_WaitOnFlagUntilTimeout
                0x08001964       0x86 build/stm32f1xx_hal_uart.o
 .text.HAL_UART_Init
                0x080019ea       0x60 build/stm32f1xx_hal_uart.o
                0x080019ea                HAL_UART_Init
 .text.HAL_UART_Transmit
                0x08001a4a       0xca build/stm32f1xx_hal_uart.o
                0x08001a4a                HAL_UART_Transmit
 .text.bufsize  0x08001b14       0x12 build/Cu_main.o
                0x08001b14                bufsize
 *fill*         0x08001b26        0x2 
 .text.clear_buffer
                0x08001b28       0x18 build/Cu_main.o
                0x08001b28                clear_buffer
 .text.myprintf
                0x08001b40       0x1c build/Cu_main.o
                0x08001b40                myprintf
 .text.open_append
                0x08001b5c       0x2a build/Cu_main.o
                0x08001b5c                open_append
 *fill*         0x08001b86        0x2 
 .text.Cu_main  0x08001b88      0x2c8 build/Cu_main.o
                0x08001b88                Cu_main
 .text.HAL_CAN_RxFifo0MsgPendingCallback
                0x08001e50       0x24 build/can_al.o
                0x08001e50                HAL_CAN_RxFifo0MsgPendingCallback
 .text.CAN_Start
                0x08001e74       0x2c build/can_al.o
                0x08001e74                CAN_Start
 .text.CAN_Add_Filter_Discrete
                0x08001ea0       0x80 build/can_al.o
                0x08001ea0                CAN_Add_Filter_Discrete
 .text.CAN_Unpack_RX_2Byte
                0x08001f20       0x30 build/can_al.o
                0x08001f20                CAN_Unpack_RX_2Byte
 .text.Error_Handler
                0x08001f50        0x4 build/main.o
                0x08001f50                Error_Handler
 .text.SystemClock_Config
                0x08001f54       0x52 build/main.o
                0x08001f54                SystemClock_Config
 .text.main     0x08001fa6       0x24 build/main.o
                0x08001fa6                main
 *fill*         0x08001fca        0x2 
 .text.MX_GPIO_Init
                0x08001fcc       0x78 build/gpio.o
                0x08001fcc                MX_GPIO_Init
 .text.MX_CAN_Init
                0x08002044       0x40 build/can.o
                0x08002044                MX_CAN_Init
 .text.HAL_CAN_MspInit
                0x08002084       0x84 build/can.o
                0x08002084                HAL_CAN_MspInit
 .text.MX_USART1_UART_Init
                0x08002108       0x34 build/usart.o
                0x08002108                MX_USART1_UART_Init
 .text.HAL_UART_MspInit
                0x0800213c       0x7c build/usart.o
                0x0800213c                HAL_UART_MspInit
 .text.SDTimer_Handler
                0x080021b8       0x2c build/stm32f1xx_it.o
                0x080021b8                SDTimer_Handler
 .text.NMI_Handler
                0x080021e4        0x2 build/stm32f1xx_it.o
                0x080021e4                NMI_Handler
 .text.HardFault_Handler
                0x080021e6        0x2 build/stm32f1xx_it.o
                0x080021e6                HardFault_Handler
 .text.MemManage_Handler
                0x080021e8        0x2 build/stm32f1xx_it.o
                0x080021e8                MemManage_Handler
 .text.BusFault_Handler
                0x080021ea        0x2 build/stm32f1xx_it.o
                0x080021ea                BusFault_Handler
 .text.UsageFault_Handler
                0x080021ec        0x2 build/stm32f1xx_it.o
                0x080021ec                UsageFault_Handler
 .text.SVC_Handler
                0x080021ee        0x2 build/stm32f1xx_it.o
                0x080021ee                SVC_Handler
 .text.DebugMon_Handler
                0x080021f0        0x2 build/stm32f1xx_it.o
                0x080021f0                DebugMon_Handler
 .text.PendSV_Handler
                0x080021f2        0x2 build/stm32f1xx_it.o
                0x080021f2                PendSV_Handler
 .text.SysTick_Handler
                0x080021f4       0x28 build/stm32f1xx_it.o
                0x080021f4                SysTick_Handler
 .text.USB_LP_CAN1_RX0_IRQHandler
                0x0800221c       0x10 build/stm32f1xx_it.o
                0x0800221c                USB_LP_CAN1_RX0_IRQHandler
 .text.HAL_MspInit
                0x0800222c       0x44 build/stm32f1xx_hal_msp.o
                0x0800222c                HAL_MspInit
 .text.SystemInit
                0x08002270        0x2 build/system_stm32f1xx.o
                0x08002270                SystemInit
 *fill*         0x08002272        0x2 
 .text.MX_SPI1_Init
                0x08002274       0x44 build/spi.o
                0x08002274                MX_SPI1_Init
 .text.HAL_SPI_MspInit
                0x080022b8       0x78 build/spi.o
                0x080022b8                HAL_SPI_MspInit
 .text.USER_initialize
                0x08002330        0x8 build/user_diskio.o
                0x08002330                USER_initialize
 .text.USER_status
                0x08002338        0x8 build/user_diskio.o
                0x08002338                USER_status
 .text.USER_read
                0x08002340        0x8 build/user_diskio.o
                0x08002340                USER_read
 .text.USER_write
                0x08002348        0x8 build/user_diskio.o
                0x08002348                USER_write
 .text.USER_ioctl
                0x08002350        0x8 build/user_diskio.o
                0x08002350                USER_ioctl
 .text.MX_FATFS_Init
                0x08002358       0x1c build/fatfs.o
                0x08002358                MX_FATFS_Init
 .text.get_fattime
                0x08002374        0x4 build/fatfs.o
                0x08002374                get_fattime
 .text.SPI_WaitFlagStateUntilTimeout
                0x08002378       0xc8 build/stm32f1xx_hal_spi.o
 .text.SPI_EndRxTxTransaction
                0x08002440       0x44 build/stm32f1xx_hal_spi.o
 .text.HAL_SPI_Init
                0x08002484       0xb6 build/stm32f1xx_hal_spi.o
                0x08002484                HAL_SPI_Init
 .text.HAL_SPI_Transmit
                0x0800253a      0x1c4 build/stm32f1xx_hal_spi.o
                0x0800253a                HAL_SPI_Transmit
 .text.HAL_SPI_TransmitReceive
                0x080026fe      0x252 build/stm32f1xx_hal_spi.o
                0x080026fe                HAL_SPI_TransmitReceive
 .text.disk_status
                0x08002950       0x18 build/diskio.o
                0x08002950                disk_status
 .text.disk_initialize
                0x08002968       0x28 build/diskio.o
                0x08002968                disk_initialize
 .text.disk_read
                0x08002990       0x18 build/diskio.o
                0x08002990                disk_read
 .text.disk_write
                0x080029a8       0x18 build/diskio.o
                0x080029a8                disk_write
 .text.disk_ioctl
                0x080029c0       0x18 build/diskio.o
                0x080029c0                disk_ioctl
 .text.mem_cpy  0x080029d8       0x14 build/ff.o
 .text.mem_set  0x080029ec       0x10 build/ff.o
 .text.mem_cmp  0x080029fc       0x1e build/ff.o
 .text.chk_chr  0x08002a1a       0x10 build/ff.o
 *fill*         0x08002a2a        0x2 
 .text.chk_lock
                0x08002a2c       0x8c build/ff.o
 .text.enq_lock
                0x08002ab8       0x24 build/ff.o
 .text.inc_lock
                0x08002adc       0xcc build/ff.o
 .text.dec_lock
                0x08002ba8       0x4c build/ff.o
 .text.clear_lock
                0x08002bf4       0x44 build/ff.o
 .text.clmt_clust
                0x08002c38       0x2e build/ff.o
 .text.ld_clust
                0x08002c66       0x22 build/ff.o
 .text.st_clust
                0x08002c88       0x14 build/ff.o
 .text.get_fileinfo
                0x08002c9c       0x7a build/ff.o
 *fill*         0x08002d16        0x2 
 .text.create_name
                0x08002d18      0x114 build/ff.o
 .text.get_ldnumber
                0x08002e2c       0x4e build/ff.o
 .text.sync_window
                0x08002e7a       0x5e build/ff.o
 .text.move_window
                0x08002ed8       0x3a build/ff.o
 *fill*         0x08002f12        0x2 
 .text.check_fs
                0x08002f14       0x90 build/ff.o
 .text.validate
                0x08002fa4       0x34 build/ff.o
 .text.find_volume
                0x08002fd8      0x3e4 build/ff.o
 .text.sync_fs  0x080033bc       0xc2 build/ff.o
 .text.clust2sect
                0x0800347e       0x1e build/ff.o
                0x0800347e                clust2sect
 .text.get_fat  0x0800349c      0x114 build/ff.o
                0x0800349c                get_fat
 .text.dir_sdi  0x080035b0       0xd2 build/ff.o
 .text.put_fat  0x08003682      0x14a build/ff.o
                0x08003682                put_fat
 .text.create_chain
                0x080037cc       0xce build/ff.o
 .text.dir_next
                0x0800389a      0x160 build/ff.o
 .text.dir_find
                0x080039fa       0x56 build/ff.o
 .text.follow_path
                0x08003a50       0x88 build/ff.o
 .text.dir_alloc
                0x08003ad8       0x54 build/ff.o
 .text.dir_register
                0x08003b2c       0x4a build/ff.o
 .text.remove_chain
                0x08003b76       0x74 build/ff.o
 *fill*         0x08003bea        0x2 
 .text.f_mount  0x08003bec       0x60 build/ff.o
                0x08003bec                f_mount
 .text.f_open   0x08003c4c      0x1e2 build/ff.o
                0x08003c4c                f_open
 .text.f_read   0x08003e2e      0x214 build/ff.o
                0x08003e2e                f_read
 .text.f_write  0x08004042      0x25c build/ff.o
                0x08004042                f_write
 .text.putc_bfd
                0x0800429e       0x4e build/ff.o
 .text.f_sync   0x080042ec       0xbe build/ff.o
                0x080042ec                f_sync
 .text.f_close  0x080043aa       0x28 build/ff.o
                0x080043aa                f_close
 .text.f_lseek  0x080043d2      0x330 build/ff.o
                0x080043d2                f_lseek
 .text.f_stat   0x08004702       0x50 build/ff.o
                0x08004702                f_stat
 .text.f_getfree
                0x08004752       0xf8 build/ff.o
                0x08004752                f_getfree
 .text.f_puts   0x0800484a       0x50 build/ff.o
                0x0800484a                f_puts
 *fill*         0x0800489a        0x2 
 .text.FATFS_LinkDriverEx
                0x0800489c       0x50 build/ff_gen_drv.o
                0x0800489c                FATFS_LinkDriverEx
 .text.FATFS_LinkDriver
                0x080048ec        0xa build/ff_gen_drv.o
                0x080048ec                FATFS_LinkDriver
 *fill*         0x080048f6        0x2 
 .text.SD_PowerOff
                0x080048f8        0xc build/fatfs_sd.o
 .text.SD_CheckPower
                0x08004904        0xc build/fatfs_sd.o
 .text.SPI_TxBuffer
                0x08004910       0x20 build/fatfs_sd.o
 .text.SPI_TxByte
                0x08004930       0x2c build/fatfs_sd.o
 .text.SELECT   0x0800495c       0x18 build/fatfs_sd.o
 .text.DESELECT
                0x08004974       0x18 build/fatfs_sd.o
 .text.SPI_RxByte
                0x0800498c       0x38 build/fatfs_sd.o
 .text.SD_PowerOn
                0x080049c4       0x6c build/fatfs_sd.o
 .text.SD_ReadyWait
                0x08004a30       0x24 build/fatfs_sd.o
 .text.SD_SendCmd
                0x08004a54       0x6a build/fatfs_sd.o
 .text.SPI_RxBytePtr
                0x08004abe        0xc build/fatfs_sd.o
 *fill*         0x08004aca        0x2 
 .text.SD_RxDataBlock
                0x08004acc       0x48 build/fatfs_sd.o
 .text.SD_TxDataBlock
                0x08004b14       0x64 build/fatfs_sd.o
 .text.SD_disk_initialize
                0x08004b78      0x184 build/fatfs_sd.o
                0x08004b78                SD_disk_initialize
 .text.SD_disk_status
                0x08004cfc       0x14 build/fatfs_sd.o
                0x08004cfc                SD_disk_status
 .text.SD_disk_read
                0x08004d10       0x98 build/fatfs_sd.o
                0x08004d10                SD_disk_read
 .text.SD_disk_write
                0x08004da8       0xc4 build/fatfs_sd.o
                0x08004da8                SD_disk_write
 .text.SD_disk_ioctl
                0x08004e6c      0x180 build/fatfs_sd.o
                0x08004e6c                SD_disk_ioctl
 .text.Reset_Handler
                0x08004fec       0x48 build/startup_stm32f103xb.o
                0x08004fec                Reset_Handler
 .text.Default_Handler
                0x08005034        0x2 build/startup_stm32f103xb.o
                0x08005034                RTC_Alarm_IRQHandler
                0x08005034                EXTI2_IRQHandler
                0x08005034                TIM1_CC_IRQHandler
                0x08005034                PVD_IRQHandler
                0x08005034                EXTI3_IRQHandler
                0x08005034                EXTI0_IRQHandler
                0x08005034                I2C2_EV_IRQHandler
                0x08005034                ADC1_2_IRQHandler
                0x08005034                SPI1_IRQHandler
                0x08005034                TAMPER_IRQHandler
                0x08005034                DMA1_Channel4_IRQHandler
                0x08005034                USART3_IRQHandler
                0x08005034                RTC_IRQHandler
                0x08005034                DMA1_Channel7_IRQHandler
                0x08005034                CAN1_RX1_IRQHandler
                0x08005034                TIM4_IRQHandler
                0x08005034                I2C1_EV_IRQHandler
                0x08005034                DMA1_Channel6_IRQHandler
                0x08005034                TIM3_IRQHandler
                0x08005034                RCC_IRQHandler
                0x08005034                TIM1_TRG_COM_IRQHandler
                0x08005034                DMA1_Channel1_IRQHandler
                0x08005034                Default_Handler
                0x08005034                EXTI15_10_IRQHandler
                0x08005034                EXTI9_5_IRQHandler
                0x08005034                SPI2_IRQHandler
                0x08005034                DMA1_Channel5_IRQHandler
                0x08005034                EXTI4_IRQHandler
                0x08005034                USB_HP_CAN1_TX_IRQHandler
                0x08005034                DMA1_Channel3_IRQHandler
                0x08005034                TIM1_UP_IRQHandler
                0x08005034                WWDG_IRQHandler
                0x08005034                TIM2_IRQHandler
                0x08005034                TIM1_BRK_IRQHandler
                0x08005034                EXTI1_IRQHandler
                0x08005034                USART2_IRQHandler
                0x08005034                I2C2_ER_IRQHandler
                0x08005034                DMA1_Channel2_IRQHandler
                0x08005034                CAN1_SCE_IRQHandler
                0x08005034                FLASH_IRQHandler
                0x08005034                USART1_IRQHandler
                0x08005034                I2C1_ER_IRQHandler
                0x08005034                USBWakeUp_IRQHandler
 *fill*         0x08005036        0x2 
 .text.sprintf  0x08005038       0x44 /opt/gcc-arm/bin/../lib/gcc/arm-none-eabi/14.2.1/../../../../arm-none-eabi/lib/thumb/v7-m/nofp/libc_nano.a(libc_a-sprintf.o)
                0x08005038                sprintf
                0x08005038                siprintf
 .text.memset   0x0800507c       0x10 /opt/gcc-arm/bin/../lib/gcc/arm-none-eabi/14.2.1/../../../../arm-none-eabi/lib/thumb/v7-m/nofp/libc_nano.a(libc_a-memset.o)
                0x0800507c                memset
 .text.__libc_init_array
                0x0800508c       0x48 /opt/gcc-arm/bin/../lib/gcc/arm-none-eabi/14.2.1/../../../../arm-none-eabi/lib/thumb/v7-m/nofp/libc_nano.a(libc_a-init.o)
                0x0800508c                __libc_init_array
 .text.__retarget_lock_acquire_recursive
                0x080050d4        0x2 /opt/gcc-arm/bin/../lib/gcc/arm-none-eabi/14.2.1/../../../../arm-none-eabi/lib/thumb/v7-m/nofp/libc_nano.a(libc_a-lock.o)
                0x080050d4                __retarget_lock_acquire_recursive
 .text.__retarget_lock_release_recursive
                0x080050d6        0x2 /opt/gcc-arm/bin/../lib/gcc/arm-none-eabi/14.2.1/../../../../arm-none-eabi/lib/thumb/v7-m/nofp/libc_nano.a(libc_a-lock.o)
                0x080050d6                __retarget_lock_release_recursive
 .text.strcpy   0x080050d8       0x10 /opt/gcc-arm/bin/../lib/gcc/arm-none-eabi/14.2.1/../../../../arm-none-eabi/lib/thumb/v7-m/nofp/libc_nano.a(libc_a-strcpy.o)
                0x080050d8                strcpy
 .text.memcpy   0x080050e8       0x1c /opt/gcc-arm/bin/../lib/gcc/arm-none-eabi/14.2.1/../../../../arm-none-eabi/lib/thumb/v7-m/nofp/libc_nano.a(libc_a-memcpy-stub.o)
                0x080050e8                memcpy
 .text._free_r  0x08005104       0x90 /opt/gcc-arm/bin/../lib/gcc/arm-none-eabi/14.2.1/../../../../arm-none-eabi/lib/thumb/v7-m/nofp/libc_nano.a(libc_a-freer.o)
                0x08005104                _free_r
 .text.sbrk_aligned
                0x08005194       0x44 /opt/gcc-arm/bin/../lib/gcc/arm-none-eabi/14.2.1/../../../../arm-none-eabi/lib/thumb/v7-m/nofp/libc_nano.a(libc_a-mallocr.o)
 .text._malloc_r
                0x080051d8      0x100 /opt/gcc-arm/bin/../lib/gcc/arm-none-eabi/14.2.1/../../../../arm-none-eabi/lib/thumb/v7-m/nofp/libc_nano.a(libc_a-mallocr.o)
                0x080051d8                _malloc_r
 .text.__malloc_lock
                0x080052d8        0xc /opt/gcc-arm/bin/../lib/gcc/arm-none-eabi/14.2.1/../../../../arm-none-eabi/lib/thumb/v7-m/nofp/libc_nano.a(libc_a-mlock.o)
                0x080052d8                __malloc_lock
 .text.__malloc_unlock
                0x080052e4        0xc /opt/gcc-arm/bin/../lib/gcc/arm-none-eabi/14.2.1/../../../../arm-none-eabi/lib/thumb/v7-m/nofp/libc_nano.a(libc_a-mlock.o)
                0x080052e4                __malloc_unlock
 .text.__ssputs_r
                0x080052f0       0xc0 /opt/gcc-arm/bin/../lib/gcc/arm-none-eabi/14.2.1/../../../../arm-none-eabi/lib/thumb/v7-m/nofp/libc_nano.a(libc_a-nano-svfprintf.o)
                0x080052f0                __ssputs_r
 .text._svfprintf_r
                0x080053b0      0x1f8 /opt/gcc-arm/bin/../lib/gcc/arm-none-eabi/14.2.1/../../../../arm-none-eabi/lib/thumb/v7-m/nofp/libc_nano.a(libc_a-nano-svfprintf.o)
                0x080053b0                _svfprintf_r
                0x080053b0                _svfiprintf_r
 .text._printf_common
                0x080055a8       0xe4 /opt/gcc-arm/bin/../lib/gcc/arm-none-eabi/14.2.1/../../../../arm-none-eabi/lib/thumb/v7-m/nofp/libc_nano.a(libc_a-nano-vfprintf_i.o)
                0x080055a8                _printf_common
 .text._printf_i
                0x0800568c      0x240 /opt/gcc-arm/bin/../lib/gcc/arm-none-eabi/14.2.1/../../../../arm-none-eabi/lib/thumb/v7-m/nofp/libc_nano.a(libc_a-nano-vfprintf_i.o)
                0x0800568c                _printf_i
 .text.memmove  0x080058cc       0x32 /opt/gcc-arm/bin/../lib/gcc/arm-none-eabi/14.2.1/../../../../arm-none-eabi/lib/thumb/v7-m/nofp/libc_nano.a(libc_a-memmove.o)
                0x080058cc                memmove
 *fill*         0x080058fe        0x2 
 .text._sbrk_r  0x08005900       0x20 /opt/gcc-arm/bin/../lib/gcc/arm-none-eabi/14.2.1/../../../../arm-none-eabi/lib/thumb/v7-m/nofp/libc_nano.a(libc_a-sbrkr.o)
                0x08005900                _sbrk_r
 .text.memchr   0x08005920       0x1c /opt/gcc-arm/bin/../lib/gcc/arm-none-eabi/14.2.1/../../../../arm-none-eabi/lib/thumb/v7-m/nofp/libc_nano.a(libc_a-memchr-stub.o)
                0x08005920                memchr
 .text._realloc_r
                0x0800593c       0x5c /opt/gcc-arm/bin/../lib/gcc/arm-none-eabi/14.2.1/../../../../arm-none-eabi/lib/thumb/v7-m/nofp/libc_nano.a(libc_a-reallocr.o)
                0x0800593c                _realloc_r
 .text._malloc_usable_size_r
                0x08005998       0x10 /opt/gcc-arm/bin/../lib/gcc/arm-none-eabi/14.2.1/../../../../arm-none-eabi/lib/thumb/v7-m/nofp/libc_nano.a(libc_a-msizer.o)
                0x08005998                _malloc_usable_size_r
 .text._sbrk    0x080059a8       0x1c /opt/gcc-arm/bin/../lib/gcc/arm-none-eabi/14.2.1/../../../../arm-none-eabi/lib/thumb/v7-m/nofp/libnosys.a(sbrk.o)
                0x080059a8                _sbrk
 *(.glue_7)
 .glue_7        0x080059c4        0x0 linker stubs
 *(.glue_7t)
 .glue_7t       0x080059c4        0x0 linker stubs
 *(.eh_frame)
 .eh_frame      0x080059c4        0x0 /opt/gcc-arm/bin/../lib/gcc/arm-none-eabi/14.2.1/thumb/v7-m/nofp/crtbegin.o
 *(.init)
 .init          0x080059c4        0x4 /opt/gcc-arm/bin/../lib/gcc/arm-none-eabi/14.2.1/thumb/v7-m/nofp/crti.o
                0x080059c4                _init
 .init          0x080059c8        0x8 /opt/gcc-arm/bin/../lib/gcc/arm-none-eabi/14.2.1/thumb/v7-m/nofp/crtn.o
 *(.fini)
 .fini          0x080059d0        0x4 /opt/gcc-arm/bin/../lib/gcc/arm-none-eabi/14.2.1/thumb/v7-m/nofp/crti.o
                0x080059d0                _fini
 .fini          0x080059d4        0x8 /opt/gcc-arm/bin/../lib/gcc/arm-none-eabi/14.2.1/thumb/v7-m/nofp/crtn.o
                0x080059dc                        . = ALIGN (0x4)
                0x080059dc                        _etext = .

.vfp11_veneer   0x080059dc        0x0
 .vfp11_veneer  0x080059dc        0x0 linker stubs

.v4_bx          0x080059dc        0x0
 .v4_bx         0x080059dc        0x0 linker stubs

.iplt           0x080059dc        0x0
 .iplt          0x080059dc        0x0 /opt/gcc-arm/bin/../lib/gcc/arm-none-eabi/14.2.1/thumb/v7-m/nofp/crtbegin.o

.rodata         0x080059dc      0x2d4
                0x080059dc                        . = ALIGN (0x4)
 *(.rodata)
 *(.rodata*)
 .rodata.aPredivFactorTable.0
                0x080059dc        0x2 build/stm32f1xx_hal_rcc.o
 *fill*         0x080059de        0x2 
 .rodata.aPLLMULFactorTable.1
                0x080059e0       0x10 build/stm32f1xx_hal_rcc.o
 .rodata.Cu_main.str1.4
                0x080059f0      0x1f3 build/Cu_main.o
                                0x1ea (size before relaxing)
 *fill*         0x08005be3        0x1 
 .rodata.APBPrescTable
                0x08005be4        0x8 build/system_stm32f1xx.o
                0x08005be4                APBPrescTable
 .rodata.AHBPrescTable
                0x08005bec       0x10 build/system_stm32f1xx.o
                0x08005bec                AHBPrescTable
 .rodata.create_name.str1.4
                0x08005bfc        0xf build/ff.o
 .rodata.ExCvt  0x08005bfc       0x80 build/ff.o
 .rodata._svfprintf_r.str1.1
                0x08005c7c       0x33 /opt/gcc-arm/bin/../lib/gcc/arm-none-eabi/14.2.1/../../../../arm-none-eabi/lib/thumb/v7-m/nofp/libc_nano.a(libc_a-nano-svfprintf.o)
                                 0x11 (size before relaxing)
 .rodata._printf_i.str1.1
                0x08005caf       0x22 /opt/gcc-arm/bin/../lib/gcc/arm-none-eabi/14.2.1/../../../../arm-none-eabi/lib/thumb/v7-m/nofp/libc_nano.a(libc_a-nano-vfprintf_i.o)
                0x08005cd4                        . = ALIGN (0x4)
 *fill*         0x08005caf        0x1 

.ARM.extab      0x08005cb0        0x0
                0x08005cb0                        . = ALIGN (0x4)
 *(.ARM.extab* .gnu.linkonce.armextab.*)
                0x08005cb0                        . = ALIGN (0x4)

.ARM            0x08005cb0        0x8
                0x08005cb0                        . = ALIGN (0x4)
                0x08005cb0                        __exidx_start = .
 *(.ARM.exidx*)
 .ARM.exidx     0x08005cb0        0x8 /opt/gcc-arm/bin/../lib/gcc/arm-none-eabi/14.2.1/../../../../arm-none-eabi/lib/thumb/v7-m/nofp/libc_nano.a(libc_a-strlen.o)
                0x08005cb8                        __exidx_end = .
                0x08005cb8                        . = ALIGN (0x4)

.preinit_array  0x08005cb8        0x0
                0x08005cb8                        . = ALIGN (0x4)
                0x08005cb8                        PROVIDE (__preinit_array_start = .)
 *(.preinit_array*)
                0x08005cb8                        PROVIDE (__preinit_array_end = .)
                0x08005cb8                        . = ALIGN (0x4)

.init_array     0x08005cb8        0x4
                0x08005cb8                        . = ALIGN (0x4)
                0x08005cb8                        PROVIDE (__init_array_start = .)
 *(SORT_BY_NAME(.init_array.*))
 *(.init_array*)
 .init_array    0x08005cb8        0x4 /opt/gcc-arm/bin/../lib/gcc/arm-none-eabi/14.2.1/thumb/v7-m/nofp/crtbegin.o
                0x08005cbc                        PROVIDE (__init_array_end = .)
                0x08005cbc                        . = ALIGN (0x4)

.fini_array     0x08005cbc        0x4
                0x08005cbc                        . = ALIGN (0x4)
                [!provide]                        PROVIDE (__fini_array_start = .)
 *(SORT_BY_NAME(.fini_array.*))
 *(.fini_array*)
 .fini_array    0x08005cbc        0x4 /opt/gcc-arm/bin/../lib/gcc/arm-none-eabi/14.2.1/thumb/v7-m/nofp/crtbegin.o
                [!provide]                        PROVIDE (__fini_array_end = .)
                0x08005cc0                        . = ALIGN (0x4)
                0x08005cc0                        _sidata = LOADADDR (.data)

.rel.dyn        0x08005cc0        0x0
 .rel.iplt      0x08005cc0        0x0 /opt/gcc-arm/bin/../lib/gcc/arm-none-eabi/14.2.1/thumb/v7-m/nofp/crtbegin.o

.data           0x20000000       0x74 load address 0x08005cc0
                0x20000000                        . = ALIGN (0x4)
                0x20000000                        _sdata = .
 *(.data)
 *(.data*)
 .data.uwTickFreq
                0x20000000        0x1 build/stm32f1xx_hal.o
                0x20000000                uwTickFreq
 *fill*         0x20000001        0x3 
 .data.uwTickPrio
                0x20000004        0x4 build/stm32f1xx_hal.o
                0x20000004                uwTickPrio
 .data.SystemCoreClock
                0x20000008        0x4 build/system_stm32f1xx.o
                0x20000008                SystemCoreClock
 .data.USER_Driver
                0x2000000c       0x14 build/user_diskio.o
                0x2000000c                USER_Driver
 .data.Stat     0x20000020        0x1 build/fatfs_sd.o
 *fill*         0x20000021        0x3 
 .data._impure_ptr
                0x20000024        0x4 /opt/gcc-arm/bin/../lib/gcc/arm-none-eabi/14.2.1/../../../../arm-none-eabi/lib/thumb/v7-m/nofp/libc_nano.a(libc_a-impure.o)
                0x20000024                _impure_ptr
 .data._impure_data
                0x20000028       0x4c /opt/gcc-arm/bin/../lib/gcc/arm-none-eabi/14.2.1/../../../../arm-none-eabi/lib/thumb/v7-m/nofp/libc_nano.a(libc_a-impure.o)
                0x20000028                _impure_data
 *(.RamFunc)
 *(.RamFunc*)
                0x20000074                        . = ALIGN (0x4)
                0x20000074                        _edata = .

.tm_clone_table
                0x20000074        0x0 load address 0x08005d34
 .tm_clone_table
                0x20000074        0x0 /opt/gcc-arm/bin/../lib/gcc/arm-none-eabi/14.2.1/thumb/v7-m/nofp/crtbegin.o
 .tm_clone_table
                0x20000074        0x0 /opt/gcc-arm/bin/../lib/gcc/arm-none-eabi/14.2.1/thumb/v7-m/nofp/crtend.o

.igot.plt       0x20000074        0x0 load address 0x08005d34
 .igot.plt      0x20000074        0x0 /opt/gcc-arm/bin/../lib/gcc/arm-none-eabi/14.2.1/thumb/v7-m/nofp/crtbegin.o
                0x20000074                        . = ALIGN (0x4)

.bss            0x20000074      0xbd0 load address 0x08005d34
                0x20000074                        _sbss = .
                0x20000074                        __bss_start__ = _sbss
 *(.bss)
 *(.bss*)
 .bss.completed.1
                0x20000074        0x1 /opt/gcc-arm/bin/../lib/gcc/arm-none-eabi/14.2.1/thumb/v7-m/nofp/crtbegin.o
 *fill*         0x20000075        0x3 
 .bss.object.0  0x20000078       0x18 /opt/gcc-arm/bin/../lib/gcc/arm-none-eabi/14.2.1/thumb/v7-m/nofp/crtbegin.o
 .bss.uwTick    0x20000090        0x4 build/stm32f1xx_hal.o
                0x20000090                uwTick
 .bss.buffer    0x20000094       0x80 build/Cu_main.o
                0x20000094                buffer
 .bss.free_space
                0x20000114        0x4 build/Cu_main.o
                0x20000114                free_space
 .bss.total     0x20000118        0x4 build/Cu_main.o
                0x20000118                total
 .bss.fre_clust
                0x2000011c        0x4 build/Cu_main.o
                0x2000011c                fre_clust
 .bss.pfs       0x20000120        0x4 build/Cu_main.o
                0x20000120                pfs
 .bss.bw        0x20000124        0x4 build/Cu_main.o
                0x20000124                bw
 .bss.br        0x20000128        0x4 build/Cu_main.o
                0x20000128                br
 .bss.fresult   0x2000012c        0x1 build/Cu_main.o
                0x2000012c                fresult
 *fill*         0x2000012d        0x3 
 .bss.fno       0x20000130       0x18 build/Cu_main.o
                0x20000130                fno
 .bss.fil       0x20000148      0x42c build/Cu_main.o
                0x20000148                fil
 .bss.fs        0x20000574      0x430 build/Cu_main.o
                0x20000574                fs
 .bss.CAN       0x200009a4       0x48 build/Cu_main.o
                0x200009a4                CAN
 .bss.Lib_CAN_Connection_ptr
                0x200009ec        0x4 build/can_al.o
                0x200009ec                Lib_CAN_Connection_ptr
 .bss.CAN_ISR_FLAG
                0x200009f0        0x4 build/can_al.o
                0x200009f0                CAN_ISR_FLAG
 .bss.hcan      0x200009f4       0x28 build/can.o
                0x200009f4                hcan
 .bss.huart1    0x20000a1c       0x48 build/usart.o
                0x20000a1c                huart1
 .bss.Timer2    0x20000a64        0x1 build/stm32f1xx_it.o
                0x20000a64                Timer2
 .bss.Timer1    0x20000a65        0x1 build/stm32f1xx_it.o
                0x20000a65                Timer1
 .bss.FatFsCnt  0x20000a66        0x1 build/stm32f1xx_it.o
                0x20000a66                FatFsCnt
 *fill*         0x20000a67        0x1 
 .bss.hspi1     0x20000a68       0x58 build/spi.o
                0x20000a68                hspi1
 .bss.USERPath  0x20000ac0        0x4 build/fatfs.o
                0x20000ac0                USERPath
 .bss.retUSER   0x20000ac4        0x1 build/fatfs.o
                0x20000ac4                retUSER
 *fill*         0x20000ac5        0x3 
 .bss.Files     0x20000ac8       0x18 build/ff.o
 .bss.Fsid      0x20000ae0        0x2 build/ff.o
 *fill*         0x20000ae2        0x2 
 .bss.FatFs     0x20000ae4        0x4 build/ff.o
 .bss.disk      0x20000ae8        0xc build/ff_gen_drv.o
                0x20000ae8                disk
 .bss.PowerFlag
                0x20000af4        0x1 build/fatfs_sd.o
 .bss.CardType  0x20000af5        0x1 build/fatfs_sd.o
 *fill*         0x20000af6        0x2 
 .bss.__sf      0x20000af8      0x138 /opt/gcc-arm/bin/../lib/gcc/arm-none-eabi/14.2.1/../../../../arm-none-eabi/lib/thumb/v7-m/nofp/libc_nano.a(libc_a-findfp.o)
                0x20000af8                __sf
 .bss.errno     0x20000c30        0x4 /opt/gcc-arm/bin/../lib/gcc/arm-none-eabi/14.2.1/../../../../arm-none-eabi/lib/thumb/v7-m/nofp/libc_nano.a(libc_a-reent.o)
                0x20000c30                errno
 .bss.__lock___malloc_recursive_mutex
                0x20000c34        0x1 /opt/gcc-arm/bin/../lib/gcc/arm-none-eabi/14.2.1/../../../../arm-none-eabi/lib/thumb/v7-m/nofp/libc_nano.a(libc_a-lock.o)
                0x20000c34                __lock___malloc_recursive_mutex
 *fill*         0x20000c35        0x3 
 .bss.__malloc_sbrk_start
                0x20000c38        0x4 /opt/gcc-arm/bin/../lib/gcc/arm-none-eabi/14.2.1/../../../../arm-none-eabi/lib/thumb/v7-m/nofp/libc_nano.a(libc_a-mallocr.o)
                0x20000c38                __malloc_sbrk_start
 .bss.__malloc_free_list
                0x20000c3c        0x4 /opt/gcc-arm/bin/../lib/gcc/arm-none-eabi/14.2.1/../../../../arm-none-eabi/lib/thumb/v7-m/nofp/libc_nano.a(libc_a-mallocr.o)
                0x20000c3c                __malloc_free_list
 .bss.heap_end.0
                0x20000c40        0x4 /opt/gcc-arm/bin/../lib/gcc/arm-none-eabi/14.2.1/../../../../arm-none-eabi/lib/thumb/v7-m/nofp/libnosys.a(sbrk.o)
 *(COMMON)
                0x20000c44                        . = ALIGN (0x4)
                0x20000c44                        _ebss = .
                0x20000c44                        __bss_end__ = _ebss

._user_heap_stack
                0x20000c44      0x604 load address 0x08005d34
                0x20000c48                        . = ALIGN (0x8)
 *fill*         0x20000c44        0x4 
                0x20000c48                        PROVIDE (end = .)
                [!provide]                        PROVIDE (_end = .)
                0x20000e48                        . = (. + _Min_Heap_Size)
 *fill*         0x20000c48      0x200 
                0x20001248                        . = (. + _Min_Stack_Size)
 *fill*         0x20000e48      0x400 
                0x20001248                        . = ALIGN (0x8)

/DISCARD/
 libc.a(*)
 libm.a(*)
 libgcc.a(*)
OUTPUT(build/DataLogger.elf elf32-littlearm)
LOAD linker stubs
LOAD /opt/gcc-arm/bin/../lib/gcc/arm-none-eabi/14.2.1/../../../../arm-none-eabi/lib/thumb/v7-m/nofp/libc.a
LOAD /opt/gcc-arm/bin/../lib/gcc/arm-none-eabi/14.2.1/../../../../arm-none-eabi/lib/thumb/v7-m/nofp/libm.a
LOAD /opt/gcc-arm/bin/../lib/gcc/arm-none-eabi/14.2.1/thumb/v7-m/nofp/libgcc.a

.ARM.attributes
                0x00000000       0x29
 .ARM.attributes
                0x00000000       0x1d /opt/gcc-arm/bin/../lib/gcc/arm-none-eabi/14.2.1/thumb/v7-m/nofp/crti.o
 .ARM.attributes
                0x0000001d       0x2d /opt/gcc-arm/bin/../lib/gcc/arm-none-eabi/14.2.1/thumb/v7-m/nofp/crtbegin.o
 .ARM.attributes
                0x0000004a       0x2d build/stm32f1xx_hal_can.o
 .ARM.attributes
                0x00000077       0x2d build/stm32f1xx_hal.o
 .ARM.attributes
                0x000000a4       0x2d build/stm32f1xx_hal_rcc.o
 .ARM.attributes
                0x000000d1       0x2d build/stm32f1xx_hal_gpio.o
 .ARM.attributes
                0x000000fe       0x2d build/stm32f1xx_hal_cortex.o
 .ARM.attributes
                0x0000012b       0x2d build/stm32f1xx_hal_uart.o
 .ARM.attributes
                0x00000158       0x2d build/Cu_main.o
 .ARM.attributes
                0x00000185       0x2d build/can_al.o
 .ARM.attributes
                0x000001b2       0x2d build/main.o
 .ARM.attributes
                0x000001df       0x2d build/gpio.o
 .ARM.attributes
                0x0000020c       0x2d build/can.o
 .ARM.attributes
                0x00000239       0x2d build/usart.o
 .ARM.attributes
                0x00000266       0x2d build/stm32f1xx_it.o
 .ARM.attributes
                0x00000293       0x2d build/stm32f1xx_hal_msp.o
 .ARM.attributes
                0x000002c0       0x2d build/system_stm32f1xx.o
 .ARM.attributes
                0x000002ed       0x2d build/spi.o
 .ARM.attributes
                0x0000031a       0x2d build/user_diskio.o
 .ARM.attributes
                0x00000347       0x2d build/fatfs.o
 .ARM.attributes
                0x00000374       0x2d build/stm32f1xx_hal_spi.o
 .ARM.attributes
                0x000003a1       0x2d build/diskio.o
 .ARM.attributes
                0x000003ce       0x2d build/ff.o
 .ARM.attributes
                0x000003fb       0x2d build/ff_gen_drv.o
 .ARM.attributes
                0x00000428       0x2d build/fatfs_sd.o
 .ARM.attributes
                0x00000455       0x21 build/startup_stm32f103xb.o
 .ARM.attributes
                0x00000476       0x2d /opt/gcc-arm/bin/../lib/gcc/arm-none-eabi/14.2.1/../../../../arm-none-eabi/lib/thumb/v7-m/nofp/libc_nano.a(libc_a-findfp.o)
 .ARM.attributes
                0x000004a3       0x2d /opt/gcc-arm/bin/../lib/gcc/arm-none-eabi/14.2.1/../../../../arm-none-eabi/lib/thumb/v7-m/nofp/libc_nano.a(libc_a-sprintf.o)
 .ARM.attributes
                0x000004d0       0x2d /opt/gcc-arm/bin/../lib/gcc/arm-none-eabi/14.2.1/../../../../arm-none-eabi/lib/thumb/v7-m/nofp/libc_nano.a(libc_a-memset.o)
 .ARM.attributes
                0x000004fd       0x2d /opt/gcc-arm/bin/../lib/gcc/arm-none-eabi/14.2.1/../../../../arm-none-eabi/lib/thumb/v7-m/nofp/libc_nano.a(libc_a-reent.o)
 .ARM.attributes
                0x0000052a       0x2d /opt/gcc-arm/bin/../lib/gcc/arm-none-eabi/14.2.1/../../../../arm-none-eabi/lib/thumb/v7-m/nofp/libc_nano.a(libc_a-impure.o)
 .ARM.attributes
                0x00000557       0x2d /opt/gcc-arm/bin/../lib/gcc/arm-none-eabi/14.2.1/../../../../arm-none-eabi/lib/thumb/v7-m/nofp/libc_nano.a(libc_a-init.o)
 .ARM.attributes
                0x00000584       0x2d /opt/gcc-arm/bin/../lib/gcc/arm-none-eabi/14.2.1/../../../../arm-none-eabi/lib/thumb/v7-m/nofp/libc_nano.a(libc_a-lock.o)
 .ARM.attributes
                0x000005b1       0x2d /opt/gcc-arm/bin/../lib/gcc/arm-none-eabi/14.2.1/../../../../arm-none-eabi/lib/thumb/v7-m/nofp/libc_nano.a(libc_a-strcpy.o)
 .ARM.attributes
                0x000005de       0x2d /opt/gcc-arm/bin/../lib/gcc/arm-none-eabi/14.2.1/../../../../arm-none-eabi/lib/thumb/v7-m/nofp/libc_nano.a(libc_a-memcpy-stub.o)
 .ARM.attributes
                0x0000060b       0x17 /opt/gcc-arm/bin/../lib/gcc/arm-none-eabi/14.2.1/../../../../arm-none-eabi/lib/thumb/v7-m/nofp/libc_nano.a(libc_a-strlen.o)
 .ARM.attributes
                0x00000622       0x2d /opt/gcc-arm/bin/../lib/gcc/arm-none-eabi/14.2.1/../../../../arm-none-eabi/lib/thumb/v7-m/nofp/libc_nano.a(libc_a-freer.o)
 .ARM.attributes
                0x0000064f       0x2d /opt/gcc-arm/bin/../lib/gcc/arm-none-eabi/14.2.1/../../../../arm-none-eabi/lib/thumb/v7-m/nofp/libc_nano.a(libc_a-mallocr.o)
 .ARM.attributes
                0x0000067c       0x2d /opt/gcc-arm/bin/../lib/gcc/arm-none-eabi/14.2.1/../../../../arm-none-eabi/lib/thumb/v7-m/nofp/libc_nano.a(libc_a-mlock.o)
 .ARM.attributes
                0x000006a9       0x2d /opt/gcc-arm/bin/../lib/gcc/arm-none-eabi/14.2.1/../../../../arm-none-eabi/lib/thumb/v7-m/nofp/libc_nano.a(libc_a-nano-svfprintf.o)
 .ARM.attributes
                0x000006d6       0x2d /opt/gcc-arm/bin/../lib/gcc/arm-none-eabi/14.2.1/../../../../arm-none-eabi/lib/thumb/v7-m/nofp/libc_nano.a(libc_a-nano-vfprintf_i.o)
 .ARM.attributes
                0x00000703       0x2d /opt/gcc-arm/bin/../lib/gcc/arm-none-eabi/14.2.1/../../../../arm-none-eabi/lib/thumb/v7-m/nofp/libc_nano.a(libc_a-memmove.o)
 .ARM.attributes
                0x00000730       0x2d /opt/gcc-arm/bin/../lib/gcc/arm-none-eabi/14.2.1/../../../../arm-none-eabi/lib/thumb/v7-m/nofp/libc_nano.a(libc_a-sbrkr.o)
 .ARM.attributes
                0x0000075d       0x2d /opt/gcc-arm/bin/../lib/gcc/arm-none-eabi/14.2.1/../../../../arm-none-eabi/lib/thumb/v7-m/nofp/libc_nano.a(libc_a-memchr-stub.o)
 .ARM.attributes
                0x0000078a       0x2d /opt/gcc-arm/bin/../lib/gcc/arm-none-eabi/14.2.1/../../../../arm-none-eabi/lib/thumb/v7-m/nofp/libc_nano.a(libc_a-reallocr.o)
 .ARM.attributes
                0x000007b7       0x2d /opt/gcc-arm/bin/../lib/gcc/arm-none-eabi/14.2.1/../../../../arm-none-eabi/lib/thumb/v7-m/nofp/libc_nano.a(libc_a-msizer.o)
 .ARM.attributes
                0x000007e4       0x2d /opt/gcc-arm/bin/../lib/gcc/arm-none-eabi/14.2.1/../../../../arm-none-eabi/lib/thumb/v7-m/nofp/libnosys.a(sbrk.o)
 .ARM.attributes
                0x00000811       0x1d /opt/gcc-arm/bin/../lib/gcc/arm-none-eabi/14.2.1/thumb/v7-m/nofp/libgcc.a(_arm_muldf3.o)
 .ARM.attributes
                0x0000082e       0x1d /opt/gcc-arm/bin/../lib/gcc/arm-none-eabi/14.2.1/thumb/v7-m/nofp/libgcc.a(_arm_addsubdf3.o)
 .ARM.attributes
                0x0000084b       0x1d /opt/gcc-arm/bin/../lib/gcc/arm-none-eabi/14.2.1/thumb/v7-m/nofp/libgcc.a(_arm_fixunsdfsi.o)
 .ARM.attributes
                0x00000868       0x2d /opt/gcc-arm/bin/../lib/gcc/arm-none-eabi/14.2.1/thumb/v7-m/nofp/crtend.o
 .ARM.attributes
                0x00000895       0x1d /opt/gcc-arm/bin/../lib/gcc/arm-none-eabi/14.2.1/thumb/v7-m/nofp/crtn.o

.comment        0x00000000       0x45
 .comment       0x00000000       0x45 build/stm32f1xx_hal_can.o
                                 0x46 (size before relaxing)
 .comment       0x00000045       0x46 build/stm32f1xx_hal.o
 .comment       0x00000045       0x46 build/stm32f1xx_hal_rcc.o
 .comment       0x00000045       0x46 build/stm32f1xx_hal_gpio.o
 .comment       0x00000045       0x46 build/stm32f1xx_hal_cortex.o
 .comment       0x00000045       0x46 build/stm32f1xx_hal_uart.o
 .comment       0x00000045       0x46 build/Cu_main.o
 .comment       0x00000045       0x46 build/can_al.o
 .comment       0x00000045       0x46 build/main.o
 .comment       0x00000045       0x46 build/gpio.o
 .comment       0x00000045       0x46 build/can.o
 .comment       0x00000045       0x46 build/usart.o
 .comment       0x00000045       0x46 build/stm32f1xx_it.o
 .comment       0x00000045       0x46 build/stm32f1xx_hal_msp.o
 .comment       0x00000045       0x46 build/system_stm32f1xx.o
 .comment       0x00000045       0x46 build/spi.o
 .comment       0x00000045       0x46 build/user_diskio.o
 .comment       0x00000045       0x46 build/fatfs.o
 .comment       0x00000045       0x46 build/stm32f1xx_hal_spi.o
 .comment       0x00000045       0x46 build/diskio.o
 .comment       0x00000045       0x46 build/ff.o
 .comment       0x00000045       0x46 build/ff_gen_drv.o
 .comment       0x00000045       0x46 build/fatfs_sd.o

.debug_info     0x00000000    0x153d8
 .debug_info    0x00000000     0x1385 build/stm32f1xx_hal_can.o
 .debug_info    0x00001385      0x880 build/stm32f1xx_hal.o
 .debug_info    0x00001c05      0xb10 build/stm32f1xx_hal_rcc.o
 .debug_info    0x00002715      0x6d7 build/stm32f1xx_hal_gpio.o
 .debug_info    0x00002dec      0xe3f build/stm32f1xx_hal_cortex.o
 .debug_info    0x00003c2b     0x430f build/stm32f1xx_hal_uart.o
 .debug_info    0x00007f3a     0x1628 build/Cu_main.o
 .debug_info    0x00009562      0xaf1 build/can_al.o
 .debug_info    0x0000a053      0x3e1 build/main.o
 .debug_info    0x0000a434      0x35b build/gpio.o
 .debug_info    0x0000a78f      0xa2d build/can.o
 .debug_info    0x0000b1bc      0x93f build/usart.o
 .debug_info    0x0000bafb      0x662 build/stm32f1xx_it.o
 .debug_info    0x0000c15d      0x238 build/stm32f1xx_hal_msp.o
 .debug_info    0x0000c395      0x26e build/system_stm32f1xx.o
 .debug_info    0x0000c603      0x971 build/spi.o
 .debug_info    0x0000cf74      0x525 build/user_diskio.o
 .debug_info    0x0000d499      0x5a6 build/fatfs.o
 .debug_info    0x0000da3f     0x1e49 build/stm32f1xx_hal_spi.o
 .debug_info    0x0000f888      0x51f build/diskio.o
 .debug_info    0x0000fda7     0x3dc3 build/ff.o
 .debug_info    0x00013b6a      0x44d build/ff_gen_drv.o
 .debug_info    0x00013fb7     0x13f1 build/fatfs_sd.o
 .debug_info    0x000153a8       0x30 build/startup_stm32f103xb.o

.debug_abbrev   0x00000000     0x3242
 .debug_abbrev  0x00000000      0x255 build/stm32f1xx_hal_can.o
 .debug_abbrev  0x00000255      0x232 build/stm32f1xx_hal.o
 .debug_abbrev  0x00000487      0x2d6 build/stm32f1xx_hal_rcc.o
 .debug_abbrev  0x0000075d      0x222 build/stm32f1xx_hal_gpio.o
 .debug_abbrev  0x0000097f      0x3aa build/stm32f1xx_hal_cortex.o
 .debug_abbrev  0x00000d29      0x35f build/stm32f1xx_hal_uart.o
 .debug_abbrev  0x00001088      0x358 build/Cu_main.o
 .debug_abbrev  0x000013e0      0x204 build/can_al.o
 .debug_abbrev  0x000015e4      0x1c2 build/main.o
 .debug_abbrev  0x000017a6      0x14e build/gpio.o
 .debug_abbrev  0x000018f4      0x214 build/can.o
 .debug_abbrev  0x00001b08      0x1fd build/usart.o
 .debug_abbrev  0x00001d05      0x16f build/stm32f1xx_it.o
 .debug_abbrev  0x00001e74       0xe7 build/stm32f1xx_hal_msp.o
 .debug_abbrev  0x00001f5b      0x140 build/system_stm32f1xx.o
 .debug_abbrev  0x0000209b      0x1fd build/spi.o
 .debug_abbrev  0x00002298      0x15b build/user_diskio.o
 .debug_abbrev  0x000023f3      0x18e build/fatfs.o
 .debug_abbrev  0x00002581      0x2be build/stm32f1xx_hal_spi.o
 .debug_abbrev  0x0000283f      0x1b9 build/diskio.o
 .debug_abbrev  0x000029f8      0x310 build/ff.o
 .debug_abbrev  0x00002d08      0x1c9 build/ff_gen_drv.o
 .debug_abbrev  0x00002ed1      0x354 build/fatfs_sd.o
 .debug_abbrev  0x00003225       0x1d build/startup_stm32f103xb.o

.debug_loc      0x00000000    0x12194
 .debug_loc     0x00000000     0x10bb build/stm32f1xx_hal_can.o
 .debug_loc     0x000010bb      0x1f9 build/stm32f1xx_hal.o
 .debug_loc     0x000012b4      0x7c6 build/stm32f1xx_hal_rcc.o
 .debug_loc     0x00001a7a      0x55f build/stm32f1xx_hal_gpio.o
 .debug_loc     0x00001fd9      0x8b4 build/stm32f1xx_hal_cortex.o
 .debug_loc     0x0000288d     0x506e build/stm32f1xx_hal_uart.o
 .debug_loc     0x000078fb      0x251 build/Cu_main.o
 .debug_loc     0x00007b4c      0x3a1 build/can_al.o
 .debug_loc     0x00007eed       0x66 build/main.o
 .debug_loc     0x00007f53       0x38 build/gpio.o
 .debug_loc     0x00007f8b      0x120 build/can.o
 .debug_loc     0x000080ab      0x120 build/usart.o
 .debug_loc     0x000081cb       0x40 build/stm32f1xx_it.o
 .debug_loc     0x0000820b       0x41 build/stm32f1xx_hal_msp.o
 .debug_loc     0x0000824c      0x11b build/system_stm32f1xx.o
 .debug_loc     0x00008367      0x120 build/spi.o
 .debug_loc     0x00008487      0x2cf build/user_diskio.o
 .debug_loc     0x00008756       0x20 build/fatfs.o
 .debug_loc     0x00008776     0x2554 build/stm32f1xx_hal_spi.o
 .debug_loc     0x0000acca      0x377 build/diskio.o
 .debug_loc     0x0000b041     0x5f3d build/ff.o
 .debug_loc     0x00010f7e      0x361 build/ff_gen_drv.o
 .debug_loc     0x000112df      0xeb5 build/fatfs_sd.o

.debug_aranges  0x00000000      0xd60
 .debug_aranges
                0x00000000      0x138 build/stm32f1xx_hal_can.o
 .debug_aranges
                0x00000138       0xe0 build/stm32f1xx_hal.o
 .debug_aranges
                0x00000218       0x90 build/stm32f1xx_hal_rcc.o
 .debug_aranges
                0x000002a8       0x58 build/stm32f1xx_hal_gpio.o
 .debug_aranges
                0x00000300       0xc0 build/stm32f1xx_hal_cortex.o
 .debug_aranges
                0x000003c0      0x208 build/stm32f1xx_hal_uart.o
 .debug_aranges
                0x000005c8       0x40 build/Cu_main.o
 .debug_aranges
                0x00000608       0x48 build/can_al.o
 .debug_aranges
                0x00000650       0x30 build/main.o
 .debug_aranges
                0x00000680       0x20 build/gpio.o
 .debug_aranges
                0x000006a0       0x30 build/can.o
 .debug_aranges
                0x000006d0       0x30 build/usart.o
 .debug_aranges
                0x00000700       0x70 build/stm32f1xx_it.o
 .debug_aranges
                0x00000770       0x20 build/stm32f1xx_hal_msp.o
 .debug_aranges
                0x00000790       0x28 build/system_stm32f1xx.o
 .debug_aranges
                0x000007b8       0x30 build/spi.o
 .debug_aranges
                0x000007e8       0x40 build/user_diskio.o
 .debug_aranges
                0x00000828       0x28 build/fatfs.o
 .debug_aranges
                0x00000850      0x1d0 build/stm32f1xx_hal_spi.o
 .debug_aranges
                0x00000a20       0x48 build/diskio.o
 .debug_aranges
                0x00000a68      0x1e8 build/ff.o
 .debug_aranges
                0x00000c50       0x40 build/ff_gen_drv.o
 .debug_aranges
                0x00000c90       0xa8 build/fatfs_sd.o
 .debug_aranges
                0x00000d38       0x28 build/startup_stm32f103xb.o

.debug_ranges   0x00000000      0xc80
 .debug_ranges  0x00000000      0x128 build/stm32f1xx_hal_can.o
 .debug_ranges  0x00000128       0xd0 build/stm32f1xx_hal.o
 .debug_ranges  0x000001f8       0xa0 build/stm32f1xx_hal_rcc.o
 .debug_ranges  0x00000298       0x48 build/stm32f1xx_hal_gpio.o
 .debug_ranges  0x000002e0       0xb0 build/stm32f1xx_hal_cortex.o
 .debug_ranges  0x00000390      0x210 build/stm32f1xx_hal_uart.o
 .debug_ranges  0x000005a0       0x48 build/Cu_main.o
 .debug_ranges  0x000005e8       0x80 build/can_al.o
 .debug_ranges  0x00000668       0x20 build/main.o
 .debug_ranges  0x00000688       0x10 build/gpio.o
 .debug_ranges  0x00000698       0x20 build/can.o
 .debug_ranges  0x000006b8       0x20 build/usart.o
 .debug_ranges  0x000006d8       0x60 build/stm32f1xx_it.o
 .debug_ranges  0x00000738       0x10 build/stm32f1xx_hal_msp.o
 .debug_ranges  0x00000748       0x18 build/system_stm32f1xx.o
 .debug_ranges  0x00000760       0x20 build/spi.o
 .debug_ranges  0x00000780       0x30 build/user_diskio.o
 .debug_ranges  0x000007b0       0x18 build/fatfs.o
 .debug_ranges  0x000007c8      0x1c0 build/stm32f1xx_hal_spi.o
 .debug_ranges  0x00000988       0x38 build/diskio.o
 .debug_ranges  0x000009c0      0x1d8 build/ff.o
 .debug_ranges  0x00000b98       0x30 build/ff_gen_drv.o
 .debug_ranges  0x00000bc8       0x98 build/fatfs_sd.o
 .debug_ranges  0x00000c60       0x20 build/startup_stm32f103xb.o

.debug_line     0x00000000     0xf09c
 .debug_line    0x00000000     0x10de build/stm32f1xx_hal_can.o
 .debug_line    0x000010de      0x4c6 build/stm32f1xx_hal.o
 .debug_line    0x000015a4      0xc50 build/stm32f1xx_hal_rcc.o
 .debug_line    0x000021f4      0x561 build/stm32f1xx_hal_gpio.o
 .debug_line    0x00002755      0x63f build/stm32f1xx_hal_cortex.o
 .debug_line    0x00002d94     0x3422 build/stm32f1xx_hal_uart.o
 .debug_line    0x000061b6      0x4d0 build/Cu_main.o
 .debug_line    0x00006686      0x36e build/can_al.o
 .debug_line    0x000069f4      0x27b build/main.o
 .debug_line    0x00006c6f      0x16a build/gpio.o
 .debug_line    0x00006dd9      0x2b3 build/can.o
 .debug_line    0x0000708c      0x28f build/usart.o
 .debug_line    0x0000731b      0x280 build/stm32f1xx_it.o
 .debug_line    0x0000759b      0x114 build/stm32f1xx_hal_msp.o
 .debug_line    0x000076af      0x1dd build/system_stm32f1xx.o
 .debug_line    0x0000788c      0x2aa build/spi.o
 .debug_line    0x00007b36      0x138 build/user_diskio.o
 .debug_line    0x00007c6e      0x15b build/fatfs.o
 .debug_line    0x00007dc9     0x2352 build/stm32f1xx_hal_spi.o
 .debug_line    0x0000a11b      0x1f3 build/diskio.o
 .debug_line    0x0000a30e     0x3f79 build/ff.o
 .debug_line    0x0000e287      0x234 build/ff_gen_drv.o
 .debug_line    0x0000e4bb      0xb70 build/fatfs_sd.o
 .debug_line    0x0000f02b       0x71 build/startup_stm32f103xb.o

.debug_str      0x00000000     0x35b4
 .debug_str     0x00000000     0x35b4 build/stm32f1xx_hal_can.o
                                0xa11 (size before relaxing)
 .debug_str     0x000035b4      0x81d build/stm32f1xx_hal.o
 .debug_str     0x000035b4      0x61a build/stm32f1xx_hal_rcc.o
 .debug_str     0x000035b4      0x3ef build/stm32f1xx_hal_gpio.o
 .debug_str     0x000035b4      0x8c2 build/stm32f1xx_hal_cortex.o
 .debug_str     0x000035b4      0xce3 build/stm32f1xx_hal_uart.o
 .debug_str     0x000035b4      0xa37 build/Cu_main.o
 .debug_str     0x000035b4      0x6fa build/can_al.o
 .debug_str     0x000035b4      0x399 build/main.o
 .debug_str     0x000035b4      0x27a build/gpio.o
 .debug_str     0x000035b4      0x86c build/can.o
 .debug_str     0x000035b4      0x6c1 build/usart.o
 .debug_str     0x000035b4      0x517 build/stm32f1xx_it.o
 .debug_str     0x000035b4      0x20e build/stm32f1xx_hal_msp.o
 .debug_str     0x000035b4      0x243 build/system_stm32f1xx.o
 .debug_str     0x000035b4      0x68c build/spi.o
 .debug_str     0x000035b4      0x2cb build/user_diskio.o
 .debug_str     0x000035b4      0x348 build/fatfs.o
 .debug_str     0x000035b4      0xb50 build/stm32f1xx_hal_spi.o
 .debug_str     0x000035b4      0x28a build/diskio.o
 .debug_str     0x000035b4      0x7ba build/ff.o
 .debug_str     0x000035b4      0x2db build/ff_gen_drv.o
 .debug_str     0x000035b4      0x7c8 build/fatfs_sd.o
 .debug_str     0x000035b4       0x65 build/startup_stm32f103xb.o

.debug_frame    0x00000000     0x2abc
 .debug_frame   0x00000000      0x2d4 build/stm32f1xx_hal_can.o
 .debug_frame   0x000002d4      0x1cc build/stm32f1xx_hal.o
 .debug_frame   0x000004a0      0x184 build/stm32f1xx_hal_rcc.o
 .debug_frame   0x00000624       0xe4 build/stm32f1xx_hal_gpio.o
 .debug_frame   0x00000708      0x19c build/stm32f1xx_hal_cortex.o
 .debug_frame   0x000008a4      0x5dc build/stm32f1xx_hal_uart.o
 .debug_frame   0x00000e80       0x88 build/Cu_main.o
 .debug_frame   0x00000f08       0xb8 build/can_al.o
 .debug_frame   0x00000fc0       0x58 build/main.o
 .debug_frame   0x00001018       0x30 build/gpio.o
 .debug_frame   0x00001048       0x64 build/can.o
 .debug_frame   0x000010ac       0x64 build/usart.o
 .debug_frame   0x00001110       0xd0 build/stm32f1xx_it.o
 .debug_frame   0x000011e0       0x28 build/stm32f1xx_hal_msp.o
 .debug_frame   0x00001208       0x30 build/system_stm32f1xx.o
 .debug_frame   0x00001238       0x64 build/spi.o
 .debug_frame   0x0000129c       0x88 build/user_diskio.o
 .debug_frame   0x00001324       0x38 build/fatfs.o
 .debug_frame   0x0000135c      0x5c0 build/stm32f1xx_hal_spi.o
 .debug_frame   0x0000191c       0xa0 build/diskio.o
 .debug_frame   0x000019bc      0x778 build/ff.o
 .debug_frame   0x00002134       0x7c build/ff_gen_drv.o
 .debug_frame   0x000021b0      0x218 build/fatfs_sd.o
 .debug_frame   0x000023c8      0x144 /opt/gcc-arm/bin/../lib/gcc/arm-none-eabi/14.2.1/../../../../arm-none-eabi/lib/thumb/v7-m/nofp/libc_nano.a(libc_a-findfp.o)
 .debug_frame   0x0000250c       0x74 /opt/gcc-arm/bin/../lib/gcc/arm-none-eabi/14.2.1/../../../../arm-none-eabi/lib/thumb/v7-m/nofp/libc_nano.a(libc_a-sprintf.o)
 .debug_frame   0x00002580       0x20 /opt/gcc-arm/bin/../lib/gcc/arm-none-eabi/14.2.1/../../../../arm-none-eabi/lib/thumb/v7-m/nofp/libc_nano.a(libc_a-memset.o)
 .debug_frame   0x000025a0       0x38 /opt/gcc-arm/bin/../lib/gcc/arm-none-eabi/14.2.1/../../../../arm-none-eabi/lib/thumb/v7-m/nofp/libc_nano.a(libc_a-reent.o)
 .debug_frame   0x000025d8       0x2c /opt/gcc-arm/bin/../lib/gcc/arm-none-eabi/14.2.1/../../../../arm-none-eabi/lib/thumb/v7-m/nofp/libc_nano.a(libc_a-init.o)
 .debug_frame   0x00002604       0xb0 /opt/gcc-arm/bin/../lib/gcc/arm-none-eabi/14.2.1/../../../../arm-none-eabi/lib/thumb/v7-m/nofp/libc_nano.a(libc_a-lock.o)
 .debug_frame   0x000026b4       0x20 /opt/gcc-arm/bin/../lib/gcc/arm-none-eabi/14.2.1/../../../../arm-none-eabi/lib/thumb/v7-m/nofp/libc_nano.a(libc_a-strcpy.o)
 .debug_frame   0x000026d4       0x28 /opt/gcc-arm/bin/../lib/gcc/arm-none-eabi/14.2.1/../../../../arm-none-eabi/lib/thumb/v7-m/nofp/libc_nano.a(libc_a-memcpy-stub.o)
 .debug_frame   0x000026fc       0x20 /opt/gcc-arm/bin/../lib/gcc/arm-none-eabi/14.2.1/../../../../arm-none-eabi/lib/thumb/v7-m/nofp/libc_nano.a(libc_a-strlen.o)
 .debug_frame   0x0000271c       0x38 /opt/gcc-arm/bin/../lib/gcc/arm-none-eabi/14.2.1/../../../../arm-none-eabi/lib/thumb/v7-m/nofp/libc_nano.a(libc_a-freer.o)
 .debug_frame   0x00002754       0x50 /opt/gcc-arm/bin/../lib/gcc/arm-none-eabi/14.2.1/../../../../arm-none-eabi/lib/thumb/v7-m/nofp/libc_nano.a(libc_a-mallocr.o)
 .debug_frame   0x000027a4       0x30 /opt/gcc-arm/bin/../lib/gcc/arm-none-eabi/14.2.1/../../../../arm-none-eabi/lib/thumb/v7-m/nofp/libc_nano.a(libc_a-mlock.o)
 .debug_frame   0x000027d4       0x90 /opt/gcc-arm/bin/../lib/gcc/arm-none-eabi/14.2.1/../../../../arm-none-eabi/lib/thumb/v7-m/nofp/libc_nano.a(libc_a-nano-svfprintf.o)
 .debug_frame   0x00002864       0x60 /opt/gcc-arm/bin/../lib/gcc/arm-none-eabi/14.2.1/../../../../arm-none-eabi/lib/thumb/v7-m/nofp/libc_nano.a(libc_a-nano-vfprintf_i.o)
 .debug_frame   0x000028c4       0x28 /opt/gcc-arm/bin/../lib/gcc/arm-none-eabi/14.2.1/../../../../arm-none-eabi/lib/thumb/v7-m/nofp/libc_nano.a(libc_a-memmove.o)
 .debug_frame   0x000028ec       0x2c /opt/gcc-arm/bin/../lib/gcc/arm-none-eabi/14.2.1/../../../../arm-none-eabi/lib/thumb/v7-m/nofp/libc_nano.a(libc_a-sbrkr.o)
 .debug_frame   0x00002918       0x28 /opt/gcc-arm/bin/../lib/gcc/arm-none-eabi/14.2.1/../../../../arm-none-eabi/lib/thumb/v7-m/nofp/libc_nano.a(libc_a-memchr-stub.o)
 .debug_frame   0x00002940       0x3c /opt/gcc-arm/bin/../lib/gcc/arm-none-eabi/14.2.1/../../../../arm-none-eabi/lib/thumb/v7-m/nofp/libc_nano.a(libc_a-reallocr.o)
 .debug_frame   0x0000297c       0x20 /opt/gcc-arm/bin/../lib/gcc/arm-none-eabi/14.2.1/../../../../arm-none-eabi/lib/thumb/v7-m/nofp/libc_nano.a(libc_a-msizer.o)
 .debug_frame   0x0000299c       0x20 /opt/gcc-arm/bin/../lib/gcc/arm-none-eabi/14.2.1/../../../../arm-none-eabi/lib/thumb/v7-m/nofp/libnosys.a(sbrk.o)
 .debug_frame   0x000029bc       0x30 /opt/gcc-arm/bin/../lib/gcc/arm-none-eabi/14.2.1/thumb/v7-m/nofp/libgcc.a(_arm_muldf3.o)
 .debug_frame   0x000029ec       0xac /opt/gcc-arm/bin/../lib/gcc/arm-none-eabi/14.2.1/thumb/v7-m/nofp/libgcc.a(_arm_addsubdf3.o)
 .debug_frame   0x00002a98       0x24 /opt/gcc-arm/bin/../lib/gcc/arm-none-eabi/14.2.1/thumb/v7-m/nofp/libgcc.a(_arm_fixunsdfsi.o)

.debug_line_str
                0x00000000      0x1a3
 .debug_line_str
                0x00000000      0x1a3 /opt/gcc-arm/bin/../lib/gcc/arm-none-eabi/14.2.1/../../../../arm-none-eabi/lib/thumb/v7-m/nofp/libc_nano.a(libc_a-strlen.o)
                                 0xe0 (size before relaxing)
 .debug_line_str
                0x000001a3       0xc3 /opt/gcc-arm/bin/../lib/gcc/arm-none-eabi/14.2.1/thumb/v7-m/nofp/libgcc.a(_arm_muldf3.o)
 .debug_line_str
                0x000001a3       0xc3 /opt/gcc-arm/bin/../lib/gcc/arm-none-eabi/14.2.1/thumb/v7-m/nofp/libgcc.a(_arm_addsubdf3.o)
 .debug_line_str
                0x000001a3       0xc3 /opt/gcc-arm/bin/../lib/gcc/arm-none-eabi/14.2.1/thumb/v7-m/nofp/libgcc.a(_arm_fixunsdfsi.o)

Cross Reference Table

Symbol                                            File
ADC1_2_IRQHandler                                 build/startup_stm32f103xb.o
AHBPrescTable                                     build/system_stm32f1xx.o
                                                  build/stm32f1xx_hal_rcc.o
APBPrescTable                                     build/system_stm32f1xx.o
                                                  build/stm32f1xx_hal_rcc.o
BusFault_Handler                                  build/stm32f1xx_it.o
CAN                                               build/Cu_main.o
CAN1_RX1_IRQHandler                               build/startup_stm32f103xb.o
CAN1_SCE_IRQHandler                               build/startup_stm32f103xb.o
CAN_Add_Filter_Discrete                           build/can_al.o
                                                  build/Cu_main.o
CAN_ISR_FLAG                                      build/can_al.o
                                                  build/Cu_main.o
CAN_Pack_TX_2Byte                                 build/can_al.o
CAN_Send                                          build/can_al.o
CAN_Start                                         build/can_al.o
                                                  build/Cu_main.o
CAN_Unpack_RX_2Byte                               build/can_al.o
                                                  build/Cu_main.o
Cu_main                                           build/Cu_main.o
                                                  build/main.o
DMA1_Channel1_IRQHandler                          build/startup_stm32f103xb.o
DMA1_Channel2_IRQHandler                          build/startup_stm32f103xb.o
DMA1_Channel3_IRQHandler                          build/startup_stm32f103xb.o
DMA1_Channel4_IRQHandler                          build/startup_stm32f103xb.o
DMA1_Channel5_IRQHandler                          build/startup_stm32f103xb.o
DMA1_Channel6_IRQHandler                          build/startup_stm32f103xb.o
DMA1_Channel7_IRQHandler                          build/startup_stm32f103xb.o
DebugMon_Handler                                  build/stm32f1xx_it.o
Default_Handler                                   build/startup_stm32f103xb.o
EXTI0_IRQHandler                                  build/startup_stm32f103xb.o
EXTI15_10_IRQHandler                              build/startup_stm32f103xb.o
EXTI1_IRQHandler                                  build/startup_stm32f103xb.o
EXTI2_IRQHandler                                  build/startup_stm32f103xb.o
EXTI3_IRQHandler                                  build/startup_stm32f103xb.o
EXTI4_IRQHandler                                  build/startup_stm32f103xb.o
EXTI9_5_IRQHandler                                build/startup_stm32f103xb.o
Error_Handler                                     build/main.o
                                                  build/spi.o
                                                  build/usart.o
                                                  build/can.o
FATFS_GetAttachedDriversNbr                       build/ff_gen_drv.o
FATFS_LinkDriver                                  build/ff_gen_drv.o
                                                  build/fatfs.o
FATFS_LinkDriverEx                                build/ff_gen_drv.o
FATFS_UnLinkDriver                                build/ff_gen_drv.o
FATFS_UnLinkDriverEx                              build/ff_gen_drv.o
FLASH_IRQHandler                                  build/startup_stm32f103xb.o
FLASH_PageErase                                   build/stm32f1xx_hal_flash_ex.o
                                                  build/stm32f1xx_hal_flash.o
FLASH_WaitForLastOperation                        build/stm32f1xx_hal_flash.o
                                                  build/stm32f1xx_hal_flash_ex.o
FatFsCnt                                          build/stm32f1xx_it.o
HAL_CAN_AbortTxRequest                            build/stm32f1xx_hal_can.o
HAL_CAN_ActivateNotification                      build/stm32f1xx_hal_can.o
                                                  build/can_al.o
HAL_CAN_AddTxMessage                              build/stm32f1xx_hal_can.o
                                                  build/can_al.o
HAL_CAN_ConfigFilter                              build/stm32f1xx_hal_can.o
                                                  build/can_al.o
HAL_CAN_DeInit                                    build/stm32f1xx_hal_can.o
HAL_CAN_DeactivateNotification                    build/stm32f1xx_hal_can.o
HAL_CAN_ErrorCallback                             build/stm32f1xx_hal_can.o
HAL_CAN_GetError                                  build/stm32f1xx_hal_can.o
HAL_CAN_GetRxFifoFillLevel                        build/stm32f1xx_hal_can.o
HAL_CAN_GetRxMessage                              build/stm32f1xx_hal_can.o
                                                  build/can_al.o
HAL_CAN_GetState                                  build/stm32f1xx_hal_can.o
HAL_CAN_GetTxMailboxesFreeLevel                   build/stm32f1xx_hal_can.o
HAL_CAN_GetTxTimestamp                            build/stm32f1xx_hal_can.o
HAL_CAN_IRQHandler                                build/stm32f1xx_hal_can.o
                                                  build/stm32f1xx_it.o
HAL_CAN_Init                                      build/stm32f1xx_hal_can.o
                                                  build/can.o
HAL_CAN_IsSleepActive                             build/stm32f1xx_hal_can.o
HAL_CAN_IsTxMessagePending                        build/stm32f1xx_hal_can.o
HAL_CAN_MspDeInit                                 build/can.o
                                                  build/stm32f1xx_hal_can.o
HAL_CAN_MspInit                                   build/can.o
                                                  build/stm32f1xx_hal_can.o
HAL_CAN_RequestSleep                              build/stm32f1xx_hal_can.o
HAL_CAN_ResetError                                build/stm32f1xx_hal_can.o
HAL_CAN_RxFifo0FullCallback                       build/stm32f1xx_hal_can.o
HAL_CAN_RxFifo0MsgPendingCallback                 build/can_al.o
                                                  build/stm32f1xx_hal_can.o
HAL_CAN_RxFifo1FullCallback                       build/stm32f1xx_hal_can.o
HAL_CAN_RxFifo1MsgPendingCallback                 build/stm32f1xx_hal_can.o
HAL_CAN_SleepCallback                             build/stm32f1xx_hal_can.o
HAL_CAN_Start                                     build/stm32f1xx_hal_can.o
                                                  build/can_al.o
HAL_CAN_Stop                                      build/stm32f1xx_hal_can.o
HAL_CAN_TxMailbox0AbortCallback                   build/stm32f1xx_hal_can.o
HAL_CAN_TxMailbox0CompleteCallback                build/stm32f1xx_hal_can.o
HAL_CAN_TxMailbox1AbortCallback                   build/stm32f1xx_hal_can.o
HAL_CAN_TxMailbox1CompleteCallback                build/stm32f1xx_hal_can.o
HAL_CAN_TxMailbox2AbortCallback                   build/stm32f1xx_hal_can.o
HAL_CAN_TxMailbox2CompleteCallback                build/stm32f1xx_hal_can.o
HAL_CAN_WakeUp                                    build/stm32f1xx_hal_can.o
HAL_CAN_WakeUpFromRxMsgCallback                   build/stm32f1xx_hal_can.o
HAL_DBGMCU_DisableDBGSleepMode                    build/stm32f1xx_hal.o
HAL_DBGMCU_DisableDBGStandbyMode                  build/stm32f1xx_hal.o
HAL_DBGMCU_DisableDBGStopMode                     build/stm32f1xx_hal.o
HAL_DBGMCU_EnableDBGSleepMode                     build/stm32f1xx_hal.o
HAL_DBGMCU_EnableDBGStandbyMode                   build/stm32f1xx_hal.o
HAL_DBGMCU_EnableDBGStopMode                      build/stm32f1xx_hal.o
HAL_DMA_Abort                                     build/stm32f1xx_hal_dma.o
                                                  build/stm32f1xx_hal_spi.o
                                                  build/stm32f1xx_hal_uart.o
HAL_DMA_Abort_IT                                  build/stm32f1xx_hal_dma.o
                                                  build/stm32f1xx_hal_spi.o
                                                  build/stm32f1xx_hal_uart.o
HAL_DMA_DeInit                                    build/stm32f1xx_hal_dma.o
HAL_DMA_GetError                                  build/stm32f1xx_hal_dma.o
                                                  build/stm32f1xx_hal_uart.o
HAL_DMA_GetState                                  build/stm32f1xx_hal_dma.o
HAL_DMA_IRQHandler                                build/stm32f1xx_hal_dma.o
HAL_DMA_Init                                      build/stm32f1xx_hal_dma.o
HAL_DMA_PollForTransfer                           build/stm32f1xx_hal_dma.o
HAL_DMA_RegisterCallback                          build/stm32f1xx_hal_dma.o
HAL_DMA_Start                                     build/stm32f1xx_hal_dma.o
HAL_DMA_Start_IT                                  build/stm32f1xx_hal_dma.o
                                                  build/stm32f1xx_hal_spi.o
                                                  build/stm32f1xx_hal_uart.o
HAL_DMA_UnRegisterCallback                        build/stm32f1xx_hal_dma.o
HAL_DeInit                                        build/stm32f1xx_hal.o
HAL_Delay                                         build/stm32f1xx_hal.o
                                                  build/fatfs_sd.o
                                                  build/Cu_main.o
HAL_EXTI_ClearConfigLine                          build/stm32f1xx_hal_exti.o
HAL_EXTI_ClearPending                             build/stm32f1xx_hal_exti.o
HAL_EXTI_GenerateSWI                              build/stm32f1xx_hal_exti.o
HAL_EXTI_GetConfigLine                            build/stm32f1xx_hal_exti.o
HAL_EXTI_GetHandle                                build/stm32f1xx_hal_exti.o
HAL_EXTI_GetPending                               build/stm32f1xx_hal_exti.o
HAL_EXTI_IRQHandler                               build/stm32f1xx_hal_exti.o
HAL_EXTI_RegisterCallback                         build/stm32f1xx_hal_exti.o
HAL_EXTI_SetConfigLine                            build/stm32f1xx_hal_exti.o
HAL_FLASHEx_Erase                                 build/stm32f1xx_hal_flash_ex.o
HAL_FLASHEx_Erase_IT                              build/stm32f1xx_hal_flash_ex.o
HAL_FLASHEx_OBErase                               build/stm32f1xx_hal_flash_ex.o
HAL_FLASHEx_OBGetConfig                           build/stm32f1xx_hal_flash_ex.o
HAL_FLASHEx_OBGetUserData                         build/stm32f1xx_hal_flash_ex.o
HAL_FLASHEx_OBProgram                             build/stm32f1xx_hal_flash_ex.o
HAL_FLASH_EndOfOperationCallback                  build/stm32f1xx_hal_flash.o
HAL_FLASH_GetError                                build/stm32f1xx_hal_flash.o
HAL_FLASH_IRQHandler                              build/stm32f1xx_hal_flash.o
HAL_FLASH_Lock                                    build/stm32f1xx_hal_flash.o
HAL_FLASH_OB_Launch                               build/stm32f1xx_hal_flash.o
HAL_FLASH_OB_Lock                                 build/stm32f1xx_hal_flash.o
HAL_FLASH_OB_Unlock                               build/stm32f1xx_hal_flash.o
HAL_FLASH_OperationErrorCallback                  build/stm32f1xx_hal_flash.o
HAL_FLASH_Program                                 build/stm32f1xx_hal_flash.o
HAL_FLASH_Program_IT                              build/stm32f1xx_hal_flash.o
HAL_FLASH_Unlock                                  build/stm32f1xx_hal_flash.o
HAL_GPIOEx_ConfigEventout                         build/stm32f1xx_hal_gpio_ex.o
HAL_GPIOEx_DisableEventout                        build/stm32f1xx_hal_gpio_ex.o
HAL_GPIOEx_EnableEventout                         build/stm32f1xx_hal_gpio_ex.o
HAL_GPIO_DeInit                                   build/stm32f1xx_hal_gpio.o
                                                  build/spi.o
                                                  build/usart.o
                                                  build/can.o
HAL_GPIO_EXTI_Callback                            build/stm32f1xx_hal_gpio.o
HAL_GPIO_EXTI_IRQHandler                          build/stm32f1xx_hal_gpio.o
HAL_GPIO_Init                                     build/stm32f1xx_hal_gpio.o
                                                  build/spi.o
                                                  build/usart.o
                                                  build/can.o
                                                  build/gpio.o
                                                  build/stm32f1xx_hal_rcc.o
HAL_GPIO_LockPin                                  build/stm32f1xx_hal_gpio.o
HAL_GPIO_ReadPin                                  build/stm32f1xx_hal_gpio.o
HAL_GPIO_TogglePin                                build/stm32f1xx_hal_gpio.o
HAL_GPIO_WritePin                                 build/stm32f1xx_hal_gpio.o
                                                  build/fatfs_sd.o
                                                  build/gpio.o
HAL_GetDEVID                                      build/stm32f1xx_hal.o
HAL_GetHalVersion                                 build/stm32f1xx_hal.o
HAL_GetREVID                                      build/stm32f1xx_hal.o
HAL_GetTick                                       build/stm32f1xx_hal.o
                                                  build/stm32f1xx_hal_spi.o
                                                  build/stm32f1xx_hal_uart.o
                                                  build/stm32f1xx_hal_flash.o
                                                  build/stm32f1xx_hal_dma.o
                                                  build/stm32f1xx_hal_rcc_ex.o
                                                  build/stm32f1xx_hal_rcc.o
                                                  build/stm32f1xx_hal_can.o
HAL_GetTickFreq                                   build/stm32f1xx_hal.o
HAL_GetTickPrio                                   build/stm32f1xx_hal.o
HAL_GetUIDw0                                      build/stm32f1xx_hal.o
HAL_GetUIDw1                                      build/stm32f1xx_hal.o
HAL_GetUIDw2                                      build/stm32f1xx_hal.o
HAL_HalfDuplex_EnableReceiver                     build/stm32f1xx_hal_uart.o
HAL_HalfDuplex_EnableTransmitter                  build/stm32f1xx_hal_uart.o
HAL_HalfDuplex_Init                               build/stm32f1xx_hal_uart.o
HAL_IncTick                                       build/stm32f1xx_hal.o
                                                  build/stm32f1xx_it.o
HAL_Init                                          build/stm32f1xx_hal.o
                                                  build/main.o
HAL_InitTick                                      build/stm32f1xx_hal.o
                                                  build/stm32f1xx_hal_rcc.o
HAL_LIN_Init                                      build/stm32f1xx_hal_uart.o
HAL_LIN_SendBreak                                 build/stm32f1xx_hal_uart.o
HAL_MspDeInit                                     build/stm32f1xx_hal.o
HAL_MspInit                                       build/stm32f1xx_hal_msp.o
                                                  build/stm32f1xx_hal.o
HAL_MultiProcessor_EnterMuteMode                  build/stm32f1xx_hal_uart.o
HAL_MultiProcessor_ExitMuteMode                   build/stm32f1xx_hal_uart.o
HAL_MultiProcessor_Init                           build/stm32f1xx_hal_uart.o
HAL_NVIC_ClearPendingIRQ                          build/stm32f1xx_hal_cortex.o
HAL_NVIC_DisableIRQ                               build/stm32f1xx_hal_cortex.o
                                                  build/can.o
HAL_NVIC_EnableIRQ                                build/stm32f1xx_hal_cortex.o
                                                  build/can.o
HAL_NVIC_GetActive                                build/stm32f1xx_hal_cortex.o
HAL_NVIC_GetPendingIRQ                            build/stm32f1xx_hal_cortex.o
HAL_NVIC_GetPriority                              build/stm32f1xx_hal_cortex.o
HAL_NVIC_GetPriorityGrouping                      build/stm32f1xx_hal_cortex.o
HAL_NVIC_SetPendingIRQ                            build/stm32f1xx_hal_cortex.o
HAL_NVIC_SetPriority                              build/stm32f1xx_hal_cortex.o
                                                  build/can.o
                                                  build/stm32f1xx_hal.o
HAL_NVIC_SetPriorityGrouping                      build/stm32f1xx_hal_cortex.o
                                                  build/stm32f1xx_hal.o
HAL_NVIC_SystemReset                              build/stm32f1xx_hal_cortex.o
                                                  build/stm32f1xx_hal_flash.o
HAL_PWR_ConfigPVD                                 build/stm32f1xx_hal_pwr.o
HAL_PWR_DeInit                                    build/stm32f1xx_hal_pwr.o
HAL_PWR_DisableBkUpAccess                         build/stm32f1xx_hal_pwr.o
HAL_PWR_DisablePVD                                build/stm32f1xx_hal_pwr.o
HAL_PWR_DisableSEVOnPend                          build/stm32f1xx_hal_pwr.o
HAL_PWR_DisableSleepOnExit                        build/stm32f1xx_hal_pwr.o
HAL_PWR_DisableWakeUpPin                          build/stm32f1xx_hal_pwr.o
HAL_PWR_EnableBkUpAccess                          build/stm32f1xx_hal_pwr.o
HAL_PWR_EnablePVD                                 build/stm32f1xx_hal_pwr.o
HAL_PWR_EnableSEVOnPend                           build/stm32f1xx_hal_pwr.o
HAL_PWR_EnableSleepOnExit                         build/stm32f1xx_hal_pwr.o
HAL_PWR_EnableWakeUpPin                           build/stm32f1xx_hal_pwr.o
HAL_PWR_EnterSLEEPMode                            build/stm32f1xx_hal_pwr.o
HAL_PWR_EnterSTANDBYMode                          build/stm32f1xx_hal_pwr.o
HAL_PWR_EnterSTOPMode                             build/stm32f1xx_hal_pwr.o
HAL_PWR_PVDCallback                               build/stm32f1xx_hal_pwr.o
HAL_PWR_PVD_IRQHandler                            build/stm32f1xx_hal_pwr.o
HAL_RCCEx_GetPeriphCLKConfig                      build/stm32f1xx_hal_rcc_ex.o
HAL_RCCEx_GetPeriphCLKFreq                        build/stm32f1xx_hal_rcc_ex.o
HAL_RCCEx_PeriphCLKConfig                         build/stm32f1xx_hal_rcc_ex.o
HAL_RCC_CSSCallback                               build/stm32f1xx_hal_rcc.o
HAL_RCC_ClockConfig                               build/stm32f1xx_hal_rcc.o
                                                  build/main.o
HAL_RCC_DeInit                                    build/stm32f1xx_hal_rcc.o
HAL_RCC_DisableCSS                                build/stm32f1xx_hal_rcc.o
HAL_RCC_EnableCSS                                 build/stm32f1xx_hal_rcc.o
HAL_RCC_GetClockConfig                            build/stm32f1xx_hal_rcc.o
HAL_RCC_GetHCLKFreq                               build/stm32f1xx_hal_rcc.o
HAL_RCC_GetOscConfig                              build/stm32f1xx_hal_rcc.o
HAL_RCC_GetPCLK1Freq                              build/stm32f1xx_hal_rcc.o
                                                  build/stm32f1xx_hal_uart.o
HAL_RCC_GetPCLK2Freq                              build/stm32f1xx_hal_rcc.o
                                                  build/stm32f1xx_hal_uart.o
                                                  build/stm32f1xx_hal_rcc_ex.o
HAL_RCC_GetSysClockFreq                           build/stm32f1xx_hal_rcc.o
HAL_RCC_MCOConfig                                 build/stm32f1xx_hal_rcc.o
HAL_RCC_NMI_IRQHandler                            build/stm32f1xx_hal_rcc.o
HAL_RCC_OscConfig                                 build/stm32f1xx_hal_rcc.o
                                                  build/main.o
HAL_ResumeTick                                    build/stm32f1xx_hal.o
HAL_SPI_Abort                                     build/stm32f1xx_hal_spi.o
HAL_SPI_AbortCpltCallback                         build/stm32f1xx_hal_spi.o
HAL_SPI_Abort_IT                                  build/stm32f1xx_hal_spi.o
HAL_SPI_DMAPause                                  build/stm32f1xx_hal_spi.o
HAL_SPI_DMAResume                                 build/stm32f1xx_hal_spi.o
HAL_SPI_DMAStop                                   build/stm32f1xx_hal_spi.o
HAL_SPI_DeInit                                    build/stm32f1xx_hal_spi.o
HAL_SPI_ErrorCallback                             build/stm32f1xx_hal_spi.o
HAL_SPI_GetError                                  build/stm32f1xx_hal_spi.o
HAL_SPI_GetState                                  build/stm32f1xx_hal_spi.o
HAL_SPI_IRQHandler                                build/stm32f1xx_hal_spi.o
HAL_SPI_Init                                      build/stm32f1xx_hal_spi.o
                                                  build/spi.o
HAL_SPI_MspDeInit                                 build/spi.o
HAL_SPI_MspInit                                   build/spi.o
HAL_SPI_Receive                                   build/stm32f1xx_hal_spi.o
HAL_SPI_Receive_DMA                               build/stm32f1xx_hal_spi.o
HAL_SPI_Receive_IT                                build/stm32f1xx_hal_spi.o
HAL_SPI_RxCpltCallback                            build/stm32f1xx_hal_spi.o
HAL_SPI_RxHalfCpltCallback                        build/stm32f1xx_hal_spi.o
HAL_SPI_Transmit                                  build/stm32f1xx_hal_spi.o
                                                  build/fatfs_sd.o
HAL_SPI_TransmitReceive                           build/stm32f1xx_hal_spi.o
                                                  build/fatfs_sd.o
HAL_SPI_TransmitReceive_DMA                       build/stm32f1xx_hal_spi.o
HAL_SPI_TransmitReceive_IT                        build/stm32f1xx_hal_spi.o
HAL_SPI_Transmit_DMA                              build/stm32f1xx_hal_spi.o
HAL_SPI_Transmit_IT                               build/stm32f1xx_hal_spi.o
HAL_SPI_TxCpltCallback                            build/stm32f1xx_hal_spi.o
HAL_SPI_TxHalfCpltCallback                        build/stm32f1xx_hal_spi.o
HAL_SPI_TxRxCpltCallback                          build/stm32f1xx_hal_spi.o
HAL_SPI_TxRxHalfCpltCallback                      build/stm32f1xx_hal_spi.o
HAL_SYSTICK_CLKSourceConfig                       build/stm32f1xx_hal_cortex.o
HAL_SYSTICK_Callback                              build/stm32f1xx_hal_cortex.o
HAL_SYSTICK_Config                                build/stm32f1xx_hal_cortex.o
                                                  build/stm32f1xx_hal.o
HAL_SYSTICK_IRQHandler                            build/stm32f1xx_hal_cortex.o
HAL_SetTickFreq                                   build/stm32f1xx_hal.o
HAL_SuspendTick                                   build/stm32f1xx_hal.o
HAL_UARTEx_GetRxEventType                         build/stm32f1xx_hal_uart.o
HAL_UARTEx_ReceiveToIdle                          build/stm32f1xx_hal_uart.o
HAL_UARTEx_ReceiveToIdle_DMA                      build/stm32f1xx_hal_uart.o
HAL_UARTEx_ReceiveToIdle_IT                       build/stm32f1xx_hal_uart.o
HAL_UARTEx_RxEventCallback                        build/stm32f1xx_hal_uart.o
HAL_UART_Abort                                    build/stm32f1xx_hal_uart.o
HAL_UART_AbortCpltCallback                        build/stm32f1xx_hal_uart.o
HAL_UART_AbortReceive                             build/stm32f1xx_hal_uart.o
HAL_UART_AbortReceiveCpltCallback                 build/stm32f1xx_hal_uart.o
HAL_UART_AbortReceive_IT                          build/stm32f1xx_hal_uart.o
HAL_UART_AbortTransmit                            build/stm32f1xx_hal_uart.o
HAL_UART_AbortTransmitCpltCallback                build/stm32f1xx_hal_uart.o
HAL_UART_AbortTransmit_IT                         build/stm32f1xx_hal_uart.o
HAL_UART_Abort_IT                                 build/stm32f1xx_hal_uart.o
HAL_UART_DMAPause                                 build/stm32f1xx_hal_uart.o
HAL_UART_DMAResume                                build/stm32f1xx_hal_uart.o
HAL_UART_DMAStop                                  build/stm32f1xx_hal_uart.o
HAL_UART_DeInit                                   build/stm32f1xx_hal_uart.o
HAL_UART_ErrorCallback                            build/stm32f1xx_hal_uart.o
HAL_UART_GetError                                 build/stm32f1xx_hal_uart.o
HAL_UART_GetState                                 build/stm32f1xx_hal_uart.o
HAL_UART_IRQHandler                               build/stm32f1xx_hal_uart.o
HAL_UART_Init                                     build/stm32f1xx_hal_uart.o
                                                  build/usart.o
HAL_UART_MspDeInit                                build/usart.o
                                                  build/stm32f1xx_hal_uart.o
HAL_UART_MspInit                                  build/usart.o
                                                  build/stm32f1xx_hal_uart.o
HAL_UART_Receive                                  build/stm32f1xx_hal_uart.o
HAL_UART_Receive_DMA                              build/stm32f1xx_hal_uart.o
HAL_UART_Receive_IT                               build/stm32f1xx_hal_uart.o
HAL_UART_RxCpltCallback                           build/stm32f1xx_hal_uart.o
HAL_UART_RxHalfCpltCallback                       build/stm32f1xx_hal_uart.o
HAL_UART_Transmit                                 build/stm32f1xx_hal_uart.o
                                                  build/Cu_main.o
HAL_UART_Transmit_DMA                             build/stm32f1xx_hal_uart.o
HAL_UART_Transmit_IT                              build/stm32f1xx_hal_uart.o
HAL_UART_TxCpltCallback                           build/stm32f1xx_hal_uart.o
HAL_UART_TxHalfCpltCallback                       build/stm32f1xx_hal_uart.o
HardFault_Handler                                 build/stm32f1xx_it.o
I2C1_ER_IRQHandler                                build/startup_stm32f103xb.o
I2C1_EV_IRQHandler                                build/startup_stm32f103xb.o