Archive member included to satisfy reference by file (symbol)

/opt/arm-gnu-toolchain-14.3.rel1-x86_64-arm-none-eabi/bin/../lib/gcc/arm-none-eabi/14.3.1/../../../../arm-none-eabi/lib/thumb/v7-m/nofp/libc_nano.a(libc_a-exit.o)
                              /opt/arm-gnu-toolchain-14.3.rel1-x86_64-arm-none-eabi/bin/../lib/gcc/arm-none-eabi/14.3.1/../../../../arm-none-eabi/lib/thumb/v7-m/nofp/crt0.o (exit)
/opt/arm-gnu-toolchain-14.3.rel1-x86_64-arm-none-eabi/bin/../lib/gcc/arm-none-eabi/14.3.1/../../../../arm-none-eabi/lib/thumb/v7-m/nofp/libc_nano.a(libc_a-findfp.o)
                              /opt/arm-gnu-toolchain-14.3.rel1-x86_64-arm-none-eabi/bin/../lib/gcc/arm-none-eabi/14.3.1/../../../../arm-none-eabi/lib/thumb/v7-m/nofp/libc_nano.a(libc_a-exit.o) (__stdio_exit_handler)
/opt/arm-gnu-toolchain-14.3.rel1-x86_64-arm-none-eabi/bin/../lib/gcc/arm-none-eabi/14.3.1/../../../../arm-none-eabi/lib/thumb/v7-m/nofp/libc_nano.a(libc_a-fwalk.o)
                              /opt/arm-gnu-toolchain-14.3.rel1-x86_64-arm-none-eabi/bin/../lib/gcc/arm-none-eabi/14.3.1/../../../../arm-none-eabi/lib/thumb/v7-m/nofp/libc_nano.a(libc_a-findfp.o) (_fwalk_sglue)
/opt/arm-gnu-toolchain-14.3.rel1-x86_64-arm-none-eabi/bin/../lib/gcc/arm-none-eabi/14.3.1/../../../../arm-none-eabi/lib/thumb/v7-m/nofp/libc_nano.a(libc_a-sprintf.o)
                              build/Cu_main.o (sprintf)
/opt/arm-gnu-toolchain-14.3.rel1-x86_64-arm-none-eabi/bin/../lib/gcc/arm-none-eabi/14.3.1/../../../../arm-none-eabi/lib/thumb/v7-m/nofp/libc_nano.a(libc_a-stdio.o)
                              /opt/arm-gnu-toolchain-14.3.rel1-x86_64-arm-none-eabi/bin/../lib/gcc/arm-none-eabi/14.3.1/../../../../arm-none-eabi/lib/thumb/v7-m/nofp/libc_nano.a(libc_a-findfp.o) (__sread)
/opt/arm-gnu-toolchain-14.3.rel1-x86_64-arm-none-eabi/bin/../lib/gcc/arm-none-eabi/14.3.1/../../../../arm-none-eabi/lib/thumb/v7-m/nofp/libc_nano.a(libc_a-memset.o)
                              /opt/arm-gnu-toolchain-14.3.rel1-x86_64-arm-none-eabi/bin/../lib/gcc/arm-none-eabi/14.3.1/../../../../arm-none-eabi/lib/thumb/v7-m/nofp/crt0.o (memset)
/opt/arm-gnu-toolchain-14.3.rel1-x86_64-arm-none-eabi/bin/../lib/gcc/arm-none-eabi/14.3.1/../../../../arm-none-eabi/lib/thumb/v7-m/nofp/libc_nano.a(libc_a-strncmp.o)
                              build/Cu_main.o (strncmp)
/opt/arm-gnu-toolchain-14.3.rel1-x86_64-arm-none-eabi/bin/../lib/gcc/arm-none-eabi/14.3.1/../../../../arm-none-eabi/lib/thumb/v7-m/nofp/libc_nano.a(libc_a-closer.o)
                              /opt/arm-gnu-toolchain-14.3.rel1-x86_64-arm-none-eabi/bin/../lib/gcc/arm-none-eabi/14.3.1/../../../../arm-none-eabi/lib/thumb/v7-m/nofp/libc_nano.a(libc_a-stdio.o) (_close_r)
/opt/arm-gnu-toolchain-14.3.rel1-x86_64-arm-none-eabi/bin/../lib/gcc/arm-none-eabi/14.3.1/../../../../arm-none-eabi/lib/thumb/v7-m/nofp/libc_nano.a(libc_a-reent.o)
                              /opt/arm-gnu-toolchain-14.3.rel1-x86_64-arm-none-eabi/bin/../lib/gcc/arm-none-eabi/14.3.1/../../../../arm-none-eabi/lib/thumb/v7-m/nofp/libc_nano.a(libc_a-closer.o) (errno)
/opt/arm-gnu-toolchain-14.3.rel1-x86_64-arm-none-eabi/bin/../lib/gcc/arm-none-eabi/14.3.1/../../../../arm-none-eabi/lib/thumb/v7-m/nofp/libc_nano.a(libc_a-impure.o)
                              /opt/arm-gnu-toolchain-14.3.rel1-x86_64-arm-none-eabi/bin/../lib/gcc/arm-none-eabi/14.3.1/../../../../arm-none-eabi/lib/thumb/v7-m/nofp/libc_nano.a(libc_a-sprintf.o) (_impure_ptr)
/opt/arm-gnu-toolchain-14.3.rel1-x86_64-arm-none-eabi/bin/../lib/gcc/arm-none-eabi/14.3.1/../../../../arm-none-eabi/lib/thumb/v7-m/nofp/libc_nano.a(libc_a-lseekr.o)
                              /opt/arm-gnu-toolchain-14.3.rel1-x86_64-arm-none-eabi/bin/../lib/gcc/arm-none-eabi/14.3.1/../../../../arm-none-eabi/lib/thumb/v7-m/nofp/libc_nano.a(libc_a-stdio.o) (_lseek_r)
/opt/arm-gnu-toolchain-14.3.rel1-x86_64-arm-none-eabi/bin/../lib/gcc/arm-none-eabi/14.3.1/../../../../arm-none-eabi/lib/thumb/v7-m/nofp/libc_nano.a(libc_a-readr.o)
                              /opt/arm-gnu-toolchain-14.3.rel1-x86_64-arm-none-eabi/bin/../lib/gcc/arm-none-eabi/14.3.1/../../../../arm-none-eabi/lib/thumb/v7-m/nofp/libc_nano.a(libc_a-stdio.o) (_read_r)
/opt/arm-gnu-toolchain-14.3.rel1-x86_64-arm-none-eabi/bin/../lib/gcc/arm-none-eabi/14.3.1/../../../../arm-none-eabi/lib/thumb/v7-m/nofp/libc_nano.a(libc_a-writer.o)
                              /opt/arm-gnu-toolchain-14.3.rel1-x86_64-arm-none-eabi/bin/../lib/gcc/arm-none-eabi/14.3.1/../../../../arm-none-eabi/lib/thumb/v7-m/nofp/libc_nano.a(libc_a-stdio.o) (_write_r)
/opt/arm-gnu-toolchain-14.3.rel1-x86_64-arm-none-eabi/bin/../lib/gcc/arm-none-eabi/14.3.1/../../../../arm-none-eabi/lib/thumb/v7-m/nofp/libc_nano.a(libc_a-init.o)
                              /opt/arm-gnu-toolchain-14.3.rel1-x86_64-arm-none-eabi/bin/../lib/gcc/arm-none-eabi/14.3.1/../../../../arm-none-eabi/lib/thumb/v7-m/nofp/crt0.o (__libc_init_array)
[...]
Memory Configuration

Name             Origin             Length             Attributes
RAM              0x20000000         0x00005000         xrw
FLASH            0x08000000         0x00010000         xr
*default*        0x00000000         0xffffffff

Linker script and memory map

LOAD /opt/arm-gnu-toolchain-14.3.rel1-x86_64-arm-none-eabi/bin/../lib/gcc/arm-none-eabi/14.3.1/thumb/v7-m/nofp/crti.o
LOAD /opt/arm-gnu-toolchain-14.3.rel1-x86_64-arm-none-eabi/bin/../lib/gcc/arm-none-eabi/14.3.1/thumb/v7-m/nofp/crtbegin.o
LOAD /opt/arm-gnu-toolchain-14.3.rel1-x86_64-arm-none-eabi/bin/../lib/gcc/arm-none-eabi/14.3.1/../../../../arm-none-eabi/lib/thumb/v7-m/nofp/crt0.o
LOAD build/stm32f1xx_hal_gpio_ex.o
LOAD build/stm32f1xx_hal_can.o
LOAD build/stm32f1xx_hal.o
LOAD build/stm32f1xx_hal_rcc.o
LOAD build/stm32f1xx_hal_rcc_ex.o
LOAD build/stm32f1xx_hal_gpio.o
LOAD build/stm32f1xx_hal_dma.o
LOAD build/stm32f1xx_hal_cortex.o
LOAD build/stm32f1xx_hal_pwr.o
LOAD build/stm32f1xx_hal_flash.o
LOAD build/stm32f1xx_hal_flash_ex.o
LOAD build/stm32f1xx_hal_exti.o
LOAD build/stm32f1xx_hal_uart.o
LOAD build/Cu_main.o
LOAD build/can_al.o
LOAD build/uart_al.o
LOAD build/debug.o
LOAD build/sd_al.o
LOAD build/main.o
LOAD build/gpio.o
LOAD build/can.o
LOAD build/usart.o
LOAD build/stm32f1xx_it.o
LOAD build/stm32f1xx_hal_msp.o
LOAD build/system_stm32f1xx.o
LOAD build/spi.o
LOAD build/user_diskio.o
LOAD build/fatfs.o
LOAD build/stm32f1xx_hal_spi.o
LOAD build/diskio.o
LOAD build/ff.o
LOAD build/ff_gen_drv.o
LOAD build/syscall.o
LOAD build/fatfs_sd.o
LOAD build/tim.o
LOAD build/stm32f1xx_hal_tim.o
LOAD build/stm32f1xx_hal_tim_ex.o
LOAD build/startup_stm32f103xb.o
LOAD /opt/arm-gnu-toolchain-14.3.rel1-x86_64-arm-none-eabi/bin/../lib/gcc/arm-none-eabi/14.3.1/../../../../arm-none-eabi/lib/thumb/v7-m/nofp/libc_nano.a
LOAD /opt/arm-gnu-toolchain-14.3.rel1-x86_64-arm-none-eabi/bin/../lib/gcc/arm-none-eabi/14.3.1/../../../../arm-none-eabi/lib/thumb/v7-m/nofp/libm.a
LOAD /opt/arm-gnu-toolchain-14.3.rel1-x86_64-arm-none-eabi/bin/../lib/gcc/arm-none-eabi/14.3.1/../../../../arm-none-eabi/lib/thumb/v7-m/nofp/libnosys.a
START GROUP
LOAD /opt/arm-gnu-toolchain-14.3.rel1-x86_64-arm-none-eabi/bin/../lib/gcc/arm-none-eabi/14.3.1/thumb/v7-m/nofp/libgcc.a
LOAD /opt/arm-gnu-toolchain-14.3.rel1-x86_64-arm-none-eabi/bin/../lib/gcc/arm-none-eabi/14.3.1/../../../../arm-none-eabi/lib/thumb/v7-m/nofp/libc_nano.a
END GROUP
START GROUP
LOAD /opt/arm-gnu-toolchain-14.3.rel1-x86_64-arm-none-eabi/bin/../lib/gcc/arm-none-eabi/14.3.1/thumb/v7-m/nofp/libgcc.a
LOAD /opt/arm-gnu-toolchain-14.3.rel1-x86_64-arm-none-eabi/bin/../lib/gcc/arm-none-eabi/14.3.1/../../../../arm-none-eabi/lib/thumb/v7-m/nofp/libc_nano.a
END GROUP
LOAD /opt/arm-gnu-toolchain-14.3.rel1-x86_64-arm-none-eabi/bin/../lib/gcc/arm-none-eabi/14.3.1/thumb/v7-m/nofp/crtend.o
LOAD /opt/arm-gnu-toolchain-14.3.rel1-x86_64-arm-none-eabi/bin/../lib/gcc/arm-none-eabi/14.3.1/thumb/v7-m/nofp/crtn.o
                0x20005000                        _estack = (ORIGIN (RAM) + LENGTH (RAM))
                0x00000200                        _Min_Heap_Size = 0x200
                0x00000400                        _Min_Stack_Size = 0x400

.isr_vector     0x08000000      0x10c
                0x08000000                        . = ALIGN (0x4)
 *(.isr_vector)
 .isr_vector    0x08000000      0x10c build/startup_stm32f103xb.o
                0x08000000                g_pfnVectors
                0x0800010c                        . = ALIGN (0x4)

.text           0x0800010c     0x5dd4
                0x0800010c                        . = ALIGN (0x4)
 *(.text)
 .text          0x0800010c       0x10 /opt/arm-gnu-toolchain-14.3.rel1-x86_64-arm-none-eabi/bin/../lib/gcc/arm-none-eabi/14.3.1/../../../../arm-none-eabi/lib/thumb/v7-m/nofp/libc_nano.a(libc_a-strlen.o)
                0x0800010c                strlen
 *(.text*)
 .text.deregister_tm_clones
                0x0800011c       0x1c /opt/arm-gnu-toolchain-14.3.rel1-x86_64-arm-none-eabi/bin/../lib/gcc/arm-none-eabi/14.3.1/thumb/v7-m/nofp/crtbegin.o
 .text.register_tm_clones
                0x08000138       0x24 /opt/arm-gnu-toolchain-14.3.rel1-x86_64-arm-none-eabi/bin/../lib/gcc/arm-none-eabi/14.3.1/thumb/v7-m/nofp/crtbegin.o
 .text.__do_global_dtors_aux
                0x0800015c       0x28 /opt/arm-gnu-toolchain-14.3.rel1-x86_64-arm-none-eabi/bin/../lib/gcc/arm-none-eabi/14.3.1/thumb/v7-m/nofp/crtbegin.o
 .text.frame_dummy
                0x08000184       0x24 /opt/arm-gnu-toolchain-14.3.rel1-x86_64-arm-none-eabi/bin/../lib/gcc/arm-none-eabi/14.3.1/thumb/v7-m/nofp/crtbegin.o
 .text.HAL_CAN_Init
                0x080001a8      0x14c build/stm32f1xx_hal_can.o
                0x080001a8                HAL_CAN_Init
 .text.HAL_CAN_ConfigFilter
                0x080002f4      0x10c build/stm32f1xx_hal_can.o
                0x080002f4                HAL_CAN_ConfigFilter
 .text.HAL_CAN_Start
                0x08000400       0x5c build/stm32f1xx_hal_can.o
                0x08000400                HAL_CAN_Start
 .text.HAL_CAN_GetRxMessage
                0x0800045c      0x16a build/stm32f1xx_hal_can.o
                0x0800045c                HAL_CAN_GetRxMessage
 .text.HAL_CAN_ActivateNotification
                0x080005c6       0x24 build/stm32f1xx_hal_can.o
                0x080005c6                HAL_CAN_ActivateNotification
 .text.HAL_CAN_TxMailbox0CompleteCallback
                0x080005ea        0x2 build/stm32f1xx_hal_can.o
                0x080005ea                HAL_CAN_TxMailbox0CompleteCallback
 .text.HAL_CAN_TxMailbox1CompleteCallback
                0x080005ec        0x2 build/stm32f1xx_hal_can.o
                0x080005ec                HAL_CAN_TxMailbox1CompleteCallback
 .text.HAL_CAN_TxMailbox2CompleteCallback
                0x080005ee        0x2 build/stm32f1xx_hal_can.o
                0x080005ee                HAL_CAN_TxMailbox2CompleteCallback
 .text.HAL_CAN_TxMailbox0AbortCallback
                0x080005f0        0x2 build/stm32f1xx_hal_can.o
                0x080005f0                HAL_CAN_TxMailbox0AbortCallback
 .text.HAL_CAN_TxMailbox1AbortCallback
                0x080005f2        0x2 build/stm32f1xx_hal_can.o
                0x080005f2                HAL_CAN_TxMailbox1AbortCallback
 .text.HAL_CAN_TxMailbox2AbortCallback
                0x080005f4        0x2 build/stm32f1xx_hal_can.o
                0x080005f4                HAL_CAN_TxMailbox2AbortCallback
 .text.HAL_CAN_RxFifo0FullCallback
                0x080005f6        0x2 build/stm32f1xx_hal_can.o
                0x080005f6                HAL_CAN_RxFifo0FullCallback
 .text.HAL_CAN_RxFifo1MsgPendingCallback
                0x080005f8        0x2 build/stm32f1xx_hal_can.o
                0x080005f8                HAL_CAN_RxFifo1MsgPendingCallback
 .text.HAL_CAN_RxFifo1FullCallback
                0x080005fa        0x2 build/stm32f1xx_hal_can.o
                0x080005fa                HAL_CAN_RxFifo1FullCallback
 .text.HAL_CAN_SleepCallback
                0x080005fc        0x2 build/stm32f1xx_hal_can.o
                0x080005fc                HAL_CAN_SleepCallback
 .text.HAL_CAN_WakeUpFromRxMsgCallback
                0x080005fe        0x2 build/stm32f1xx_hal_can.o
                0x080005fe                HAL_CAN_WakeUpFromRxMsgCallback
 .text.HAL_CAN_ErrorCallback
                0x08000600        0x2 build/stm32f1xx_hal_can.o
                0x08000600                HAL_CAN_ErrorCallback
 .text.HAL_CAN_IRQHandler
                0x08000602      0x250 build/stm32f1xx_hal_can.o
                0x08000602                HAL_CAN_IRQHandler
 *fill*         0x08000852        0x2 
 .text.HAL_InitTick
                0x08000854       0x4c build/stm32f1xx_hal.o
                0x08000854                HAL_InitTick
 .text.HAL_Init
                0x080008a0       0x24 build/stm32f1xx_hal.o
                0x080008a0                HAL_Init
 .text.HAL_IncTick
                0x080008c4       0x18 build/stm32f1xx_hal.o
                0x080008c4                HAL_IncTick
 .text.HAL_GetTick
                0x080008dc        0xc build/stm32f1xx_hal.o
                0x080008dc                HAL_GetTick
 .text.HAL_Delay
                0x080008e8       0x28 build/stm32f1xx_hal.o
                0x080008e8                HAL_Delay
 .text.RCC_Delay
                0x08000910       0x2c build/stm32f1xx_hal_rcc.o
 .text.HAL_RCC_OscConfig
                0x0800093c      0x410 build/stm32f1xx_hal_rcc.o
                0x0800093c                HAL_RCC_OscConfig
 .text.HAL_RCC_GetSysClockFreq
                0x08000d4c       0x54 build/stm32f1xx_hal_rcc.o
                0x08000d4c                HAL_RCC_GetSysClockFreq
 .text.HAL_RCC_ClockConfig
                0x08000da0      0x16c build/stm32f1xx_hal_rcc.o
                0x08000da0                HAL_RCC_ClockConfig
 .text.HAL_RCC_GetHCLKFreq
                0x08000f0c        0xc build/stm32f1xx_hal_rcc.o
                0x08000f0c                HAL_RCC_GetHCLKFreq
 .text.HAL_RCC_GetPCLK1Freq
                0x08000f18       0x20 build/stm32f1xx_hal_rcc.o
                0x08000f18                HAL_RCC_GetPCLK1Freq
 .text.HAL_RCC_GetPCLK2Freq
                0x08000f38       0x20 build/stm32f1xx_hal_rcc.o
                0x08000f38                HAL_RCC_GetPCLK2Freq
 .text.HAL_GPIO_Init
                0x08000f58      0x214 build/stm32f1xx_hal_gpio.o
                0x08000f58                HAL_GPIO_Init
 .text.HAL_GPIO_WritePin
                0x0800116c        0xc build/stm32f1xx_hal_gpio.o
                0x0800116c                HAL_GPIO_WritePin
 .text.HAL_DMA_Abort
                0x08001178       0x44 build/stm32f1xx_hal_dma.o
                0x08001178                HAL_DMA_Abort
 .text.HAL_DMA_Abort_IT
                0x080011bc       0x98 build/stm32f1xx_hal_dma.o
                0x080011bc                HAL_DMA_Abort_IT
 .text.__NVIC_SetPriority
                0x08001254       0x28 build/stm32f1xx_hal_cortex.o
 .text.NVIC_EncodePriority
                0x0800127c       0x3e build/stm32f1xx_hal_cortex.o
 *fill*         0x080012ba        0x2 
 .text.HAL_NVIC_SetPriorityGrouping
                0x080012bc       0x24 build/stm32f1xx_hal_cortex.o
                0x080012bc                HAL_NVIC_SetPriorityGrouping
 .text.HAL_NVIC_SetPriority
                0x080012e0       0x20 build/stm32f1xx_hal_cortex.o
                0x080012e0                HAL_NVIC_SetPriority
 .text.HAL_NVIC_EnableIRQ
                0x08001300       0x1c build/stm32f1xx_hal_cortex.o
                0x08001300                HAL_NVIC_EnableIRQ
 .text.HAL_SYSTICK_Config
                0x0800131c       0x28 build/stm32f1xx_hal_cortex.o
                0x0800131c                HAL_SYSTICK_Config
 .text.UART_EndRxTransfer
                0x08001344       0x5c build/stm32f1xx_hal_uart.o
 .text.UART_Transmit_IT
                0x080013a0       0x5e build/stm32f1xx_hal_uart.o
 *fill*         0x080013fe        0x2 
 .text.UART_SetConfig
                0x08001400       0x94 build/stm32f1xx_hal_uart.o
 .text.UART_WaitOnFlagUntilTimeout
                0x08001494       0x86 build/stm32f1xx_hal_uart.o
 .text.HAL_UART_Init
                0x0800151a       0x60 build/stm32f1xx_hal_uart.o
                0x0800151a                HAL_UART_Init
 .text.HAL_UART_Transmit
                0x0800157a       0xca build/stm32f1xx_hal_uart.o
                0x0800157a                HAL_UART_Transmit
 .text.HAL_UART_TxCpltCallback
                0x08001644        0x2 build/stm32f1xx_hal_uart.o
                0x08001644                HAL_UART_TxCpltCallback
 .text.UART_EndTransmit_IT
                0x08001646       0x1a build/stm32f1xx_hal_uart.o
 .text.HAL_UART_ErrorCallback
                0x08001660        0x2 build/stm32f1xx_hal_uart.o
                0x08001660                HAL_UART_ErrorCallback
 .text.UART_DMAAbortOnError
                0x08001662       0x10 build/stm32f1xx_hal_uart.o
 .text.HAL_UARTEx_RxEventCallback
                0x08001672        0x2 build/stm32f1xx_hal_uart.o
                0x08001672                HAL_UARTEx_RxEventCallback
 .text.UART_Receive_IT
                0x08001674       0xe4 build/stm32f1xx_hal_uart.o
 .text.HAL_UART_IRQHandler
                0x08001758      0x284 build/stm32f1xx_hal_uart.o
                0x08001758                HAL_UART_IRQHandler
 .text.UART_Start_Receive_IT
                0x080019dc       0x36 build/stm32f1xx_hal_uart.o
                0x080019dc                UART_Start_Receive_IT
 .text.HAL_UART_Receive_IT
                0x08001a12       0x24 build/stm32f1xx_hal_uart.o
                0x08001a12                HAL_UART_Receive_IT
 *fill*         0x08001a36        0x2 
 .text.__NVIC_SystemReset
                0x08001a38       0x24 build/Cu_main.o
 .text.clear_buffer
                0x08001a5c       0x18 build/Cu_main.o
                0x08001a5c                clear_buffer
 .text.Cu_main  0x08001a74      0x274 build/Cu_main.o
                0x08001a74                Cu_main
 .text.HAL_UART_RxCpltCallback
                0x08001ce8       0x68 build/Cu_main.o
                0x08001ce8                HAL_UART_RxCpltCallback
 .text.HAL_TIM_PeriodElapsedCallback
                0x08001d50       0x1c build/Cu_main.o
                0x08001d50                HAL_TIM_PeriodElapsedCallback
 .text.HAL_CAN_RxFifo0MsgPendingCallback
                0x08001d6c       0x24 build/can_al.o
                0x08001d6c                HAL_CAN_RxFifo0MsgPendingCallback
 .text.CAN_Start
                0x08001d90       0x34 build/can_al.o
                0x08001d90                CAN_Start
 .text.CAN_Add_Filter_Discrete
                0x08001dc4       0x5c build/can_al.o
                0x08001dc4                CAN_Add_Filter_Discrete
 .text.Debug_print
                0x08001e20       0x1c build/debug.o
                0x08001e20                Debug_print
 .text.Debug_HAL_function_assert
                0x08001e3c       0x1c build/debug.o
                0x08001e3c                Debug_HAL_function_assert
 .text.__NVIC_SystemReset
                0x08001e58       0x24 build/sd_al.o
 .text.open_append
                0x08001e7c       0x2a build/sd_al.o
                0x08001e7c                open_append
 *fill*         0x08001ea6        0x2 
 .text.mount_card
                0x08001ea8       0x1c build/sd_al.o
                0x08001ea8                mount_card
 .text.Error_Handler
                0x08001ec4        0x4 build/main.o
                0x08001ec4                Error_Handler
 .text.SystemClock_Config
                0x08001ec8       0x52 build/main.o
                0x08001ec8                SystemClock_Config
 .text.main     0x08001f1a       0x28 build/main.o
                0x08001f1a                main
 *fill*         0x08001f42        0x2 
 .text.MX_GPIO_Init
                0x08001f44       0x78 build/gpio.o
                0x08001f44                MX_GPIO_Init
 .text.MX_CAN_Init
                0x08001fbc       0x40 build/can.o
                0x08001fbc                MX_CAN_Init
 .text.HAL_CAN_MspInit
                0x08001ffc       0x84 build/can.o
                0x08001ffc                HAL_CAN_MspInit
 .text.MX_USART1_UART_Init
                0x08002080       0x34 build/usart.o
                0x08002080                MX_USART1_UART_Init
 .text.HAL_UART_MspInit
                0x080020b4       0x8c build/usart.o
                0x080020b4                HAL_UART_MspInit
 .text.SDTimer_Handler
                0x08002140       0x2c build/stm32f1xx_it.o
                0x08002140                SDTimer_Handler
 .text.NMI_Handler
                0x0800216c        0x2 build/stm32f1xx_it.o
                0x0800216c                NMI_Handler
 .text.HardFault_Handler
                0x0800216e        0x2 build/stm32f1xx_it.o
                0x0800216e                HardFault_Handler
 .text.MemManage_Handler
                0x08002170        0x2 build/stm32f1xx_it.o
                0x08002170                MemManage_Handler
 .text.BusFault_Handler
                0x08002172        0x2 build/stm32f1xx_it.o
                0x08002172                BusFault_Handler
 .text.UsageFault_Handler
                0x08002174        0x2 build/stm32f1xx_it.o
                0x08002174                UsageFault_Handler
 .text.SVC_Handler
                0x08002176        0x2 build/stm32f1xx_it.o
                0x08002176                SVC_Handler
 .text.DebugMon_Handler
                0x08002178        0x2 build/stm32f1xx_it.o
                0x08002178                DebugMon_Handler
 .text.PendSV_Handler
                0x0800217a        0x2 build/stm32f1xx_it.o
                0x0800217a                PendSV_Handler
 .text.SysTick_Handler
                0x0800217c       0x28 build/stm32f1xx_it.o
                0x0800217c                SysTick_Handler
 .text.USB_LP_CAN1_RX0_IRQHandler
                0x080021a4       0x10 build/stm32f1xx_it.o
                0x080021a4                USB_LP_CAN1_RX0_IRQHandler
 .text.TIM1_UP_IRQHandler
                0x080021b4       0x10 build/stm32f1xx_it.o
                0x080021b4                TIM1_UP_IRQHandler
 .text.USART1_IRQHandler
                0x080021c4       0x10 build/stm32f1xx_it.o
                0x080021c4                USART1_IRQHandler
 .text.HAL_MspInit
                0x080021d4       0x44 build/stm32f1xx_hal_msp.o
                0x080021d4                HAL_MspInit
 .text.SystemInit
                0x08002218        0x2 build/system_stm32f1xx.o
                0x08002218                SystemInit
 *fill*         0x0800221a        0x2 
 .text.MX_SPI1_Init
                0x0800221c       0x44 build/spi.o
                0x0800221c                MX_SPI1_Init
 .text.HAL_SPI_MspInit
                0x08002260       0x78 build/spi.o
                0x08002260                HAL_SPI_MspInit
 .text.USER_initialize
                0x080022d8        0x8 build/user_diskio.o
                0x080022d8                USER_initialize
 .text.USER_status
                0x080022e0        0x8 build/user_diskio.o
                0x080022e0                USER_status
 .text.USER_read
                0x080022e8        0x8 build/user_diskio.o
                0x080022e8                USER_read
 .text.USER_write
                0x080022f0        0x8 build/user_diskio.o
                0x080022f0                USER_write
 .text.USER_ioctl
                0x080022f8        0x8 build/user_diskio.o
                0x080022f8                USER_ioctl
 .text.MX_FATFS_Init
                0x08002300       0x1c build/fatfs.o
                0x08002300                MX_FATFS_Init
 .text.get_fattime
                0x0800231c        0x4 build/fatfs.o
                0x0800231c                get_fattime
 .text.SPI_WaitFlagStateUntilTimeout
                0x08002320       0xc8 build/stm32f1xx_hal_spi.o
 .text.SPI_EndRxTxTransaction
                0x080023e8       0x44 build/stm32f1xx_hal_spi.o
 .text.HAL_SPI_Init
                0x0800242c       0xb6 build/stm32f1xx_hal_spi.o
                0x0800242c                HAL_SPI_Init
 .text.HAL_SPI_Transmit
                0x080024e2      0x1c4 build/stm32f1xx_hal_spi.o
                0x080024e2                HAL_SPI_Transmit
 .text.HAL_SPI_TransmitReceive
                0x080026a6      0x252 build/stm32f1xx_hal_spi.o
                0x080026a6                HAL_SPI_TransmitReceive
 .text.disk_status
                0x080028f8       0x18 build/diskio.o
                0x080028f8                disk_status
 .text.disk_initialize
                0x08002910       0x28 build/diskio.o
                0x08002910                disk_initialize
 .text.disk_read
                0x08002938       0x18 build/diskio.o
                0x08002938                disk_read
 .text.disk_write
                0x08002950       0x18 build/diskio.o
                0x08002950                disk_write
 .text.disk_ioctl
                0x08002968       0x18 build/diskio.o
                0x08002968                disk_ioctl
 .text.mem_cpy  0x08002980       0x14 build/ff.o
 .text.mem_set  0x08002994       0x10 build/ff.o
 .text.mem_cmp  0x080029a4       0x1e build/ff.o
 .text.chk_chr  0x080029c2       0x10 build/ff.o
 *fill*         0x080029d2        0x2 
 .text.chk_lock
                0x080029d4       0x8c build/ff.o
 .text.enq_lock
                0x08002a60       0x24 build/ff.o
 .text.inc_lock
                0x08002a84       0xcc build/ff.o
 .text.dec_lock
                0x08002b50       0x4c build/ff.o
 .text.clear_lock
                0x08002b9c       0x44 build/ff.o
 .text.clmt_clust
                0x08002be0       0x2e build/ff.o
 .text.ld_clust
                0x08002c0e       0x22 build/ff.o
 .text.st_clust
                0x08002c30       0x14 build/ff.o
 .text.create_name
                0x08002c44      0x114 build/ff.o
 .text.get_ldnumber
                0x08002d58       0x4e build/ff.o
 .text.sync_window
                0x08002da6       0x5e build/ff.o
 .text.move_window
                0x08002e04       0x3a build/ff.o
 *fill*         0x08002e3e        0x2 
 .text.check_fs
                0x08002e40       0x90 build/ff.o
 .text.validate
                0x08002ed0       0x34 build/ff.o
 .text.find_volume
                0x08002f04      0x3e4 build/ff.o
 .text.sync_fs  0x080032e8       0xc2 build/ff.o
 .text.clust2sect
                0x080033aa       0x1e build/ff.o
                0x080033aa                clust2sect
 .text.get_fat  0x080033c8      0x114 build/ff.o
                0x080033c8                get_fat
 .text.dir_sdi  0x080034dc       0xd2 build/ff.o
 .text.put_fat  0x080035ae      0x14a build/ff.o
                0x080035ae                put_fat
 .text.create_chain
                0x080036f8       0xce build/ff.o
 .text.dir_next
                0x080037c6      0x160 build/ff.o
 .text.dir_find
                0x08003926       0x56 build/ff.o
 .text.follow_path
                0x0800397c       0x88 build/ff.o
 .text.dir_alloc
                0x08003a04       0x54 build/ff.o
 .text.dir_register
                0x08003a58       0x4a build/ff.o
 .text.remove_chain
                0x08003aa2       0x74 build/ff.o
 *fill*         0x08003b16        0x2 
 .text.f_mount  0x08003b18       0x60 build/ff.o
                0x08003b18                f_mount
 .text.f_open   0x08003b78      0x1e2 build/ff.o
                0x08003b78                f_open
 .text.f_read   0x08003d5a      0x214 build/ff.o
                0x08003d5a                f_read
 .text.f_write  0x08003f6e      0x25c build/ff.o
                0x08003f6e                f_write
 .text.putc_bfd
                0x080041ca       0x4e build/ff.o
 .text.f_sync   0x08004218       0xbe build/ff.o
                0x08004218                f_sync
 .text.f_close  0x080042d6       0x28 build/ff.o
                0x080042d6                f_close
 .text.f_lseek  0x080042fe      0x330 build/ff.o
                0x080042fe                f_lseek
 .text.f_mkdir  0x0800462e      0x19a build/ff.o
                0x0800462e                f_mkdir
 .text.f_puts   0x080047c8       0x50 build/ff.o
                0x080047c8                f_puts
 .text.FATFS_LinkDriverEx
                0x08004818       0x50 build/ff_gen_drv.o
                0x08004818                FATFS_LinkDriverEx
 .text.FATFS_LinkDriver
                0x08004868        0xa build/ff_gen_drv.o
                0x08004868                FATFS_LinkDriver
 *fill*         0x08004872        0x2 
 .text.SD_PowerOff
                0x08004874        0xc build/fatfs_sd.o
 .text.SD_CheckPower
                0x08004880        0xc build/fatfs_sd.o
 .text.SPI_TxBuffer
                0x0800488c       0x20 build/fatfs_sd.o
 .text.SPI_TxByte
                0x080048ac       0x2c build/fatfs_sd.o
 .text.SELECT   0x080048d8       0x18 build/fatfs_sd.o
 .text.DESELECT
                0x080048f0       0x18 build/fatfs_sd.o
 .text.SPI_RxByte
                0x08004908       0x38 build/fatfs_sd.o
 .text.SD_PowerOn
                0x08004940       0x6c build/fatfs_sd.o
 .text.SD_ReadyWait
                0x080049ac       0x24 build/fatfs_sd.o
 .text.SD_SendCmd
                0x080049d0       0x6a build/fatfs_sd.o
 .text.SPI_RxBytePtr
                0x08004a3a        0xc build/fatfs_sd.o
 *fill*         0x08004a46        0x2 
 .text.SD_RxDataBlock
                0x08004a48       0x48 build/fatfs_sd.o
 .text.SD_TxDataBlock
                0x08004a90       0x64 build/fatfs_sd.o
 .text.SD_disk_initialize
                0x08004af4      0x184 build/fatfs_sd.o
                0x08004af4                SD_disk_initialize
 .text.SD_disk_status
                0x08004c78       0x14 build/fatfs_sd.o
                0x08004c78                SD_disk_status
 .text.SD_disk_read
                0x08004c8c       0x98 build/fatfs_sd.o
                0x08004c8c                SD_disk_read
 .text.SD_disk_write
                0x08004d24       0xc4 build/fatfs_sd.o
                0x08004d24                SD_disk_write
 .text.SD_disk_ioctl
                0x08004de8      0x180 build/fatfs_sd.o
                0x08004de8                SD_disk_ioctl
 .text.MX_TIM1_Init
                0x08004f68       0x74 build/tim.o
                0x08004f68                MX_TIM1_Init
 .text.HAL_TIM_Base_MspInit
                0x08004fdc       0x40 build/tim.o
                0x08004fdc                HAL_TIM_Base_MspInit
 .text.TIM_TI1_ConfigInputStage
                0x0800501c       0x24 build/stm32f1xx_hal_tim.o
 .text.TIM_TI2_ConfigInputStage
                0x08005040       0x26 build/stm32f1xx_hal_tim.o
 .text.TIM_ITRx_SetConfig
                0x08005066       0x10 build/stm32f1xx_hal_tim.o
 *fill*         0x08005076        0x2 
 .text.HAL_TIM_Base_Start_IT
                0x08005078       0x64 build/stm32f1xx_hal_tim.o
                0x08005078                HAL_TIM_Base_Start_IT
 .text.HAL_TIM_Base_Stop_IT
                0x080050dc       0x32 build/stm32f1xx_hal_tim.o
                0x080050dc                HAL_TIM_Base_Stop_IT
 .text.HAL_TIM_OC_DelayElapsedCallback
                0x0800510e        0x2 build/stm32f1xx_hal_tim.o
                0x0800510e                HAL_TIM_OC_DelayElapsedCallback
 .text.HAL_TIM_IC_CaptureCallback
                0x08005110        0x2 build/stm32f1xx_hal_tim.o
                0x08005110                HAL_TIM_IC_CaptureCallback
 .text.HAL_TIM_PWM_PulseFinishedCallback
                0x08005112        0x2 build/stm32f1xx_hal_tim.o
                0x08005112                HAL_TIM_PWM_PulseFinishedCallback
 .text.HAL_TIM_TriggerCallback
                0x08005114        0x2 build/stm32f1xx_hal_tim.o
                0x08005114                HAL_TIM_TriggerCallback
 .text.HAL_TIM_IRQHandler
                0x08005116      0x15e build/stm32f1xx_hal_tim.o
                0x08005116                HAL_TIM_IRQHandler
 .text.TIM_Base_SetConfig
                0x08005274       0x84 build/stm32f1xx_hal_tim.o
                0x08005274                TIM_Base_SetConfig
 .text.HAL_TIM_Base_Init
                0x080052f8       0x58 build/stm32f1xx_hal_tim.o
                0x080052f8                HAL_TIM_Base_Init
 .text.TIM_ETR_SetConfig
                0x08005350       0x18 build/stm32f1xx_hal_tim.o
                0x08005350                TIM_ETR_SetConfig
 .text.HAL_TIM_ConfigClockSource
                0x08005368       0xfe build/stm32f1xx_hal_tim.o
                0x08005368                HAL_TIM_ConfigClockSource
 *fill*         0x08005466        0x2 
 .text.HAL_TIMEx_MasterConfigSynchronization
                0x08005468       0x6c build/stm32f1xx_hal_tim_ex.o
                0x08005468                HAL_TIMEx_MasterConfigSynchronization
 .text.HAL_TIMEx_CommutCallback
                0x080054d4        0x2 build/stm32f1xx_hal_tim_ex.o
                0x080054d4                HAL_TIMEx_CommutCallback
 .text.HAL_TIMEx_BreakCallback
                0x080054d6        0x2 build/stm32f1xx_hal_tim_ex.o
                0x080054d6                HAL_TIMEx_BreakCallback
 .text.Reset_Handler
                0x080054d8       0x48 build/startup_stm32f103xb.o
                0x080054d8                Reset_Handler
 .text.Default_Handler
                0x08005520        0x2 build/startup_stm32f103xb.o
                0x08005520                RTC_Alarm_IRQHandler
                0x08005520                EXTI2_IRQHandler
                0x08005520                TIM1_CC_IRQHandler
                0x08005520                PVD_IRQHandler
                0x08005520                EXTI3_IRQHandler
                0x08005520                EXTI0_IRQHandler
                0x08005520                I2C2_EV_IRQHandler
                0x08005520                ADC1_2_IRQHandler
                0x08005520                SPI1_IRQHandler
                0x08005520                TAMPER_IRQHandler
                0x08005520                DMA1_Channel4_IRQHandler
                0x08005520                USART3_IRQHandler
                0x08005520                RTC_IRQHandler
                0x08005520                DMA1_Channel7_IRQHandler
                0x08005520                CAN1_RX1_IRQHandler
                0x08005520                TIM4_IRQHandler
                0x08005520                I2C1_EV_IRQHandler
                0x08005520                DMA1_Channel6_IRQHandler
                0x08005520                TIM3_IRQHandler
                0x08005520                RCC_IRQHandler
                0x08005520                TIM1_TRG_COM_IRQHandler
                0x08005520                DMA1_Channel1_IRQHandler
                0x08005520                Default_Handler
                0x08005520                EXTI15_10_IRQHandler
                0x08005520                EXTI9_5_IRQHandler
                0x08005520                SPI2_IRQHandler
                0x08005520                DMA1_Channel5_IRQHandler
                0x08005520                EXTI4_IRQHandler
                0x08005520                USB_HP_CAN1_TX_IRQHandler
                0x08005520                DMA1_Channel3_IRQHandler
                0x08005520                WWDG_IRQHandler
                0x08005520                TIM2_IRQHandler
                0x08005520                TIM1_BRK_IRQHandler
                0x08005520                EXTI1_IRQHandler
                0x08005520                USART2_IRQHandler
                0x08005520                I2C2_ER_IRQHandler
                0x08005520                DMA1_Channel2_IRQHandler
                0x08005520                CAN1_SCE_IRQHandler
                0x08005520                FLASH_IRQHandler
                0x08005520                I2C1_ER_IRQHandler
                0x08005520                USBWakeUp_IRQHandler
 *fill*         0x08005522        0x2 
 .text.sprintf  0x08005524       0x44 /opt/arm-gnu-toolchain-14.3.rel1-x86_64-arm-none-eabi/bin/../lib/gcc/arm-none-eabi/14.3.1/../../../../arm-none-eabi/lib/thumb/v7-m/nofp/libc_nano.a(libc_a-sprintf.o)
                0x08005524                sprintf
                0x08005524                siprintf
 .text.memset   0x08005568       0x10 /opt/arm-gnu-toolchain-14.3.rel1-x86_64-arm-none-eabi/bin/../lib/gcc/arm-none-eabi/14.3.1/../../../../arm-none-eabi/lib/thumb/v7-m/nofp/libc_nano.a(libc_a-memset.o)
                0x08005568                memset
 .text.strncmp  0x08005578       0x24 /opt/arm-gnu-toolchain-14.3.rel1-x86_64-arm-none-eabi/bin/../lib/gcc/arm-none-eabi/14.3.1/../../../../arm-none-eabi/lib/thumb/v7-m/nofp/libc_nano.a(libc_a-strncmp.o)
                0x08005578                strncmp
 .text.__libc_init_array
                0x0800559c       0x48 /opt/arm-gnu-toolchain-14.3.rel1-x86_64-arm-none-eabi/bin/../lib/gcc/arm-none-eabi/14.3.1/../../../../arm-none-eabi/lib/thumb/v7-m/nofp/libc_nano.a(libc_a-init.o)
                0x0800559c                __libc_init_array
 .text.__retarget_lock_acquire_recursive
                0x080055e4        0x2 /opt/arm-gnu-toolchain-14.3.rel1-x86_64-arm-none-eabi/bin/../lib/gcc/arm-none-eabi/14.3.1/../../../../arm-none-eabi/lib/thumb/v7-m/nofp/libc_nano.a(libc_a-lock.o)
                0x080055e4                __retarget_lock_acquire_recursive
 .text.__retarget_lock_release_recursive
                0x080055e6        0x2 /opt/arm-gnu-toolchain-14.3.rel1-x86_64-arm-none-eabi/bin/../lib/gcc/arm-none-eabi/14.3.1/../../../../arm-none-eabi/lib/thumb/v7-m/nofp/libc_nano.a(libc_a-lock.o)
                0x080055e6                __retarget_lock_release_recursive
 .text._free_r  0x080055e8       0x90 /opt/arm-gnu-toolchain-14.3.rel1-x86_64-arm-none-eabi/bin/../lib/gcc/arm-none-eabi/14.3.1/../../../../arm-none-eabi/lib/thumb/v7-m/nofp/libc_nano.a(libc_a-freer.o)
                0x080055e8                _free_r
 .text.sbrk_aligned
                0x08005678       0x44 /opt/arm-gnu-toolchain-14.3.rel1-x86_64-arm-none-eabi/bin/../lib/gcc/arm-none-eabi/14.3.1/../../../../arm-none-eabi/lib/thumb/v7-m/nofp/libc_nano.a(libc_a-mallocr.o)
 .text._malloc_r
                0x080056bc      0x100 /opt/arm-gnu-toolchain-14.3.rel1-x86_64-arm-none-eabi/bin/../lib/gcc/arm-none-eabi/14.3.1/../../../../arm-none-eabi/lib/thumb/v7-m/nofp/libc_nano.a(libc_a-mallocr.o)
                0x080056bc                _malloc_r
 .text.__malloc_lock
                0x080057bc        0xc /opt/arm-gnu-toolchain-14.3.rel1-x86_64-arm-none-eabi/bin/../lib/gcc/arm-none-eabi/14.3.1/../../../../arm-none-eabi/lib/thumb/v7-m/nofp/libc_nano.a(libc_a-mlock.o)
                0x080057bc                __malloc_lock
 .text.__malloc_unlock
                0x080057c8        0xc /opt/arm-gnu-toolchain-14.3.rel1-x86_64-arm-none-eabi/bin/../lib/gcc/arm-none-eabi/14.3.1/../../../../arm-none-eabi/lib/thumb/v7-m/nofp/libc_nano.a(libc_a-mlock.o)
                0x080057c8                __malloc_unlock
 .text.__ssputs_r
                0x080057d4       0xc0 /opt/arm-gnu-toolchain-14.3.rel1-x86_64-arm-none-eabi/bin/../lib/gcc/arm-none-eabi/14.3.1/../../../../arm-none-eabi/lib/thumb/v7-m/nofp/libc_nano.a(libc_a-nano-svfprintf.o)
                0x080057d4                __ssputs_r
 .text._svfprintf_r
                0x08005894      0x1f0 /opt/arm-gnu-toolchain-14.3.rel1-x86_64-arm-none-eabi/bin/../lib/gcc/arm-none-eabi/14.3.1/../../../../arm-none-eabi/lib/thumb/v7-m/nofp/libc_nano.a(libc_a-nano-svfprintf.o)
                0x08005894                _svfprintf_r
                0x08005894                _svfiprintf_r
 .text._printf_common
                0x08005a84       0xe4 /opt/arm-gnu-toolchain-14.3.rel1-x86_64-arm-none-eabi/bin/../lib/gcc/arm-none-eabi/14.3.1/../../../../arm-none-eabi/lib/thumb/v7-m/nofp/libc_nano.a(libc_a-nano-vfprintf_i.o)
                0x08005a84                _printf_common
 .text._printf_i
                0x08005b68      0x24c /opt/arm-gnu-toolchain-14.3.rel1-x86_64-arm-none-eabi/bin/../lib/gcc/arm-none-eabi/14.3.1/../../../../arm-none-eabi/lib/thumb/v7-m/nofp/libc_nano.a(libc_a-nano-vfprintf_i.o)
                0x08005b68                _printf_i
 .text.memmove  0x08005db4       0x32 /opt/arm-gnu-toolchain-14.3.rel1-x86_64-arm-none-eabi/bin/../lib/gcc/arm-none-eabi/14.3.1/../../../../arm-none-eabi/lib/thumb/v7-m/nofp/libc_nano.a(libc_a-memmove.o)
                0x08005db4                memmove
 *fill*         0x08005de6        0x2 
 .text._sbrk_r  0x08005de8       0x20 /opt/arm-gnu-toolchain-14.3.rel1-x86_64-arm-none-eabi/bin/../lib/gcc/arm-none-eabi/14.3.1/../../../../arm-none-eabi/lib/thumb/v7-m/nofp/libc_nano.a(libc_a-sbrkr.o)
                0x08005de8                _sbrk_r
 .text.memchr   0x08005e08       0x1c /opt/arm-gnu-toolchain-14.3.rel1-x86_64-arm-none-eabi/bin/../lib/gcc/arm-none-eabi/14.3.1/../../../../arm-none-eabi/lib/thumb/v7-m/nofp/libc_nano.a(libc_a-memchr-stub.o)
                0x08005e08                memchr
 .text.memcpy   0x08005e24       0x1c /opt/arm-gnu-toolchain-14.3.rel1-x86_64-arm-none-eabi/bin/../lib/gcc/arm-none-eabi/14.3.1/../../../../arm-none-eabi/lib/thumb/v7-m/nofp/libc_nano.a(libc_a-memcpy-stub.o)
                0x08005e24                memcpy
 .text._realloc_r
                0x08005e40       0x5c /opt/arm-gnu-toolchain-14.3.rel1-x86_64-arm-none-eabi/bin/../lib/gcc/arm-none-eabi/14.3.1/../../../../arm-none-eabi/lib/thumb/v7-m/nofp/libc_nano.a(libc_a-reallocr.o)
                0x08005e40                _realloc_r
 .text._malloc_usable_size_r
                0x08005e9c       0x10 /opt/arm-gnu-toolchain-14.3.rel1-x86_64-arm-none-eabi/bin/../lib/gcc/arm-none-eabi/14.3.1/../../../../arm-none-eabi/lib/thumb/v7-m/nofp/libc_nano.a(libc_a-msizer.o)
                0x08005e9c                _malloc_usable_size_r
 .text._sbrk    0x08005eac       0x1c /opt/arm-gnu-toolchain-14.3.rel1-x86_64-arm-none-eabi/bin/../lib/gcc/arm-none-eabi/14.3.1/../../../../arm-none-eabi/lib/thumb/v7-m/nofp/libnosys.a(sbrk.o)
                0x08005eac                _sbrk
 *(.glue_7)
 .glue_7        0x08005ec8        0x0 linker stubs
 *(.glue_7t)
 .glue_7t       0x08005ec8        0x0 linker stubs
 *(.eh_frame)
 .eh_frame      0x08005ec8        0x0 /opt/arm-gnu-toolchain-14.3.rel1-x86_64-arm-none-eabi/bin/../lib/gcc/arm-none-eabi/14.3.1/thumb/v7-m/nofp/crtbegin.o
 *(.init)
 .init          0x08005ec8        0x4 /opt/arm-gnu-toolchain-14.3.rel1-x86_64-arm-none-eabi/bin/../lib/gcc/arm-none-eabi/14.3.1/thumb/v7-m/nofp/crti.o
                0x08005ec8                _init
 .init          0x08005ecc        0x8 /opt/arm-gnu-toolchain-14.3.rel1-x86_64-arm-none-eabi/bin/../lib/gcc/arm-none-eabi/14.3.1/thumb/v7-m/nofp/crtn.o
 *(.fini)
 .fini          0x08005ed4        0x4 /opt/arm-gnu-toolchain-14.3.rel1-x86_64-arm-none-eabi/bin/../lib/gcc/arm-none-eabi/14.3.1/thumb/v7-m/nofp/crti.o
                0x08005ed4                _fini
 .fini          0x08005ed8        0x8 /opt/arm-gnu-toolchain-14.3.rel1-x86_64-arm-none-eabi/bin/../lib/gcc/arm-none-eabi/14.3.1/thumb/v7-m/nofp/crtn.o
                0x08005ee0                        . = ALIGN (0x4)
                0x08005ee0                        _etext = .

.vfp11_veneer   0x08005ee0        0x0
 .vfp11_veneer  0x08005ee0        0x0 linker stubs

.v4_bx          0x08005ee0        0x0
 .v4_bx         0x08005ee0        0x0 linker stubs

.iplt           0x08005ee0        0x0
 .iplt          0x08005ee0        0x0 /opt/arm-gnu-toolchain-14.3.rel1-x86_64-arm-none-eabi/bin/../lib/gcc/arm-none-eabi/14.3.1/thumb/v7-m/nofp/crtbegin.o

.rodata         0x08005ee0      0x2bc
                0x08005ee0                        . = ALIGN (0x4)
 *(.rodata)
 *(.rodata*)
 .rodata.aPredivFactorTable.0
                0x08005ee0        0x2 build/stm32f1xx_hal_rcc.o
 *fill*         0x08005ee2        0x2 
 .rodata.aPLLMULFactorTable.1
                0x08005ee4       0x10 build/stm32f1xx_hal_rcc.o
 .rodata.Cu_main.str1.4
                0x08005ef4      0x1db build/Cu_main.o
                                0x159 (size before relaxing)
 .rodata.HAL_UART_RxCpltCallback.str1.4
                0x080060cf       0x4c build/Cu_main.o
 .rodata.Debug_HAL_function_assert.str1.4
                0x080060cf       0x1f build/debug.o
 .rodata.mount_card.str1.4
                0x080060cf        0x2 build/sd_al.o
 *fill*         0x080060cf        0x1 
 .rodata.APBPrescTable
                0x080060d0        0x8 build/system_stm32f1xx.o
                0x080060d0                APBPrescTable
 .rodata.AHBPrescTable
                0x080060d8       0x10 build/system_stm32f1xx.o
                0x080060d8                AHBPrescTable
 .rodata.create_name.str1.4
                0x080060e8        0xf build/ff.o
 .rodata.ExCvt  0x080060e8       0x80 build/ff.o
 .rodata._svfprintf_r.str1.1
                0x08006168       0x33 /opt/arm-gnu-toolchain-14.3.rel1-x86_64-arm-none-eabi/bin/../lib/gcc/arm-none-eabi/14.3.1/../../../../arm-none-eabi/lib/thumb/v7-m/nofp/libc_nano.a(libc_a-nano-svfprintf.o)
                                 0x11 (size before relaxing)
 .rodata._printf_i.str1.1
                0x0800619b       0x22 /opt/arm-gnu-toolchain-14.3.rel1-x86_64-arm-none-eabi/bin/../lib/gcc/arm-none-eabi/14.3.1/../../../../arm-none-eabi/lib/thumb/v7-m/nofp/libc_nano.a(libc_a-nano-vfprintf_i.o)
                0x080061c0                        . = ALIGN (0x4)
 *fill*         0x0800619b        0x1 

.ARM.extab      0x0800619c        0x0
                0x0800619c                        . = ALIGN (0x4)
 *(.ARM.extab* .gnu.linkonce.armextab.*)
                0x0800619c                        . = ALIGN (0x4)

.ARM            0x0800619c        0x8
                0x0800619c                        . = ALIGN (0x4)
                0x0800619c                        __exidx_start = .
 *(.ARM.exidx*)
 .ARM.exidx     0x0800619c        0x8 /opt/arm-gnu-toolchain-14.3.rel1-x86_64-arm-none-eabi/bin/../lib/gcc/arm-none-eabi/14.3.1/../../../../arm-none-eabi/lib/thumb/v7-m/nofp/libc_nano.a(libc_a-strlen.o)
                0x080061a4                        __exidx_end = .
                0x080061a4                        . = ALIGN (0x4)

.preinit_array  0x080061a4        0x0
                0x080061a4                        . = ALIGN (0x4)
                0x080061a4                        PROVIDE (__preinit_array_start = .)
 *(.preinit_array*)
                0x080061a4                        PROVIDE (__preinit_array_end = .)
                0x080061a4                        . = ALIGN (0x4)

.init_array     0x080061a4        0x4
                0x080061a4                        . = ALIGN (0x4)
                0x080061a4                        PROVIDE (__init_array_start = .)
 *(SORT_BY_NAME(.init_array.*))
 *(.init_array*)
 .init_array    0x080061a4        0x4 /opt/arm-gnu-toolchain-14.3.rel1-x86_64-arm-none-eabi/bin/../lib/gcc/arm-none-eabi/14.3.1/thumb/v7-m/nofp/crtbegin.o
                0x080061a8                        PROVIDE (__init_array_end = .)
                0x080061a8                        . = ALIGN (0x4)

.fini_array     0x080061a8        0x4
                0x080061a8                        . = ALIGN (0x4)
                [!provide]                        PROVIDE (__fini_array_start = .)
 *(SORT_BY_NAME(.fini_array.*))
 *(.fini_array*)
 .fini_array    0x080061a8        0x4 /opt/arm-gnu-toolchain-14.3.rel1-x86_64-arm-none-eabi/bin/../lib/gcc/arm-none-eabi/14.3.1/thumb/v7-m/nofp/crtbegin.o
                [!provide]                        PROVIDE (__fini_array_end = .)
                0x080061ac                        . = ALIGN (0x4)
                0x080061ac                        _sidata = LOADADDR (.data)

.rel.dyn        0x080061ac        0x0
 .rel.iplt      0x080061ac        0x0 /opt/arm-gnu-toolchain-14.3.rel1-x86_64-arm-none-eabi/bin/../lib/gcc/arm-none-eabi/14.3.1/thumb/v7-m/nofp/crtbegin.o

.data           0x20000000       0x74 load address 0x080061ac
                0x20000000                        . = ALIGN (0x4)
                0x20000000                        _sdata = .
 *(.data)
 *(.data*)
 .data.uwTickFreq
                0x20000000        0x1 build/stm32f1xx_hal.o
                0x20000000                uwTickFreq
 *fill*         0x20000001        0x3 
 .data.uwTickPrio
                0x20000004        0x4 build/stm32f1xx_hal.o
                0x20000004                uwTickPrio
 .data.SystemCoreClock
                0x20000008        0x4 build/system_stm32f1xx.o
                0x20000008                SystemCoreClock
 .data.USER_Driver
                0x2000000c       0x14 build/user_diskio.o
                0x2000000c                USER_Driver
 .data.Stat     0x20000020        0x1 build/fatfs_sd.o
 *fill*         0x20000021        0x3 
 .data._impure_ptr
                0x20000024        0x4 /opt/arm-gnu-toolchain-14.3.rel1-x86_64-arm-none-eabi/bin/../lib/gcc/arm-none-eabi/14.3.1/../../../../arm-none-eabi/lib/thumb/v7-m/nofp/libc_nano.a(libc_a-impure.o)
                0x20000024                _impure_ptr
 .data._impure_data
                0x20000028       0x4c /opt/arm-gnu-toolchain-14.3.rel1-x86_64-arm-none-eabi/bin/../lib/gcc/arm-none-eabi/14.3.1/../../../../arm-none-eabi/lib/thumb/v7-m/nofp/libc_nano.a(libc_a-impure.o)
                0x20000028                _impure_data
 *(.RamFunc)
 *(.RamFunc*)
                0x20000074                        . = ALIGN (0x4)
                0x20000074                        _edata = .

.tm_clone_table
                0x20000074        0x0 load address 0x08006220
 .tm_clone_table
                0x20000074        0x0 /opt/arm-gnu-toolchain-14.3.rel1-x86_64-arm-none-eabi/bin/../lib/gcc/arm-none-eabi/14.3.1/thumb/v7-m/nofp/crtbegin.o
 .tm_clone_table
                0x20000074        0x0 /opt/arm-gnu-toolchain-14.3.rel1-x86_64-arm-none-eabi/bin/../lib/gcc/arm-none-eabi/14.3.1/thumb/v7-m/nofp/crtend.o

.igot.plt       0x20000074        0x0 load address 0x08006220
 .igot.plt      0x20000074        0x0 /opt/arm-gnu-toolchain-14.3.rel1-x86_64-arm-none-eabi/bin/../lib/gcc/arm-none-eabi/14.3.1/thumb/v7-m/nofp/crtbegin.o
                0x20000074                        . = ALIGN (0x4)

.bss            0x20000074      0xcf4 load address 0x08006220
                0x20000074                        _sbss = .
                0x20000074                        __bss_start__ = _sbss
 *(.bss)
 *(.bss*)
 .bss.completed.1
                0x20000074        0x1 /opt/arm-gnu-toolchain-14.3.rel1-x86_64-arm-none-eabi/bin/../lib/gcc/arm-none-eabi/14.3.1/thumb/v7-m/nofp/crtbegin.o
 *fill*         0x20000075        0x3 
 .bss.object.0  0x20000078       0x18 /opt/arm-gnu-toolchain-14.3.rel1-x86_64-arm-none-eabi/bin/../lib/gcc/arm-none-eabi/14.3.1/thumb/v7-m/nofp/crtbegin.o
 .bss.uwTick    0x20000090        0x4 build/stm32f1xx_hal.o
                0x20000090                uwTick
 .bss.SD_REQUEST_DATA_ISR_FLAG
                0x20000094        0x4 build/Cu_main.o
                0x20000094                SD_REQUEST_DATA_ISR_FLAG
 .bss.filename  0x20000098       0x80 build/Cu_main.o
                0x20000098                filename
 .bss.rx_data   0x20000118       0x80 build/Cu_main.o
                0x20000118                rx_data
 .bss.buffer    0x20000198       0x80 build/Cu_main.o
                0x20000198                buffer
 .bss.CAN       0x20000218       0x48 build/Cu_main.o
                0x20000218                CAN
 .bss.res       0x20000260        0x1 build/can_al.o
                0x20000260                res
 *fill*         0x20000261        0x3 
 .bss.Lib_CAN_Connection_ptr
                0x20000264        0x4 build/can_al.o
                0x20000264                Lib_CAN_Connection_ptr
 .bss.CAN_ISR_FLAG
                0x20000268        0x4 build/can_al.o
                0x20000268                CAN_ISR_FLAG
 .bss.SD_SAVE_ISR_FLAG
                0x2000026c        0x4 build/sd_al.o
                0x2000026c                SD_SAVE_ISR_FLAG
 .bss.fresult   0x20000270        0x1 build/sd_al.o
                0x20000270                fresult
 *fill*         0x20000271        0x3 
 .bss.fil       0x20000274      0x42c build/sd_al.o
                0x20000274                fil
 .bss.fs        0x200006a0      0x430 build/sd_al.o
                0x200006a0                fs
 .bss.hcan      0x20000ad0       0x28 build/can.o
                0x20000ad0                hcan
 .bss.huart1    0x20000af8       0x48 build/usart.o
                0x20000af8                huart1
 .bss.Timer2    0x20000b40        0x1 build/stm32f1xx_it.o
                0x20000b40                Timer2
 .bss.Timer1    0x20000b41        0x1 build/stm32f1xx_it.o
                0x20000b41                Timer1
 .bss.FatFsCnt  0x20000b42        0x1 build/stm32f1xx_it.o
                0x20000b42                FatFsCnt
 *fill*         0x20000b43        0x1 
 .bss.hspi1     0x20000b44       0x58 build/spi.o
                0x20000b44                hspi1
 .bss.USERPath  0x20000b9c        0x4 build/fatfs.o
                0x20000b9c                USERPath
 .bss.retUSER   0x20000ba0        0x1 build/fatfs.o
                0x20000ba0                retUSER
 *fill*         0x20000ba1        0x3 
 .bss.Files     0x20000ba4       0x18 build/ff.o
 .bss.Fsid      0x20000bbc        0x2 build/ff.o
 *fill*         0x20000bbe        0x2 
 .bss.FatFs     0x20000bc0        0x4 build/ff.o
 .bss.disk      0x20000bc4        0xc build/ff_gen_drv.o
                0x20000bc4                disk
 .bss.PowerFlag
                0x20000bd0        0x1 build/fatfs_sd.o
 .bss.CardType  0x20000bd1        0x1 build/fatfs_sd.o
 *fill*         0x20000bd2        0x2 
 .bss.htim1     0x20000bd4       0x48 build/tim.o
                0x20000bd4                htim1
 .bss.__sf      0x20000c1c      0x138 /opt/arm-gnu-toolchain-14.3.rel1-x86_64-arm-none-eabi/bin/../lib/gcc/arm-none-eabi/14.3.1/../../../../arm-none-eabi/lib/thumb/v7-m/nofp/libc_nano.a(libc_a-findfp.o)
                0x20000c1c                __sf
 .bss.errno     0x20000d54        0x4 /opt/arm-gnu-toolchain-14.3.rel1-x86_64-arm-none-eabi/bin/../lib/gcc/arm-none-eabi/14.3.1/../../../../arm-none-eabi/lib/thumb/v7-m/nofp/libc_nano.a(libc_a-reent.o)
                0x20000d54                errno
 .bss.__lock___malloc_recursive_mutex
                0x20000d58        0x1 /opt/arm-gnu-toolchain-14.3.rel1-x86_64-arm-none-eabi/bin/../lib/gcc/arm-none-eabi/14.3.1/../../../../arm-none-eabi/lib/thumb/v7-m/nofp/libc_nano.a(libc_a-lock.o)
                0x20000d58                __lock___malloc_recursive_mutex
 *fill*         0x20000d59        0x3 
 .bss.__malloc_sbrk_start
                0x20000d5c        0x4 /opt/arm-gnu-toolchain-14.3.rel1-x86_64-arm-none-eabi/bin/../lib/gcc/arm-none-eabi/14.3.1/../../../../arm-none-eabi/lib/thumb/v7-m/nofp/libc_nano.a(libc_a-mallocr.o)
                0x20000d5c                __malloc_sbrk_start
 .bss.__malloc_free_list
                0x20000d60        0x4 /opt/arm-gnu-toolchain-14.3.rel1-x86_64-arm-none-eabi/bin/../lib/gcc/arm-none-eabi/14.3.1/../../../../arm-none-eabi/lib/thumb/v7-m/nofp/libc_nano.a(libc_a-mallocr.o)
                0x20000d60                __malloc_free_list
 .bss.heap_end.0
                0x20000d64        0x4 /opt/arm-gnu-toolchain-14.3.rel1-x86_64-arm-none-eabi/bin/../lib/gcc/arm-none-eabi/14.3.1/../../../../arm-none-eabi/lib/thumb/v7-m/nofp/libnosys.a(sbrk.o)
 *(COMMON)
                0x20000d68                        . = ALIGN (0x4)
                0x20000d68                        _ebss = .
                0x20000d68                        __bss_end__ = _ebss

._user_heap_stack
                0x20000d68      0x600 load address 0x08006220
                0x20000d68                        . = ALIGN (0x8)
                0x20000d68                        PROVIDE (end = .)
                [!provide]                        PROVIDE (_end = .)
                0x20000f68                        . = (. + _Min_Heap_Size)
 *fill*         0x20000d68      0x200 
                0x20001368                        . = (. + _Min_Stack_Size)
 *fill*         0x20000f68      0x400 
                0x20001368                        . = ALIGN (0x8)

/DISCARD/
 libc.a(*)
 libm.a(*)
 libgcc.a(*)
OUTPUT(build/DataLogger.elf elf32-littlearm)
LOAD linker stubs
LOAD /opt/arm-gnu-toolchain-14.3.rel1-x86_64-arm-none-eabi/bin/../lib/gcc/arm-none-eabi/14.3.1/../../../../arm-none-eabi/lib/thumb/v7-m/nofp/libc.a
LOAD /opt/arm-gnu-toolchain-14.3.rel1-x86_64-arm-none-eabi/bin/../lib/gcc/arm-none-eabi/14.3.1/../../../../arm-none-eabi/lib/thumb/v7-m/nofp/libm.a
LOAD /opt/arm-gnu-toolchain-14.3.rel1-x86_64-arm-none-eabi/bin/../lib/gcc/arm-none-eabi/14.3.1/thumb/v7-m/nofp/libgcc.a

.ARM.attributes
                0x00000000       0x29
 .ARM.attributes
                0x00000000       0x1d /opt/arm-gnu-toolchain-14.3.rel1-x86_64-arm-none-eabi/bin/../lib/gcc/arm-none-eabi/14.3.1/thumb/v7-m/nofp/crti.o
 .ARM.attributes
                0x0000001d       0x2d /opt/arm-gnu-toolchain-14.3.rel1-x86_64-arm-none-eabi/bin/../lib/gcc/arm-none-eabi/14.3.1/thumb/v7-m/nofp/crtbegin.o
 .ARM.attributes
                0x0000004a       0x2d build/stm32f1xx_hal_can.o
 .ARM.attributes
                0x00000077       0x2d build/stm32f1xx_hal.o
 .ARM.attributes
                0x000000a4       0x2d build/stm32f1xx_hal_rcc.o
 .ARM.attributes
                0x000000d1       0x2d build/stm32f1xx_hal_gpio.o
 .ARM.attributes
                0x000000fe       0x2d build/stm32f1xx_hal_dma.o
 .ARM.attributes
                0x0000012b       0x2d build/stm32f1xx_hal_cortex.o
 .ARM.attributes
                0x00000158       0x2d build/stm32f1xx_hal_uart.o
 .ARM.attributes
                0x00000185       0x2d build/Cu_main.o
 .ARM.attributes
                0x000001b2       0x2d build/can_al.o
 .ARM.attributes
                0x000001df       0x2d build/debug.o
 .ARM.attributes
                0x0000020c       0x2d build/sd_al.o
 .ARM.attributes
                0x00000239       0x2d build/main.o
 .ARM.attributes
                0x00000266       0x2d build/gpio.o
 .ARM.attributes
                0x00000293       0x2d build/can.o
 .ARM.attributes
                0x000002c0       0x2d build/usart.o
 .ARM.attributes
                0x000002ed       0x2d build/stm32f1xx_it.o
 .ARM.attributes
                0x0000031a       0x2d build/stm32f1xx_hal_msp.o
 .ARM.attributes
                0x00000347       0x2d build/system_stm32f1xx.o
 .ARM.attributes
                0x00000374       0x2d build/spi.o
 .ARM.attributes
                0x000003a1       0x2d build/user_diskio.o
 .ARM.attributes
                0x000003ce       0x2d build/fatfs.o
 .ARM.attributes
                0x000003fb       0x2d build/stm32f1xx_hal_spi.o
 .ARM.attributes
                0x00000428       0x2d build/diskio.o
 .ARM.attributes
                0x00000455       0x2d build/ff.o
 .ARM.attributes
                0x00000482       0x2d build/ff_gen_drv.o
 .ARM.attributes
                0x000004af       0x2d build/fatfs_sd.o
 .ARM.attributes
                0x000004dc       0x2d build/tim.o
 .ARM.attributes
                0x00000509       0x2d build/stm32f1xx_hal_tim.o
 .ARM.attributes
                0x00000536       0x2d build/stm32f1xx_hal_tim_ex.o
 .ARM.attributes
                0x00000563       0x21 build/startup_stm32f103xb.o
 .ARM.attributes
                0x00000584       0x2d /opt/arm-gnu-toolchain-14.3.rel1-x86_64-arm-none-eabi/bin/../lib/gcc/arm-none-eabi/14.3.1/../../../../arm-none-eabi/lib/thumb/v7-m/nofp/libc_nano.a(libc_a-findfp.o)
 .ARM.attributes
                0x000005b1       0x2d /opt/arm-gnu-toolchain-14.3.rel1-x86_64-arm-none-eabi/bin/../lib/gcc/arm-none-eabi/14.3.1/../../../../arm-none-eabi/lib/thumb/v7-m/nofp/libc_nano.a(libc_a-sprintf.o)
 .ARM.attributes
                0x000005de       0x2d /opt/arm-gnu-toolchain-14.3.rel1-x86_64-arm-none-eabi/bin/../lib/gcc/arm-none-eabi/14.3.1/../../../../arm-none-eabi/lib/thumb/v7-m/nofp/libc_nano.a(libc_a-memset.o)
 .ARM.attributes
                0x0000060b       0x2d /opt/arm-gnu-toolchain-14.3.rel1-x86_64-arm-none-eabi/bin/../lib/gcc/arm-none-eabi/14.3.1/../../../../arm-none-eabi/lib/thumb/v7-m/nofp/libc_nano.a(libc_a-strncmp.o)
 .ARM.attributes
                0x00000638       0x2d /opt/arm-gnu-toolchain-14.3.rel1-x86_64-arm-none-eabi/bin/../lib/gcc/arm-none-eabi/14.3.1/../../../../arm-none-eabi/lib/thumb/v7-m/nofp/libc_nano.a(libc_a-reent.o)
 .ARM.attributes
                0x00000665       0x2d /opt/arm-gnu-toolchain-14.3.rel1-x86_64-arm-none-eabi/bin/../lib/gcc/arm-none-eabi/14.3.1/../../../../arm-none-eabi/lib/thumb/v7-m/nofp/libc_nano.a(libc_a-impure.o)
 .ARM.attributes
                0x00000692       0x2d /opt/arm-gnu-toolchain-14.3.rel1-x86_64-arm-none-eabi/bin/../lib/gcc/arm-none-eabi/14.3.1/../../../../arm-none-eabi/lib/thumb/v7-m/nofp/libc_nano.a(libc_a-init.o)
 .ARM.attributes
                0x000006bf       0x2d /opt/arm-gnu-toolchain-14.3.rel1-x86_64-arm-none-eabi/bin/../lib/gcc/arm-none-eabi/14.3.1/../../../../arm-none-eabi/lib/thumb/v7-m/nofp/libc_nano.a(libc_a-lock.o)
 .ARM.attributes
                0x000006ec       0x17 /opt/arm-gnu-toolchain-14.3.rel1-x86_64-arm-none-eabi/bin/../lib/gcc/arm-none-eabi/14.3.1/../../../../arm-none-eabi/lib/thumb/v7-m/nofp/libc_nano.a(libc_a-strlen.o)
 .ARM.attributes
                0x00000703       0x2d /opt/arm-gnu-toolchain-14.3.rel1-x86_64-arm-none-eabi/bin/../lib/gcc/arm-none-eabi/14.3.1/../../../../arm-none-eabi/lib/thumb/v7-m/nofp/libc_nano.a(libc_a-freer.o)
 .ARM.attributes
                0x00000730       0x2d /opt/arm-gnu-toolchain-14.3.rel1-x86_64-arm-none-eabi/bin/../lib/gcc/arm-none-eabi/14.3.1/../../../../arm-none-eabi/lib/thumb/v7-m/nofp/libc_nano.a(libc_a-mallocr.o)
 .ARM.attributes
                0x0000075d       0x2d /opt/arm-gnu-toolchain-14.3.rel1-x86_64-arm-none-eabi/bin/../lib/gcc/arm-none-eabi/14.3.1/../../../../arm-none-eabi/lib/thumb/v7-m/nofp/libc_nano.a(libc_a-mlock.o)
 .ARM.attributes
                0x0000078a       0x2d /opt/arm-gnu-toolchain-14.3.rel1-x86_64-arm-none-eabi/bin/../lib/gcc/arm-none-eabi/14.3.1/../../../../arm-none-eabi/lib/thumb/v7-m/nofp/libc_nano.a(libc_a-nano-svfprintf.o)
 .ARM.attributes
                0x000007b7       0x2d /opt/arm-gnu-toolchain-14.3.rel1-x86_64-arm-none-eabi/bin/../lib/gcc/arm-none-eabi/14.3.1/../../../../arm-none-eabi/lib/thumb/v7-m/nofp/libc_nano.a(libc_a-nano-vfprintf_i.o)
 .ARM.attributes
                0x000007e4       0x2d /opt/arm-gnu-toolchain-14.3.rel1-x86_64-arm-none-eabi/bin/../lib/gcc/arm-none-eabi/14.3.1/../../../../arm-none-eabi/lib/thumb/v7-m/nofp/libc_nano.a(libc_a-memmove.o)
 .ARM.attributes
                0x00000811       0x2d /opt/arm-gnu-toolchain-14.3.rel1-x86_64-arm-none-eabi/bin/../lib/gcc/arm-none-eabi/14.3.1/../../../../arm-none-eabi/lib/thumb/v7-m/nofp/libc_nano.a(libc_a-sbrkr.o)
 .ARM.attributes
                0x0000083e       0x2d /opt/arm-gnu-toolchain-14.3.rel1-x86_64-arm-none-eabi/bin/../lib/gcc/arm-none-eabi/14.3.1/../../../../arm-none-eabi/lib/thumb/v7-m/nofp/libc_nano.a(libc_a-memchr-stub.o)
 .ARM.attributes
                0x0000086b       0x2d /opt/arm-gnu-toolchain-14.3.rel1-x86_64-arm-none-eabi/bin/../lib/gcc/arm-none-eabi/14.3.1/../../../../arm-none-eabi/lib/thumb/v7-m/nofp/libc_nano.a(libc_a-memcpy-stub.o)
 .ARM.attributes
                0x00000898       0x2d /opt/arm-gnu-toolchain-14.3.rel1-x86_64-arm-none-eabi/bin/../lib/gcc/arm-none-eabi/14.3.1/../../../../arm-none-eabi/lib/thumb/v7-m/nofp/libc_nano.a(libc_a-reallocr.o)
 .ARM.attributes
                0x000008c5       0x2d /opt/arm-gnu-toolchain-14.3.rel1-x86_64-arm-none-eabi/bin/../lib/gcc/arm-none-eabi/14.3.1/../../../../arm-none-eabi/lib/thumb/v7-m/nofp/libc_nano.a(libc_a-msizer.o)
 .ARM.attributes
                0x000008f2       0x2d /opt/arm-gnu-toolchain-14.3.rel1-x86_64-arm-none-eabi/bin/../lib/gcc/arm-none-eabi/14.3.1/../../../../arm-none-eabi/lib/thumb/v7-m/nofp/libnosys.a(sbrk.o)
 .ARM.attributes
                0x0000091f       0x2d /opt/arm-gnu-toolchain-14.3.rel1-x86_64-arm-none-eabi/bin/../lib/gcc/arm-none-eabi/14.3.1/thumb/v7-m/nofp/crtend.o
 .ARM.attributes
                0x0000094c       0x1d /opt/arm-gnu-toolchain-14.3.rel1-x86_64-arm-none-eabi/bin/../lib/gcc/arm-none-eabi/14.3.1/thumb/v7-m/nofp/crtn.o

.comment        0x00000000       0x8b
 .comment       0x00000000       0x8b build/stm32f1xx_hal_can.o
                                 0x46 (size before relaxing)
 .comment       0x0000008b       0x46 build/stm32f1xx_hal.o
 .comment       0x0000008b       0x46 build/stm32f1xx_hal_rcc.o
 .comment       0x0000008b       0x46 build/stm32f1xx_hal_gpio.o
 .comment       0x0000008b       0x46 build/stm32f1xx_hal_dma.o
 .comment       0x0000008b       0x46 build/stm32f1xx_hal_cortex.o
 .comment       0x0000008b       0x46 build/stm32f1xx_hal_uart.o
 .comment       0x0000008b       0x47 build/Cu_main.o
 .comment       0x0000008b       0x46 build/can_al.o
 .comment       0x0000008b       0x46 build/debug.o
 .comment       0x0000008b       0x47 build/sd_al.o
 .comment       0x0000008b       0x46 build/main.o
 .comment       0x0000008b       0x46 build/gpio.o
 .comment       0x0000008b       0x46 build/can.o
 .comment       0x0000008b       0x46 build/usart.o
 .comment       0x0000008b       0x46 build/stm32f1xx_it.o
 .comment       0x0000008b       0x46 build/stm32f1xx_hal_msp.o
 .comment       0x0000008b       0x46 build/system_stm32f1xx.o
 .comment       0x0000008b       0x46 build/spi.o
 .comment       0x0000008b       0x46 build/user_diskio.o
 .comment       0x0000008b       0x46 build/fatfs.o
 .comment       0x0000008b       0x46 build/stm32f1xx_hal_spi.o
 .comment       0x0000008b       0x46 build/diskio.o
 .comment       0x0000008b       0x46 build/ff.o
 .comment       0x0000008b       0x46 build/ff_gen_drv.o
 .comment       0x0000008b       0x46 build/fatfs_sd.o
 .comment       0x0000008b       0x46 build/tim.o
 .comment       0x0000008b       0x46 build/stm32f1xx_hal_tim.o
 .comment       0x0000008b       0x46 build/stm32f1xx_hal_tim_ex.o

.debug_info     0x00000000    0x1e8e7
 .debug_info    0x00000000     0x1385 build/stm32f1xx_hal_can.o
 .debug_info    0x00001385      0x880 build/stm32f1xx_hal.o
 .debug_info    0x00001c05      0xb10 build/stm32f1xx_hal_rcc.o
 .debug_info    0x00002715      0x6d7 build/stm32f1xx_hal_gpio.o
 .debug_info    0x00002dec      0x8d5 build/stm32f1xx_hal_dma.o
 .debug_info    0x000036c1      0xe3f build/stm32f1xx_hal_cortex.o
 .debug_info    0x00004500     0x430f build/stm32f1xx_hal_uart.o
 .debug_info    0x0000880f     0x1993 build/Cu_main.o
 .debug_info    0x0000a1a2      0xb09 build/can_al.o
 .debug_info    0x0000acab      0x7b0 build/debug.o
 .debug_info    0x0000b45b      0xbb3 build/sd_al.o
 .debug_info    0x0000c00e      0x3f5 build/main.o
 .debug_info    0x0000c403      0x35b build/gpio.o
 .debug_info    0x0000c75e      0xa2d build/can.o
 .debug_info    0x0000d18b      0xb26 build/usart.o
 .debug_info    0x0000dcb1      0xfa9 build/stm32f1xx_it.o
 .debug_info    0x0000ec5a      0x238 build/stm32f1xx_hal_msp.o
 .debug_info    0x0000ee92      0x26e build/system_stm32f1xx.o
 .debug_info    0x0000f100      0x971 build/spi.o
 .debug_info    0x0000fa71      0x525 build/user_diskio.o
 .debug_info    0x0000ff96      0x5a6 build/fatfs.o
 .debug_info    0x0001053c     0x1e49 build/stm32f1xx_hal_spi.o
 .debug_info    0x00012385      0x51f build/diskio.o
 .debug_info    0x000128a4     0x3dc3 build/ff.o
 .debug_info    0x00016667      0x44d build/ff_gen_drv.o
 .debug_info    0x00016ab4     0x13f1 build/fatfs_sd.o
 .debug_info    0x00017ea5      0xb8b build/tim.o
 .debug_info    0x00018a30     0x4146 build/stm32f1xx_hal_tim.o
 .debug_info    0x0001cb76     0x1d41 build/stm32f1xx_hal_tim_ex.o
 .debug_info    0x0001e8b7       0x30 build/startup_stm32f103xb.o

.debug_abbrev   0x00000000     0x423e
 .debug_abbrev  0x00000000      0x255 build/stm32f1xx_hal_can.o
 .debug_abbrev  0x00000255      0x232 build/stm32f1xx_hal.o
 .debug_abbrev  0x00000487      0x2d6 build/stm32f1xx_hal_rcc.o
 .debug_abbrev  0x0000075d      0x222 build/stm32f1xx_hal_gpio.o
 .debug_abbrev  0x0000097f      0x261 build/stm32f1xx_hal_dma.o
 .debug_abbrev  0x00000be0      0x3aa build/stm32f1xx_hal_cortex.o
 .debug_abbrev  0x00000f8a      0x35f build/stm32f1xx_hal_uart.o
 .debug_abbrev  0x000012e9      0x390 build/Cu_main.o
 .debug_abbrev  0x00001679      0x24f build/can_al.o
 .debug_abbrev  0x000018c8      0x226 build/debug.o
 .debug_abbrev  0x00001aee      0x2d4 build/sd_al.o
 .debug_abbrev  0x00001dc2      0x1c2 build/main.o
 .debug_abbrev  0x00001f84      0x14e build/gpio.o
 .debug_abbrev  0x000020d2      0x214 build/can.o
 .debug_abbrev  0x000022e6      0x21b build/usart.o
 .debug_abbrev  0x00002501      0x1ca build/stm32f1xx_it.o
 .debug_abbrev  0x000026cb       0xe7 build/stm32f1xx_hal_msp.o
 .debug_abbrev  0x000027b2      0x140 build/system_stm32f1xx.o
 .debug_abbrev  0x000028f2      0x1fd build/spi.o
 .debug_abbrev  0x00002aef      0x15b build/user_diskio.o
 .debug_abbrev  0x00002c4a      0x18e build/fatfs.o
 .debug_abbrev  0x00002dd8      0x2be build/stm32f1xx_hal_spi.o
 .debug_abbrev  0x00003096      0x1b9 build/diskio.o
 .debug_abbrev  0x0000324f      0x310 build/ff.o
 .debug_abbrev  0x0000355f      0x1c9 build/ff_gen_drv.o
 .debug_abbrev  0x00003728      0x354 build/fatfs_sd.o
 .debug_abbrev  0x00003a7c      0x231 build/tim.o
 .debug_abbrev  0x00003cad      0x2bd build/stm32f1xx_hal_tim.o
 .debug_abbrev  0x00003f6a      0x2b7 build/stm32f1xx_hal_tim_ex.o
 .debug_abbrev  0x00004221       0x1d build/startup_stm32f103xb.o

.debug_loc      0x00000000    0x1b0ed
 .debug_loc     0x00000000     0x10bb build/stm32f1xx_hal_can.o
 .debug_loc     0x000010bb      0x1f9 build/stm32f1xx_hal.o
 .debug_loc     0x000012b4      0x7c6 build/stm32f1xx_hal_rcc.o
 .debug_loc     0x00001a7a      0x55f build/stm32f1xx_hal_gpio.o
 .debug_loc     0x00001fd9      0x990 build/stm32f1xx_hal_dma.o
 .debug_loc     0x00002969      0x8b4 build/stm32f1xx_hal_cortex.o
 .debug_loc     0x0000321d     0x506e build/stm32f1xx_hal_uart.o
 .debug_loc     0x0000828b       0xa1 build/Cu_main.o
 .debug_loc     0x0000832c      0x315 build/can_al.o
 .debug_loc     0x00008641       0xe8 build/debug.o
 .debug_loc     0x00008729      0x19d build/sd_al.o
 .debug_loc     0x000088c6       0x66 build/main.o
 .debug_loc     0x0000892c       0x38 build/gpio.o
 .debug_loc     0x00008964      0x120 build/can.o
 .debug_loc     0x00008a84      0x120 build/usart.o
 .debug_loc     0x00008ba4       0x80 build/stm32f1xx_it.o
 .debug_loc     0x00008c24       0x41 build/stm32f1xx_hal_msp.o
 .debug_loc     0x00008c65      0x11b build/system_stm32f1xx.o
 .debug_loc     0x00008d80      0x120 build/spi.o
 .debug_loc     0x00008ea0      0x2cf build/user_diskio.o
 .debug_loc     0x0000916f       0x20 build/fatfs.o
 .debug_loc     0x0000918f     0x2554 build/stm32f1xx_hal_spi.o
 .debug_loc     0x0000b6e3      0x377 build/diskio.o
 .debug_loc     0x0000ba5a     0x5f3d build/ff.o
 .debug_loc     0x00011997      0x361 build/ff_gen_drv.o
 .debug_loc     0x00011cf8      0xeb5 build/fatfs_sd.o
 .debug_loc     0x00012bad      0x115 build/tim.o
 .debug_loc     0x00012cc2     0x6179 build/stm32f1xx_hal_tim.o
 .debug_loc     0x00018e3b     0x22b2 build/stm32f1xx_hal_tim_ex.o

.debug_aranges  0x00000000     0x13c8
 .debug_aranges
                0x00000000      0x138 build/stm32f1xx_hal_can.o
 .debug_aranges
                0x00000138       0xe0 build/stm32f1xx_hal.o
 .debug_aranges
                0x00000218       0x90 build/stm32f1xx_hal_rcc.o
 .debug_aranges
                0x000002a8       0x58 build/stm32f1xx_hal_gpio.o
 .debug_aranges
                0x00000300       0x80 build/stm32f1xx_hal_dma.o
 .debug_aranges
                0x00000380       0xc0 build/stm32f1xx_hal_cortex.o
 .debug_aranges
                0x00000440      0x208 build/stm32f1xx_hal_uart.o
 .debug_aranges
                0x00000648       0x40 build/Cu_main.o
 .debug_aranges
                0x00000688       0x48 build/can_al.o
 .debug_aranges
                0x000006d0       0x30 build/debug.o
 .debug_aranges
                0x00000700       0x40 build/sd_al.o
 .debug_aranges
                0x00000740       0x30 build/main.o
 .debug_aranges
                0x00000770       0x20 build/gpio.o
 .debug_aranges
                0x00000790       0x30 build/can.o
 .debug_aranges
                0x000007c0       0x30 build/usart.o
 .debug_aranges
                0x000007f0       0x80 build/stm32f1xx_it.o
 .debug_aranges
                0x00000870       0x20 build/stm32f1xx_hal_msp.o
 .debug_aranges
                0x00000890       0x28 build/system_stm32f1xx.o
 .debug_aranges
                0x000008b8       0x30 build/spi.o
 .debug_aranges
                0x000008e8       0x40 build/user_diskio.o
 .debug_aranges
                0x00000928       0x28 build/fatfs.o
 .debug_aranges
                0x00000950      0x1d0 build/stm32f1xx_hal_spi.o
 .debug_aranges
                0x00000b20       0x48 build/diskio.o
 .debug_aranges
                0x00000b68      0x1e8 build/ff.o
 .debug_aranges
                0x00000d50       0x40 build/ff_gen_drv.o
 .debug_aranges
                0x00000d90       0xa8 build/fatfs_sd.o
 .debug_aranges
                0x00000e38       0x30 build/tim.o
 .debug_aranges
                0x00000e68      0x3d0 build/stm32f1xx_hal_tim.o
 .debug_aranges
                0x00001238      0x168 build/stm32f1xx_hal_tim_ex.o
 .debug_aranges
                0x000013a0       0x28 build/startup_stm32f103xb.o

.debug_ranges   0x00000000     0x1258
 .debug_ranges  0x00000000      0x128 build/stm32f1xx_hal_can.o
 .debug_ranges  0x00000128       0xd0 build/stm32f1xx_hal.o
 .debug_ranges  0x000001f8       0xa0 build/stm32f1xx_hal_rcc.o
 .debug_ranges  0x00000298       0x48 build/stm32f1xx_hal_gpio.o
 .debug_ranges  0x000002e0       0x70 build/stm32f1xx_hal_dma.o
 .debug_ranges  0x00000350       0xb0 build/stm32f1xx_hal_cortex.o
 .debug_ranges  0x00000400      0x210 build/stm32f1xx_hal_uart.o
 .debug_ranges  0x00000610       0x30 build/Cu_main.o
 .debug_ranges  0x00000640       0x68 build/can_al.o
 .debug_ranges  0x000006a8       0x20 build/debug.o
 .debug_ranges  0x000006c8       0x30 build/sd_al.o
 .debug_ranges  0x000006f8       0x20 build/main.o
 .debug_ranges  0x00000718       0x10 build/gpio.o
 .debug_ranges  0x00000728       0x20 build/can.o
 .debug_ranges  0x00000748       0x20 build/usart.o
 .debug_ranges  0x00000768       0x70 build/stm32f1xx_it.o
 .debug_ranges  0x000007d8       0x10 build/stm32f1xx_hal_msp.o
 .debug_ranges  0x000007e8       0x18 build/system_stm32f1xx.o
 .debug_ranges  0x00000800       0x20 build/spi.o
 .debug_ranges  0x00000820       0x30 build/user_diskio.o
 .debug_ranges  0x00000850       0x18 build/fatfs.o
 .debug_ranges  0x00000868      0x1c0 build/stm32f1xx_hal_spi.o
 .debug_ranges  0x00000a28       0x38 build/diskio.o
 .debug_ranges  0x00000a60      0x1d8 build/ff.o
 .debug_ranges  0x00000c38       0x30 build/ff_gen_drv.o
 .debug_ranges  0x00000c68       0x98 build/fatfs_sd.o
 .debug_ranges  0x00000d00       0x20 build/tim.o
 .debug_ranges  0x00000d20      0x3c0 build/stm32f1xx_hal_tim.o
 .debug_ranges  0x000010e0      0x158 build/stm32f1xx_hal_tim_ex.o
 .debug_ranges  0x00001238       0x20 build/startup_stm32f103xb.o

.debug_line     0x00000000    0x16280
 .debug_line    0x00000000     0x10de build/stm32f1xx_hal_can.o
 .debug_line    0x000010de      0x4c6 build/stm32f1xx_hal.o
 .debug_line    0x000015a4      0xc50 build/stm32f1xx_hal_rcc.o
 .debug_line    0x000021f4      0x561 build/stm32f1xx_hal_gpio.o
 .debug_line    0x00002755      0xa76 build/stm32f1xx_hal_dma.o
 .debug_line    0x000031cb      0x63f build/stm32f1xx_hal_cortex.o
 .debug_line    0x0000380a     0x3422 build/stm32f1xx_hal_uart.o
 .debug_line    0x00006c2c      0x52c build/Cu_main.o
 .debug_line    0x00007158      0x34a build/can_al.o
 .debug_line    0x000074a2      0x264 build/debug.o
 .debug_line    0x00007706      0x326 build/sd_al.o
 .debug_line    0x00007a2c      0x285 build/main.o
 .debug_line    0x00007cb1      0x16a build/gpio.o
 .debug_line    0x00007e1b      0x2b3 build/can.o
 .debug_line    0x000080ce      0x2ae build/usart.o
 .debug_line    0x0000837c      0x30f build/stm32f1xx_it.o
 .debug_line    0x0000868b      0x114 build/stm32f1xx_hal_msp.o
 .debug_line    0x0000879f      0x1dd build/system_stm32f1xx.o
 .debug_line    0x0000897c      0x2aa build/spi.o
 .debug_line    0x00008c26      0x138 build/user_diskio.o
 .debug_line    0x00008d5e      0x15b build/fatfs.o
 .debug_line    0x00008eb9     0x2352 build/stm32f1xx_hal_spi.o
 .debug_line    0x0000b20b      0x1f3 build/diskio.o
 .debug_line    0x0000b3fe     0x3f79 build/ff.o
 .debug_line    0x0000f377      0x234 build/ff_gen_drv.o
 .debug_line    0x0000f5ab      0xb70 build/fatfs_sd.o
 .debug_line    0x0001011b      0x2a0 build/tim.o
 .debug_line    0x000103bb     0x453c build/stm32f1xx_hal_tim.o
 .debug_line    0x000148f7     0x1918 build/stm32f1xx_hal_tim_ex.o
 .debug_line    0x0001620f       0x71 build/startup_stm32f103xb.o

.debug_str      0x00000000     0x50a7
 .debug_str     0x00000000     0x50a7 build/stm32f1xx_hal_can.o
                                0xa02 (size before relaxing)
 .debug_str     0x000050a7      0x80e build/stm32f1xx_hal.o
 .debug_str     0x000050a7      0x60b build/stm32f1xx_hal_rcc.o
 .debug_str     0x000050a7      0x3e0 build/stm32f1xx_hal_gpio.o
 .debug_str     0x000050a7      0x5dd build/stm32f1xx_hal_dma.o
 .debug_str     0x000050a7      0x8b3 build/stm32f1xx_hal_cortex.o
 .debug_str     0x000050a7      0xcd4 build/stm32f1xx_hal_uart.o
 .debug_str     0x000050a7      0xdf7 build/Cu_main.o
 .debug_str     0x000050a7      0x6eb build/can_al.o
 .debug_str     0x000050a7      0x62a build/debug.o
 .debug_str     0x000050a7      0x55e build/sd_al.o
 .debug_str     0x000050a7      0x397 build/main.o
 .debug_str     0x000050a7      0x26b build/gpio.o
 .debug_str     0x000050a7      0x85d build/can.o
 .debug_str     0x000050a7      0x9cd build/usart.o
 .debug_str     0x000050a7      0xbf9 build/stm32f1xx_it.o
 .debug_str     0x000050a7      0x1ff build/stm32f1xx_hal_msp.o
 .debug_str     0x000050a7      0x234 build/system_stm32f1xx.o
 .debug_str     0x000050a7      0x67d build/spi.o
 .debug_str     0x000050a7      0x2bc build/user_diskio.o
 .debug_str     0x000050a7      0x339 build/fatfs.o
 .debug_str     0x000050a7      0xb41 build/stm32f1xx_hal_spi.o
 .debug_str     0x000050a7      0x27b build/diskio.o
 .debug_str     0x000050a7      0x7ab build/ff.o
 .debug_str     0x000050a7      0x2cc build/ff_gen_drv.o
 .debug_str     0x000050a7      0x7b9 build/fatfs_sd.o
 .debug_str     0x000050a7      0xb15 build/tim.o
 .debug_str     0x000050a7     0x1665 build/stm32f1xx_hal_tim.o
 .debug_str     0x000050a7      0xe71 build/stm32f1xx_hal_tim_ex.o
 .debug_str     0x000050a7       0x5d build/startup_stm32f103xb.o

.debug_frame    0x00000000     0x3b88
 .debug_frame   0x00000000      0x2d4 build/stm32f1xx_hal_can.o
 .debug_frame   0x000002d4      0x1cc build/stm32f1xx_hal.o
 .debug_frame   0x000004a0      0x184 build/stm32f1xx_hal_rcc.o
 .debug_frame   0x00000624       0xe4 build/stm32f1xx_hal_gpio.o
 .debug_frame   0x00000708      0x144 build/stm32f1xx_hal_dma.o
 .debug_frame   0x0000084c      0x19c build/stm32f1xx_hal_cortex.o
 .debug_frame   0x000009e8      0x5dc build/stm32f1xx_hal_uart.o
 .debug_frame   0x00000fc4       0x7c build/Cu_main.o
 .debug_frame   0x00001040       0xb0 build/can_al.o
 .debug_frame   0x000010f0       0x50 build/debug.o
 .debug_frame   0x00001140       0x80 build/sd_al.o
 .debug_frame   0x000011c0       0x58 build/main.o
 .debug_frame   0x00001218       0x30 build/gpio.o
 .debug_frame   0x00001248       0x64 build/can.o
 .debug_frame   0x000012ac       0x64 build/usart.o
 .debug_frame   0x00001310      0x100 build/stm32f1xx_it.o
 .debug_frame   0x00001410       0x28 build/stm32f1xx_hal_msp.o
 .debug_frame   0x00001438       0x30 build/system_stm32f1xx.o
 .debug_frame   0x00001468       0x64 build/spi.o
 .debug_frame   0x000014cc       0x88 build/user_diskio.o
 .debug_frame   0x00001554       0x38 build/fatfs.o
 .debug_frame   0x0000158c      0x5c0 build/stm32f1xx_hal_spi.o
 .debug_frame   0x00001b4c       0xa0 build/diskio.o
 .debug_frame   0x00001bec      0x778 build/ff.o
 .debug_frame   0x00002364       0x7c build/ff_gen_drv.o
 .debug_frame   0x000023e0      0x218 build/fatfs_sd.o
 .debug_frame   0x000025f8       0x64 build/tim.o
 .debug_frame   0x0000265c      0xb18 build/stm32f1xx_hal_tim.o
 .debug_frame   0x00003174      0x418 build/stm32f1xx_hal_tim_ex.o
 .debug_frame   0x0000358c      0x144 /opt/arm-gnu-toolchain-14.3.rel1-x86_64-arm-none-eabi/bin/../lib/gcc/arm-none-eabi/14.3.1/../../../../arm-none-eabi/lib/thumb/v7-m/nofp/libc_nano.a(libc_a-findfp.o)
 .debug_frame   0x000036d0       0x74 /opt/arm-gnu-toolchain-14.3.rel1-x86_64-arm-none-eabi/bin/../lib/gcc/arm-none-eabi/14.3.1/../../../../arm-none-eabi/lib/thumb/v7-m/nofp/libc_nano.a(libc_a-sprintf.o)
 .debug_frame   0x00003744       0x20 /opt/arm-gnu-toolchain-14.3.rel1-x86_64-arm-none-eabi/bin/../lib/gcc/arm-none-eabi/14.3.1/../../../../arm-none-eabi/lib/thumb/v7-m/nofp/libc_nano.a(libc_a-memset.o)
 .debug_frame   0x00003764       0x28 /opt/arm-gnu-toolchain-14.3.rel1-x86_64-arm-none-eabi/bin/../lib/gcc/arm-none-eabi/14.3.1/../../../../arm-none-eabi/lib/thumb/v7-m/nofp/libc_nano.a(libc_a-strncmp.o)
 .debug_frame   0x0000378c       0x38 /opt/arm-gnu-toolchain-14.3.rel1-x86_64-arm-none-eabi/bin/../lib/gcc/arm-none-eabi/14.3.1/../../../../arm-none-eabi/lib/thumb/v7-m/nofp/libc_nano.a(libc_a-reent.o)
 .debug_frame   0x000037c4       0x2c /opt/arm-gnu-toolchain-14.3.rel1-x86_64-arm-none-eabi/bin/../lib/gcc/arm-none-eabi/14.3.1/../../../../arm-none-eabi/lib/thumb/v7-m/nofp/libc_nano.a(libc_a-init.o)
 .debug_frame   0x000037f0       0xb0 /opt/arm-gnu-toolchain-14.3.rel1-x86_64-arm-none-eabi/bin/../lib/gcc/arm-none-eabi/14.3.1/../../../../arm-none-eabi/lib/thumb/v7-m/nofp/libc_nano.a(libc_a-lock.o)
 .debug_frame   0x000038a0       0x20 /opt/arm-gnu-toolchain-14.3.rel1-x86_64-arm-none-eabi/bin/../lib/gcc/arm-none-eabi/14.3.1/../../../../arm-none-eabi/lib/thumb/v7-m/nofp/libc_nano.a(libc_a-strlen.o)
 .debug_frame   0x000038c0       0x38 /opt/arm-gnu-toolchain-14.3.rel1-x86_64-arm-none-eabi/bin/../lib/gcc/arm-none-eabi/14.3.1/../../../../arm-none-eabi/lib/thumb/v7-m/nofp/libc_nano.a(libc_a-freer.o)
 .debug_frame   0x000038f8       0x50 /opt/arm-gnu-toolchain-14.3.rel1-x86_64-arm-none-eabi/bin/../lib/gcc/arm-none-eabi/14.3.1/../../../../arm-none-eabi/lib/thumb/v7-m/nofp/libc_nano.a(libc_a-mallocr.o)
 .debug_frame   0x00003948       0x30 /opt/arm-gnu-toolchain-14.3.rel1-x86_64-arm-none-eabi/bin/../lib/gcc/arm-none-eabi/14.3.1/../../../../arm-none-eabi/lib/thumb/v7-m/nofp/libc_nano.a(libc_a-mlock.o)
 .debug_frame   0x00003978       0x90 /opt/arm-gnu-toolchain-14.3.rel1-x86_64-arm-none-eabi/bin/../lib/gcc/arm-none-eabi/14.3.1/../../../../arm-none-eabi/lib/thumb/v7-m/nofp/libc_nano.a(libc_a-nano-svfprintf.o)
 .debug_frame   0x00003a08       0x60 /opt/arm-gnu-toolchain-14.3.rel1-x86_64-arm-none-eabi/bin/../lib/gcc/arm-none-eabi/14.3.1/../../../../arm-none-eabi/lib/thumb/v7-m/nofp/libc_nano.a(libc_a-nano-vfprintf_i.o)
 .debug_frame   0x00003a68       0x28 /opt/arm-gnu-toolchain-14.3.rel1-x86_64-arm-none-eabi/bin/../lib/gcc/arm-none-eabi/14.3.1/../../../../arm-none-eabi/lib/thumb/v7-m/nofp/libc_nano.a(libc_a-memmove.o)
 .debug_frame   0x00003a90       0x2c /opt/arm-gnu-toolchain-14.3.rel1-x86_64-arm-none-eabi/bin/../lib/gcc/arm-none-eabi/14.3.1/../../../../arm-none-eabi/lib/thumb/v7-m/nofp/libc_nano.a(libc_a-sbrkr.o)
 .debug_frame   0x00003abc       0x28 /opt/arm-gnu-toolchain-14.3.rel1-x86_64-arm-none-eabi/bin/../lib/gcc/arm-none-eabi/14.3.1/../../../../arm-none-eabi/lib/thumb/v7-m/nofp/libc_nano.a(libc_a-memchr-stub.o)
 .debug_frame   0x00003ae4       0x28 /opt/arm-gnu-toolchain-14.3.rel1-x86_64-arm-none-eabi/bin/../lib/gcc/arm-none-eabi/14.3.1/../../../../arm-none-eabi/lib/thumb/v7-m/nofp/libc_nano.a(libc_a-memcpy-stub.o)
 .debug_frame   0x00003b0c       0x3c /opt/arm-gnu-toolchain-14.3.rel1-x86_64-arm-none-eabi/bin/../lib/gcc/arm-none-eabi/14.3.1/../../../../arm-none-eabi/lib/thumb/v7-m/nofp/libc_nano.a(libc_a-reallocr.o)
 .debug_frame   0x00003b48       0x20 /opt/arm-gnu-toolchain-14.3.rel1-x86_64-arm-none-eabi/bin/../lib/gcc/arm-none-eabi/14.3.1/../../../../arm-none-eabi/lib/thumb/v7-m/nofp/libc_nano.a(libc_a-msizer.o)
 .debug_frame   0x00003b68       0x20 /opt/arm-gnu-toolchain-14.3.rel1-x86_64-arm-none-eabi/bin/../lib/gcc/arm-none-eabi/14.3.1/../../../../arm-none-eabi/lib/thumb/v7-m/nofp/libnosys.a(sbrk.o)

.debug_line_str
                0x00000000       0xe0
 .debug_line_str
                0x00000000       0xe0 /opt/arm-gnu-toolchain-14.3.rel1-x86_64-arm-none-eabi/bin/../lib/gcc/arm-none-eabi/14.3.1/../../../../arm-none-eabi/lib/thumb/v7-m/nofp/libc_nano.a(libc_a-strlen.o)

Cross Reference Table

Symbol                                            File
ADC1_2_IRQHandler                                 build/startup_stm32f103xb.o
AHBPrescTable                                     build/system_stm32f1xx.o
                                                  build/stm32f1xx_hal_rcc.o
APBPrescTable                                     build/system_stm32f1xx.o
                                                  build/stm32f1xx_hal_rcc.o
BusFault_Handler                                  build/stm32f1xx_it.o
CAN                                               build/Cu_main.o
CAN1_RX1_IRQHandler                               build/startup_stm32f103xb.o
CAN1_SCE_IRQHandler                               build/startup_stm32f103xb.o
CAN_Add_Filter_Discrete                           build/can_al.o
                                                  build/Cu_main.o
CAN_ISR_FLAG                                      build/can_al.o
                                                  build/Cu_main.o
CAN_Pack_TX_2Byte                                 build/can_al.o
CAN_Send                                          build/can_al.o
CAN_Start                                         build/can_al.o
                                                  build/Cu_main.o
CAN_Unpack_RX_2Byte                               build/can_al.o
Cu_main                                           build/Cu_main.o
                                                  build/main.o
DMA1_Channel1_IRQHandler                          build/startup_stm32f103xb.o
DMA1_Channel2_IRQHandler                          build/startup_stm32f103xb.o
DMA1_Channel3_IRQHandler                          build/startup_stm32f103xb.o
DMA1_Channel4_IRQHandler                          build/startup_stm32f103xb.o
DMA1_Channel5_IRQHandler                          build/startup_stm32f103xb.o
DMA1_Channel6_IRQHandler                          build/startup_stm32f103xb.o
DMA1_Channel7_IRQHandler                          build/startup_stm32f103xb.o
DebugMon_Handler                                  build/stm32f1xx_it.o
Debug_HAL_function_assert                         build/debug.o
                                                  build/Cu_main.o
Debug_clear_buffer                                build/debug.o
Debug_print                                       build/debug.o
                                                  build/Cu_main.o
Default_Handler                                   build/startup_stm32f103xb.o
EXTI0_IRQHandler                                  build/startup_stm32f103xb.o
EXTI15_10_IRQHandler                              build/startup_stm32f103xb.o
EXTI1_IRQHandler                                  build/startup_stm32f103xb.o
EXTI2_IRQHandler                                  build/startup_stm32f103xb.o
EXTI3_IRQHandler                                  build/startup_stm32f103xb.o
EXTI4_IRQHandler                                  build/startup_stm32f103xb.o
EXTI9_5_IRQHandler                                build/startup_stm32f103xb.o
Error_Handler                                     build/main.o
                                                  build/tim.o
                                                  build/spi.o
                                                  build/usart.o
                                                  build/can.o
FATFS_GetAttachedDriversNbr                       build/ff_gen_drv.o
FATFS_LinkDriver                                  build/ff_gen_drv.o
                                                  build/fatfs.o
FATFS_LinkDriverEx                                build/ff_gen_drv.o
FATFS_UnLinkDriver                                build/ff_gen_drv.o
FATFS_UnLinkDriverEx                              build/ff_gen_drv.o
FLASH_IRQHandler                                  build/startup_stm32f103xb.o
FLASH_PageErase                                   build/stm32f1xx_hal_flash_ex.o
                                                  build/stm32f1xx_hal_flash.o
FLASH_WaitForLastOperation                        build/stm32f1xx_hal_flash.o
                                                  build/stm32f1xx_hal_flash_ex.o
FatFsCnt                                          build/stm32f1xx_it.o
HAL_CAN_AbortTxRequest                            build/stm32f1xx_hal_can.o
HAL_CAN_ActivateNotification                      build/stm32f1xx_hal_can.o
                                                  build/can_al.o
HAL_CAN_AddTxMessage                              build/stm32f1xx_hal_can.o
                                                  build/can_al.o
HAL_CAN_ConfigFilter                              build/stm32f1xx_hal_can.o
                                                  build/can_al.o
HAL_CAN_DeInit                                    build/stm32f1xx_hal_can.o
HAL_CAN_DeactivateNotification                    build/stm32f1xx_hal_can.o
HAL_CAN_ErrorCallback                             build/stm32f1xx_hal_can.o
HAL_CAN_GetError                                  build/stm32f1xx_hal_can.o
HAL_CAN_GetRxFifoFillLevel                        build/stm32f1xx_hal_can.o
HAL_CAN_GetRxMessage                              build/stm32f1xx_hal_can.o
                                                  build/can_al.o
HAL_CAN_GetState                                  build/stm32f1xx_hal_can.o
HAL_CAN_GetTxMailboxesFreeLevel                   build/stm32f1xx_hal_can.o
HAL_CAN_GetTxTimestamp                            build/stm32f1xx_hal_can.o
HAL_CAN_IRQHandler                                build/stm32f1xx_hal_can.o
                                                  build/stm32f1xx_it.o
HAL_CAN_Init                                      build/stm32f1xx_hal_can.o
                                                  build/can.o
HAL_CAN_IsSleepActive                             build/stm32f1xx_hal_can.o
HAL_CAN_IsTxMessagePending                        build/stm32f1xx_hal_can.o
HAL_CAN_MspDeInit                                 build/can.o
                                                  build/stm32f1xx_hal_can.o
HAL_CAN_MspInit                                   build/can.o
                                                  build/stm32f1xx_hal_can.o
HAL_CAN_RequestSleep                              build/stm32f1xx_hal_can.o
HAL_CAN_ResetError                                build/stm32f1xx_hal_can.o
HAL_CAN_RxFifo0FullCallback                       build/stm32f1xx_hal_can.o
HAL_CAN_RxFifo0MsgPendingCallback                 build/can_al.o
                                                  build/stm32f1xx_hal_can.o
HAL_CAN_RxFifo1FullCallback                       build/stm32f1xx_hal_can.o
HAL_CAN_RxFifo1MsgPendingCallback                 build/stm32f1xx_hal_can.o
HAL_CAN_SleepCallback                             build/stm32f1xx_hal_can.o
HAL_CAN_Start                                     build/stm32f1xx_hal_can.o
                                                  build/can_al.o
HAL_CAN_Stop                                      build/stm32f1xx_hal_can.o
HAL_CAN_TxMailbox0AbortCallback                   build/stm32f1xx_hal_can.o
HAL_CAN_TxMailbox0CompleteCallback                build/stm32f1xx_hal_can.o
HAL_CAN_TxMailbox1AbortCallback                   build/stm32f1xx_hal_can.o
HAL_CAN_TxMailbox1CompleteCallback                build/stm32f1xx_hal_can.o
HAL_CAN_TxMailbox2AbortCallback                   build/stm32f1xx_hal_can.o
HAL_CAN_TxMailbox2CompleteCallback                build/stm32f1xx_hal_can.o
HAL_CAN_WakeUp                                    build/stm32f1xx_hal_can.o
HAL_CAN_WakeUpFromRxMsgCallback                   build/stm32f1xx_hal_can.o
HAL_DBGMCU_DisableDBGSleepMode                    build/stm32f1xx_hal.o
HAL_DBGMCU_DisableDBGStandbyMode                  build/stm32f1xx_hal.o
HAL_DBGMCU_DisableDBGStopMode                     build/stm32f1xx_hal.o
HAL_DBGMCU_EnableDBGSleepMode                     build/stm32f1xx_hal.o
HAL_DBGMCU_EnableDBGStandbyMode                   build/stm32f1xx_hal.o
HAL_DBGMCU_EnableDBGStopMode                      build/stm32f1xx_hal.o
HAL_DMA_Abort                                     build/stm32f1xx_hal_dma.o
                                                  build/stm32f1xx_hal_spi.o
                                                  build/stm32f1xx_hal_uart.o
HAL_DMA_Abort_IT                                  build/stm32f1xx_hal_dma.o
                                                  build/stm32f1xx_hal_tim_ex.o
                                                  build/stm32f1xx_hal_tim.o
                                                  build/stm32f1xx_hal_spi.o
                                                  build/stm32f1xx_hal_uart.o
HAL_DMA_DeInit                                    build/stm32f1xx_hal_dma.o
HAL_DMA_GetError                                  build/stm32f1xx_hal_dma.o
                                                  build/stm32f1xx_hal_uart.o
HAL_DMA_GetState                                  build/stm32f1xx_hal_dma.o
HAL_DMA_IRQHandler                                build/stm32f1xx_hal_dma.o
HAL_DMA_Init                                      build/stm32f1xx_hal_dma.o
HAL_DMA_PollForTransfer                           build/stm32f1xx_hal_dma.o
HAL_DMA_RegisterCallback                          build/stm32f1xx_hal_dma.o
HAL_DMA_Start                                     build/stm32f1xx_hal_dma.o
HAL_DMA_Start_IT                                  build/stm32f1xx_hal_dma.o
                                                  build/stm32f1xx_hal_tim_ex.o
                                                  build/stm32f1xx_hal_tim.o
                                                  build/stm32f1xx_hal_spi.o
                                                  build/stm32f1xx_hal_uart.o
HAL_DMA_UnRegisterCallback                        build/stm32f1xx_hal_dma.o
HAL_DeInit                                        build/stm32f1xx_hal.o
HAL_Delay                                         build/stm32f1xx_hal.o
                                                  build/fatfs_sd.o
                                                  build/debug.o
                                                  build/Cu_main.o
HAL_EXTI_ClearConfigLine                          build/stm32f1xx_hal_exti.o
HAL_EXTI_ClearPending                             build/stm32f1xx_hal_exti.o
HAL_EXTI_GenerateSWI                              build/stm32f1xx_hal_exti.o
HAL_EXTI_GetConfigLine                            build/stm32f1xx_hal_exti.o
HAL_EXTI_GetHandle                                build/stm32f1xx_hal_exti.o
HAL_EXTI_GetPending                               build/stm32f1xx_hal_exti.o
HAL_EXTI_IRQHandler                               build/stm32f1xx_hal_exti.o
HAL_EXTI_RegisterCallback                         build/stm32f1xx_hal_exti.o
HAL_EXTI_SetConfigLine                            build/stm32f1xx_hal_exti.o
HAL_FLASHEx_Erase                                 build/stm32f1xx_hal_flash_ex.o
HAL_FLASHEx_Erase_IT                              build/stm32f1xx_hal_flash_ex.o
HAL_FLASHEx_OBErase                               build/stm32f1xx_hal_flash_ex.o
HAL_FLASHEx_OBGetConfig                           build/stm32f1xx_hal_flash_ex.o
HAL_FLASHEx_OBGetUserData                         build/stm32f1xx_hal_flash_ex.o
HAL_FLASHEx_OBProgram                             build/stm32f1xx_hal_flash_ex.o
HAL_FLASH_EndOfOperationCallback                  build/stm32f1xx_hal_flash.o
HAL_FLASH_GetError                                build/stm32f1xx_hal_flash.o
HAL_FLASH_IRQHandler                              build/stm32f1xx_hal_flash.o
HAL_FLASH_Lock                                    build/stm32f1xx_hal_flash.o
HAL_FLASH_OB_Launch                               build/stm32f1xx_hal_flash.o
HAL_FLASH_OB_Lock                                 build/stm32f1xx_hal_flash.o
HAL_FLASH_OB_Unlock                               build/stm32f1xx_hal_flash.o
HAL_FLASH_OperationErrorCallback                  build/stm32f1xx_hal_flash.o
HAL_FLASH_Program                                 build/stm32f1xx_hal_flash.o
HAL_FLASH_Program_IT                              build/stm32f1xx_hal_flash.o
HAL_FLASH_Unlock                                  build/stm32f1xx_hal_flash.o
HAL_GPIOEx_ConfigEventout                         build/stm32f1xx_hal_gpio_ex.o
HAL_GPIOEx_DisableEventout                        build/stm32f1xx_hal_gpio_ex.o
HAL_GPIOEx_EnableEventout                         build/stm32f1xx_hal_gpio_ex.o
HAL_GPIO_DeInit                                   build/stm32f1xx_hal_gpio.o
                                                  build/spi.o
                                                  build/usart.o
                                                  build/can.o
HAL_GPIO_EXTI_Callback                            build/stm32f1xx_hal_gpio.o
HAL_GPIO_EXTI_IRQHandler                          build/stm32f1xx_hal_gpio.o
HAL_GPIO_Init                                     build/stm32f1xx_hal_gpio.o
                                                  build/spi.o
                                                  build/usart.o
                                                  build/can.o
                                                  build/gpio.o
                                                  build/stm32f1xx_hal_rcc.o
HAL_GPIO_LockPin                                  build/stm32f1xx_hal_gpio.o
HAL_GPIO_ReadPin                                  build/stm32f1xx_hal_gpio.o
HAL_GPIO_TogglePin                                build/stm32f1xx_hal_gpio.o
HAL_GPIO_WritePin                                 build/stm32f1xx_hal_gpio.o
                                                  build/fatfs_sd.o
                                                  build/gpio.o
HAL_GetDEVID                                      build/stm32f1xx_hal.o
HAL_GetHalVersion                                 build/stm32f1xx_hal.o
HAL_GetREVID                                      build/stm32f1xx_hal.o
HAL_GetTick                                       build/stm32f1xx_hal.o
                                                  build/stm32f1xx_hal_spi.o
                                                  build/Cu_main.o
                                                  build/stm32f1xx_hal_uart.o
                                                  build/stm32f1xx_hal_flash.o
                                                  build/stm32f1xx_hal_dma.o
                                                  build/stm32f1xx_hal_rcc_ex.o
                                                  build/stm32f1xx_hal_rcc.o
                                                  build/stm32f1xx_hal_can.o
HAL_GetTickFreq                                   build/stm32f1xx_hal.o
HAL_GetTickPrio                                   build/stm32f1xx_hal.o
HAL_GetUIDw0                                      build/stm32f1xx_hal.o
HAL_GetUIDw1                                      build/stm32f1xx_hal.o
HAL_GetUIDw2                                      build/stm32f1xx_hal.o